top-arabic-artist-100: 141 weeks total, 0 present, 141 to fetch
  📥 Scraping top-arabic-artist-100 for 2023-12-16... ✓ (25 songs)
  📥 Scraping top-arabic-artist-100 for 2023-12-23... ✓ (25 songs)
  📥 Scraping top-arabic-artist-100 for 2023-12-30... ✓ (25 songs)
  📥 Scraping top-arabic-artist-100 for 2024-01-06... ✓ (25 songs)
  📥 Scraping top-arabic-artist-100 for 2024-01-13... ✓ (25 songs)
  📥 Scraping top-arabic-artist-100 for 2024-01-20... ✓ (25 songs)
  📥 Scraping top-arabic-artist-100 for 2024-01-27... ✓ (25 songs)
  📥 Scraping top-arabic-artist-100 for 2024-02-03... ✓ (25 songs)
  📥 Scraping top-arabic-artist-100 for 2024-02-10... ✓ (25 songs)
  📥 Scraping top-arabic-artist-100 for 2024-02-17... ✓ (25 songs)
  📥 Scraping top-arabic-artist-100 for 2024-02-24... ✓ (25 songs)
  📥 Scraping top-arabic-artist-100 for 2024-03-02... ✓ (25 songs)
  📥 Scraping top-arabic-artist-100 for 2024-03-09... ✓ (25 songs)
  📥 Scraping top-arabic-artist-100 for 2024-03-16... ✓ (25 songs)
  📥 Scraping top-arabic-artist-100 for 2024-03-23... ✓ (25 songs)
  📥 Scraping top-arabic-artist-100 for 2024-03-30... ✓ (25 songs)
  📥 Scraping top-arabic-artist-100 for 2024-04-06... ✓ (25 songs)
  📥 Scraping top-arabic-artist-100 for 2024-04-13... ✓ (25 songs)
  📥 Scraping top-arabic-artist-100 for 2024-04-20... ✓ (25 songs)
  📥 Scraping top-arabic-artist-100 for 2024-04-27... ✓ (25 songs)
  📥 Scraping top-arabic-artist-100 for 2024-05-04... ✓ (25 songs)
  📥 Scraping top-arabic-artist-100 for 2024-05-11... ✓ (25 songs)
  📥 Scraping top-arabic-artist-100 for 2024-05-18... ✓ (25 songs)
  📥 Scraping top-arabic-artist-100 for 2024-05-25... ✓ (25 songs)
  📥 Scraping top-arabic-artist-100 for 2024-06-01... ✓ (25 songs)
  top-arabic-artist-100: 25/141 fetched, 0 failed, 0 clamped
  📥 Scraping top-arabic-artist-100 for 2024-06-08... ✓ (25 songs)
  📥 Scraping top-arabic-artist-100 for 2024-06-15... ✓ (25 songs)
  📥 Scraping top-arabic-artist-100 for 2024-06-22... ✓ (25 songs)
  📥 Scraping top-arabic-artist-100 for 2024-06-29... ✓ (25 songs)
  📥 Scraping top-arabic-artist-100 for 2024-07-06... ✓ (25 songs)
  📥 Scraping top-arabic-artist-100 for 2024-07-13... ✓ (25 songs)
  📥 Scraping top-arabic-artist-100 for 2024-07-20... ✓ (25 songs)
  📥 Scraping top-arabic-artist-100 for 2024-07-27... ✓ (25 songs)
  📥 Scraping top-arabic-artist-100 for 2024-08-03... ✓ (25 songs)
  📥 Scraping top-arabic-artist-100 for 2024-08-10... ✓ (25 songs)
  📥 Scraping top-arabic-artist-100 for 2024-08-17... ✓ (25 songs)
  📥 Scraping top-arabic-artist-100 for 2024-08-24... ✓ (25 songs)
  📥 Scraping top-arabic-artist-100 for 2024-08-31... ✓ (25 songs)
  📥 Scraping top-arabic-artist-100 for 2024-09-07... ✓ (25 songs)
  📥 Scraping top-arabic-artist-100 for 2024-09-14... ✓ (25 songs)
  📥 Scraping top-arabic-artist-100 for 2024-09-21... ✓ (25 songs)
  📥 Scraping top-arabic-artist-100 for 2024-09-28... ✓ (25 songs)
  📥 Scraping top-arabic-artist-100 for 2024-10-05... ✓ (25 songs)
  📥 Scraping top-arabic-artist-100 for 2024-10-12... ✓ (25 songs)
  📥 Scraping top-arabic-artist-100 for 2024-10-19... ✓ (25 songs)
  📥 Scraping top-arabic-artist-100 for 2024-10-26... ✓ (25 songs)
  📥 Scraping top-arabic-artist-100 for 2024-11-02... ✓ (25 songs)
  📥 Scraping top-arabic-artist-100 for 2024-11-09... ✓ (25 songs)
  📥 Scraping top-arabic-artist-100 for 2024-11-16... ✓ (25 songs)
  📥 Scraping top-arabic-artist-100 for 2024-11-23... ✓ (25 songs)
  top-arabic-artist-100: 50/141 fetched, 0 failed, 0 clamped
  📥 Scraping top-arabic-artist-100 for 2024-11-30... ✓ (25 songs)
  📥 Scraping top-arabic-artist-100 for 2024-12-07... ✓ (25 songs)
  📥 Scraping top-arabic-artist-100 for 2024-12-14... ✓ (25 songs)
  📥 Scraping top-arabic-artist-100 for 2024-12-21... ✓ (25 songs)
  📥 Scraping top-arabic-artist-100 for 2024-12-28... ✓ (25 songs)
  📥 Scraping top-arabic-artist-100 for 2025-01-04... ✓ (25 songs)
  📥 Scraping top-arabic-artist-100 for 2025-01-11... ✓ (25 songs)
  📥 Scraping top-arabic-artist-100 for 2025-01-18... ✓ (25 songs)
  📥 Scraping top-arabic-artist-100 for 2025-01-25... ✓ (25 songs)
  📥 Scraping top-arabic-artist-100 for 2025-02-01... ✓ (25 songs)
  📥 Scraping top-arabic-artist-100 for 2025-02-08... ✓ (25 songs)
  📥 Scraping top-arabic-artist-100 for 2025-02-15... ✓ (25 songs)
  📥 Scraping top-arabic-artist-100 for 2025-02-22... ✓ (25 songs)
  📥 Scraping top-arabic-artist-100 for 2025-03-01... ✓ (25 songs)
  📥 Scraping top-arabic-artist-100 for 2025-03-08... ✓ (25 songs)
  📥 Scraping top-arabic-artist-100 for 2025-03-15... ✓ (25 songs)
  📥 Scraping top-arabic-artist-100 for 2025-03-22... ✓ (25 songs)
  📥 Scraping top-arabic-artist-100 for 2025-03-29... ✓ (25 songs)
  📥 Scraping top-arabic-artist-100 for 2025-04-05... ✓ (25 songs)
  📥 Scraping top-arabic-artist-100 for 2025-04-12... ✓ (25 songs)
  📥 Scraping top-arabic-artist-100 for 2025-04-19... ✓ (25 songs)
  📥 Scraping top-arabic-artist-100 for 2025-04-26... ✓ (25 songs)
  📥 Scraping top-arabic-artist-100 for 2025-05-03... ✓ (25 songs)
  📥 Scraping top-arabic-artist-100 for 2025-05-10... ✓ (25 songs)
  📥 Scraping top-arabic-artist-100 for 2025-05-17... ✓ (25 songs)
  top-arabic-artist-100: 75/141 fetched, 0 failed, 0 clamped
  📥 Scraping top-arabic-artist-100 for 2025-05-24... ✓ (25 songs)
  📥 Scraping top-arabic-artist-100 for 2025-05-31... ✓ (25 songs)
  📥 Scraping top-arabic-artist-100 for 2025-06-07... ✓ (25 songs)
  📥 Scraping top-arabic-artist-100 for 2025-06-14... ✓ (25 songs)
  📥 Scraping top-arabic-artist-100 for 2025-06-21... ✓ (25 songs)
  📥 Scraping top-arabic-artist-100 for 2025-06-28... ✓ (25 songs)
  📥 Scraping top-arabic-artist-100 for 2025-07-05... ✓ (25 songs)
  📥 Scraping top-arabic-artist-100 for 2025-07-12... ✓ (25 songs)
  📥 Scraping top-arabic-artist-100 for 2025-07-19... ✓ (25 songs)
  📥 Scraping top-arabic-artist-100 for 2025-07-26... ✓ (25 songs)
  📥 Scraping top-arabic-artist-100 for 2025-08-02... ✓ (25 songs)
  📥 Scraping top-arabic-artist-100 for 2025-08-09... ✓ (25 songs)
  📥 Scraping top-arabic-artist-100 for 2025-08-16... ✓ (25 songs)
  📥 Scraping top-arabic-artist-100 for 2025-08-23... ✓ (25 songs)
  📥 Scraping top-arabic-artist-100 for 2025-08-30... ✓ (25 songs)
  📥 Scraping top-arabic-artist-100 for 2025-09-06... ✓ (25 songs)
  📥 Scraping top-arabic-artist-100 for 2025-09-13... ✓ (25 songs)
  📥 Scraping top-arabic-artist-100 for 2025-09-20... ✓ (25 songs)
  📥 Scraping top-arabic-artist-100 for 2025-09-27... ✓ (25 songs)
  📥 Scraping top-arabic-artist-100 for 2025-10-04... ✓ (25 songs)
  📥 Scraping top-arabic-artist-100 for 2025-10-11... ✓ (25 songs)
  📥 Scraping top-arabic-artist-100 for 2025-10-18... ✓ (25 songs)
  📥 Scraping top-arabic-artist-100 for 2025-10-25... ✓ (25 songs)
  📥 Scraping top-arabic-artist-100 for 2025-11-01... ✓ (25 songs)
  📥 Scraping top-arabic-artist-100 for 2025-11-08... ✓ (25 songs)
  top-arabic-artist-100: 100/141 fetched, 0 failed, 0 clamped
  📥 Scraping top-arabic-artist-100 for 2025-11-15... ✓ (25 songs)
  📥 Scraping top-arabic-artist-100 for 2025-11-22... ✓ (25 songs)
  📥 Scraping top-arabic-artist-100 for 2025-11-29... ✓ (25 songs)
  📥 Scraping top-arabic-artist-100 for 2025-12-06... ✓ (25 songs)
  📥 Scraping top-arabic-artist-100 for 2025-12-13... ✓ (25 songs)
  📥 Scraping top-arabic-artist-100 for 2025-12-20... ✓ (25 songs)
  📥 Scraping top-arabic-artist-100 for 2025-12-27... ✓ (25 songs)
  📥 Scraping top-arabic-artist-100 for 2026-01-03... ✓ (25 songs)
  📥 Scraping top-arabic-artist-100 for 2026-01-10... ✓ (25 songs)
  📥 Scraping top-arabic-artist-100 for 2026-01-17... ✓ (25 songs)
  📥 Scraping top-arabic-artist-100 for 2026-01-24... ✓ (25 songs)
  📥 Scraping top-arabic-artist-100 for 2026-01-31... ✓ (25 songs)
  📥 Scraping top-arabic-artist-100 for 2026-02-07... ✓ (25 songs)
  📥 Scraping top-arabic-artist-100 for 2026-02-14... ✓ (25 songs)
  📥 Scraping top-arabic-artist-100 for 2026-02-21... ✗ Billboard served 2026-02-28, not 2026-02-21 — skipping
  📥 Scraping top-arabic-artist-100 for 2026-02-21... ✗ Billboard served 2026-02-28, not 2026-02-21 — skipping
  📥 Scraping top-arabic-artist-100 for 2026-02-21... ✗ Billboard served 2026-02-28, not 2026-02-21 — skipping
  📥 Scraping top-arabic-artist-100 for 2026-02-28... ✓ (25 songs)
  📥 Scraping top-arabic-artist-100 for 2026-03-07... ✓ (25 songs)
  📥 Scraping top-arabic-artist-100 for 2026-03-14... ✓ (25 songs)
  📥 Scraping top-arabic-artist-100 for 2026-03-21... ✓ (25 songs)
  📥 Scraping top-arabic-artist-100 for 2026-03-28... ✓ (25 songs)
  📥 Scraping top-arabic-artist-100 for 2026-04-04... ✓ (25 songs)
  📥 Scraping top-arabic-artist-100 for 2026-04-11... ✓ (25 songs)
  📥 Scraping top-arabic-artist-100 for 2026-04-18... ✓ (25 songs)
  📥 Scraping top-arabic-artist-100 for 2026-04-25... ✓ (25 songs)
  📥 Scraping top-arabic-artist-100 for 2026-05-02... ✓ (25 songs)
  top-arabic-artist-100: 125/141 fetched, 1 failed, 0 clamped
  📥 Scraping top-arabic-artist-100 for 2026-05-09... ✓ (25 songs)
  📥 Scraping top-arabic-artist-100 for 2026-05-16... ✓ (25 songs)
  📥 Scraping top-arabic-artist-100 for 2026-05-23... ✓ (25 songs)
  📥 Scraping top-arabic-artist-100 for 2026-05-30... ✓ (25 songs)
  📥 Scraping top-arabic-artist-100 for 2026-06-06... ✓ (25 songs)
  📥 Scraping top-arabic-artist-100 for 2026-06-13... ✓ (25 songs)
  📥 Scraping top-arabic-artist-100 for 2026-06-20... ✓ (25 songs)
  📥 Scraping top-arabic-artist-100 for 2026-06-27... ✓ (25 songs)
  📥 Scraping top-arabic-artist-100 for 2026-07-04... ✓ (25 songs)
  📥 Scraping top-arabic-artist-100 for 2026-07-11... ✓ (25 songs)
  📥 Scraping top-arabic-artist-100 for 2026-07-18... ✓ (25 songs)
  📥 Scraping top-arabic-artist-100 for 2026-07-25... ✓ (25 songs)
  📥 Scraping top-arabic-artist-100 for 2026-08-01... ✓ (25 songs)
  📥 Scraping top-arabic-artist-100 for 2026-08-08... ✓ (25 songs)
  📥 Scraping top-arabic-artist-100 for 2026-08-15... ✓ (25 songs)
  📥 Scraping top-arabic-artist-100 for 2026-08-22... ✗ No chart date on page (redirect or markup change) — skipping
  📥 Scraping top-arabic-artist-100 for 2026-08-22... ✗ No chart date on page (redirect or markup change) — skipping
  📥 Scraping top-arabic-artist-100 for 2026-08-22... ✗ No chart date on page (redirect or markup change) — skipping
DONE top-arabic-artist-100: 139 weeks, 2023-12-16 -> 2026-08-15, 2 failed, 0 clamped/skipped
  failed weeks (first 20): ['2026-02-21', '2026-08-22']
