cast-albums: 1076 weeks total, 1010 present, 66 to fetch
  📥 Scraping cast-albums for 2021-08-14... ✗ No chart date on page (redirect or markup change) — skipping
  📥 Scraping cast-albums for 2021-08-14... ✓ (15 songs)
  📥 Scraping cast-albums for 2023-10-28... ✓ (10 songs)
  📥 Scraping cast-albums for 2023-11-04... ✓ (10 songs)
  📥 Scraping cast-albums for 2023-11-11... ✓ (10 songs)
  📥 Scraping cast-albums for 2023-11-18... ✓ (10 songs)
  📥 Scraping cast-albums for 2023-11-25... ✓ (10 songs)
  📥 Scraping cast-albums for 2023-12-02... ✓ (10 songs)
  📥 Scraping cast-albums for 2023-12-09... ✓ (10 songs)
  📥 Scraping cast-albums for 2023-12-16... ✓ (10 songs)
  📥 Scraping cast-albums for 2023-12-23... ✓ (10 songs)
  📥 Scraping cast-albums for 2023-12-30... ✓ (10 songs)
  📥 Scraping cast-albums for 2024-01-06... ✓ (10 songs)
  📥 Scraping cast-albums for 2024-01-13... ✓ (10 songs)
  📥 Scraping cast-albums for 2024-01-20... ✓ (10 songs)
  📥 Scraping cast-albums for 2024-01-27... ✓ (10 songs)
  📥 Scraping cast-albums for 2024-02-03... ✓ (10 songs)
  📥 Scraping cast-albums for 2024-02-10... ✓ (10 songs)
  📥 Scraping cast-albums for 2024-02-17... ✓ (10 songs)
  📥 Scraping cast-albums for 2024-02-24... ✓ (10 songs)
  📥 Scraping cast-albums for 2024-03-02... ✓ (10 songs)
  📥 Scraping cast-albums for 2024-03-09... ✓ (10 songs)
  📥 Scraping cast-albums for 2024-03-16... ✓ (10 songs)
  📥 Scraping cast-albums for 2024-03-23... ✓ (10 songs)
  📥 Scraping cast-albums for 2024-03-30... ✓ (10 songs)
  📥 Scraping cast-albums for 2024-04-06... ✓ (10 songs)
  cast-albums: 25/66 fetched, 0 failed, 0 clamped
  📥 Scraping cast-albums for 2024-04-13... ✓ (10 songs)
  📥 Scraping cast-albums for 2024-04-20... ✓ (10 songs)
  📥 Scraping cast-albums for 2024-04-27... ✓ (10 songs)
  📥 Scraping cast-albums for 2024-05-04... ✓ (10 songs)
  📥 Scraping cast-albums for 2024-05-11... ✓ (10 songs)
  📥 Scraping cast-albums for 2024-05-18... ✓ (10 songs)
  📥 Scraping cast-albums for 2024-05-25... ✓ (10 songs)
  📥 Scraping cast-albums for 2024-06-01... ✓ (10 songs)
  📥 Scraping cast-albums for 2024-06-08... ✓ (10 songs)
  📥 Scraping cast-albums for 2024-06-15... ✓ (10 songs)
  📥 Scraping cast-albums for 2024-06-22... ✓ (10 songs)
  📥 Scraping cast-albums for 2024-06-29... ✓ (10 songs)
  📥 Scraping cast-albums for 2024-07-06... ✓ (10 songs)
  📥 Scraping cast-albums for 2024-07-13... ✓ (10 songs)
  📥 Scraping cast-albums for 2024-07-20... ✓ (10 songs)
  📥 Scraping cast-albums for 2024-07-27... ✓ (10 songs)
  📥 Scraping cast-albums for 2024-08-03... ✓ (10 songs)
  📥 Scraping cast-albums for 2024-08-10... ✓ (10 songs)
  📥 Scraping cast-albums for 2024-08-17... ✓ (10 songs)
  📥 Scraping cast-albums for 2024-08-24... ✓ (10 songs)
  📥 Scraping cast-albums for 2024-08-31... ✓ (10 songs)
  📥 Scraping cast-albums for 2024-09-07... ✓ (10 songs)
  📥 Scraping cast-albums for 2024-09-14... ✓ (10 songs)
  📥 Scraping cast-albums for 2024-09-21... ✓ (10 songs)
  📥 Scraping cast-albums for 2024-09-28... ✓ (10 songs)
  cast-albums: 50/66 fetched, 0 failed, 0 clamped
  📥 Scraping cast-albums for 2024-10-05... ✓ (10 songs)
  📥 Scraping cast-albums for 2024-10-12... ✓ (10 songs)
  📥 Scraping cast-albums for 2024-10-19... ✓ (10 songs)
  📥 Scraping cast-albums for 2024-10-26... ✓ (10 songs)
  📥 Scraping cast-albums for 2024-11-02... ✓ (10 songs)
  📥 Scraping cast-albums for 2024-11-09... ✓ (10 songs)
  📥 Scraping cast-albums for 2024-11-16... ✓ (10 songs)
  📥 Scraping cast-albums for 2024-11-23... ✓ (10 songs)
  📥 Scraping cast-albums for 2024-11-30... ✓ (10 songs)
  📥 Scraping cast-albums for 2024-12-07... ✓ (10 songs)
  📥 Scraping cast-albums for 2024-12-14... ✓ (10 songs)
  📥 Scraping cast-albums for 2024-12-21... ✓ (10 songs)
  📥 Scraping cast-albums for 2024-12-28... ✓ (10 songs)
  📥 Scraping cast-albums for 2025-01-04... ✓ (10 songs)
  📥 Scraping cast-albums for 2025-01-11... ✓ (10 songs)
  📥 Scraping cast-albums for 2025-07-19... ✓ (15 songs)
DONE cast-albums: 1075 weeks, 2006-01-14 -> 2026-08-22, 0 failed, 1 clamped/skipped
  clamped weeks (first 10): ['2025-07-19']
