emerging-artists: 469 weeks total, 0 present, 469 to fetch
  📥 Scraping emerging-artists for 2017-09-02... ✓ (50 songs)
  📥 Scraping emerging-artists for 2017-09-09... ✓ (50 songs)
  📥 Scraping emerging-artists for 2017-09-16... ✓ (50 songs)
  📥 Scraping emerging-artists for 2017-09-23... ✓ (50 songs)
  📥 Scraping emerging-artists for 2017-09-30... ✓ (50 songs)
  📥 Scraping emerging-artists for 2017-10-07... ✓ (50 songs)
  📥 Scraping emerging-artists for 2017-10-14... ✓ (50 songs)
  📥 Scraping emerging-artists for 2017-10-21... ✓ (50 songs)
  📥 Scraping emerging-artists for 2017-10-28... ✓ (50 songs)
  📥 Scraping emerging-artists for 2017-11-04... ✓ (50 songs)
  📥 Scraping emerging-artists for 2017-11-11... ✓ (50 songs)
  📥 Scraping emerging-artists for 2017-11-18... ✓ (50 songs)
  📥 Scraping emerging-artists for 2017-11-25... ✓ (50 songs)
  📥 Scraping emerging-artists for 2017-12-02... ✓ (50 songs)
  📥 Scraping emerging-artists for 2017-12-09... ✓ (50 songs)
  📥 Scraping emerging-artists for 2017-12-16... ✓ (50 songs)
  📥 Scraping emerging-artists for 2017-12-23... ✓ (50 songs)
  📥 Scraping emerging-artists for 2017-12-30... ✓ (50 songs)
  📥 Scraping emerging-artists for 2018-01-06... ✓ (50 songs)
  📥 Scraping emerging-artists for 2018-01-13... ✓ (50 songs)
  📥 Scraping emerging-artists for 2018-01-20... ✓ (50 songs)
  📥 Scraping emerging-artists for 2018-01-27... ✓ (50 songs)
  📥 Scraping emerging-artists for 2018-02-03... ✓ (50 songs)
  📥 Scraping emerging-artists for 2018-02-10... ✓ (50 songs)
  📥 Scraping emerging-artists for 2018-02-17... ✓ (50 songs)
  emerging-artists: 25/469 fetched, 0 failed, 0 clamped
  📥 Scraping emerging-artists for 2018-02-24... ✓ (50 songs)
  📥 Scraping emerging-artists for 2018-03-03... ✓ (50 songs)
  📥 Scraping emerging-artists for 2018-03-10... ✓ (50 songs)
  📥 Scraping emerging-artists for 2018-03-17... ✓ (50 songs)
  📥 Scraping emerging-artists for 2018-03-24... ✓ (50 songs)
  📥 Scraping emerging-artists for 2018-03-31... ✓ (50 songs)
  📥 Scraping emerging-artists for 2018-04-07... ✓ (50 songs)
  📥 Scraping emerging-artists for 2018-04-14... ✓ (50 songs)
  📥 Scraping emerging-artists for 2018-04-21... ✓ (50 songs)
  📥 Scraping emerging-artists for 2018-04-28... ✓ (50 songs)
  📥 Scraping emerging-artists for 2018-05-05... ✓ (50 songs)
  📥 Scraping emerging-artists for 2018-05-12... ✓ (50 songs)
  📥 Scraping emerging-artists for 2018-05-19... ✓ (50 songs)
  📥 Scraping emerging-artists for 2018-05-26... ✓ (50 songs)
  📥 Scraping emerging-artists for 2018-06-02... ✓ (50 songs)
  📥 Scraping emerging-artists for 2018-06-09... ✓ (50 songs)
  📥 Scraping emerging-artists for 2018-06-16... ✓ (50 songs)
  📥 Scraping emerging-artists for 2018-06-23... ✓ (50 songs)
  📥 Scraping emerging-artists for 2018-06-30... ✓ (50 songs)
  📥 Scraping emerging-artists for 2018-07-07... ✓ (50 songs)
  📥 Scraping emerging-artists for 2018-07-14... ✓ (50 songs)
  📥 Scraping emerging-artists for 2018-07-21... ✓ (50 songs)
  📥 Scraping emerging-artists for 2018-07-28... ✓ (50 songs)
  📥 Scraping emerging-artists for 2018-08-04... ✓ (50 songs)
  📥 Scraping emerging-artists for 2018-08-11... ✓ (50 songs)
  emerging-artists: 50/469 fetched, 0 failed, 0 clamped
  📥 Scraping emerging-artists for 2018-08-18... ✓ (50 songs)
  📥 Scraping emerging-artists for 2018-08-25... ✓ (50 songs)
  📥 Scraping emerging-artists for 2018-09-01... ✓ (50 songs)
  📥 Scraping emerging-artists for 2018-09-08... ✓ (50 songs)
  📥 Scraping emerging-artists for 2018-09-15... ✓ (50 songs)
  📥 Scraping emerging-artists for 2018-09-22... ✓ (50 songs)
  📥 Scraping emerging-artists for 2018-09-29... ✓ (50 songs)
  📥 Scraping emerging-artists for 2018-10-06... ✓ (50 songs)
  📥 Scraping emerging-artists for 2018-10-13... ✓ (50 songs)
  📥 Scraping emerging-artists for 2018-10-20... ✓ (50 songs)
  📥 Scraping emerging-artists for 2018-10-27... ✓ (50 songs)
  📥 Scraping emerging-artists for 2018-11-03... ✓ (50 songs)
  📥 Scraping emerging-artists for 2018-11-10... ✓ (50 songs)
  📥 Scraping emerging-artists for 2018-11-17... ✓ (50 songs)
  📥 Scraping emerging-artists for 2018-11-24... ✓ (50 songs)
  📥 Scraping emerging-artists for 2018-12-01... ✓ (50 songs)
  📥 Scraping emerging-artists for 2018-12-08... ✓ (50 songs)
  📥 Scraping emerging-artists for 2018-12-15... ✓ (50 songs)
  📥 Scraping emerging-artists for 2018-12-22... ✓ (50 songs)
  📥 Scraping emerging-artists for 2018-12-29... ✓ (50 songs)
  📥 Scraping emerging-artists for 2019-01-05... ✓ (50 songs)
  📥 Scraping emerging-artists for 2019-01-12... ✓ (50 songs)
  📥 Scraping emerging-artists for 2019-01-19... ✓ (50 songs)
  📥 Scraping emerging-artists for 2019-01-26... ✓ (50 songs)
  📥 Scraping emerging-artists for 2019-02-02... ✓ (50 songs)
  emerging-artists: 75/469 fetched, 0 failed, 0 clamped
  📥 Scraping emerging-artists for 2019-02-09... ✓ (50 songs)
  📥 Scraping emerging-artists for 2019-02-16... ✓ (50 songs)
  📥 Scraping emerging-artists for 2019-02-23... ✓ (50 songs)
  📥 Scraping emerging-artists for 2019-03-02... ✓ (50 songs)
  📥 Scraping emerging-artists for 2019-03-09... ✓ (50 songs)
  📥 Scraping emerging-artists for 2019-03-16... ✓ (50 songs)
  📥 Scraping emerging-artists for 2019-03-23... ✓ (50 songs)
  📥 Scraping emerging-artists for 2019-03-30... ✓ (50 songs)
  📥 Scraping emerging-artists for 2019-04-06... ✓ (50 songs)
  📥 Scraping emerging-artists for 2019-04-13... ✓ (50 songs)
  📥 Scraping emerging-artists for 2019-04-20... ✓ (50 songs)
  📥 Scraping emerging-artists for 2019-04-27... ✓ (50 songs)
  📥 Scraping emerging-artists for 2019-05-04... ✓ (50 songs)
  📥 Scraping emerging-artists for 2019-05-11... ✓ (50 songs)
  📥 Scraping emerging-artists for 2019-05-18... ✓ (50 songs)
  📥 Scraping emerging-artists for 2019-05-25... ✓ (50 songs)
  📥 Scraping emerging-artists for 2019-06-01... ✓ (50 songs)
  📥 Scraping emerging-artists for 2019-06-08... ✓ (50 songs)
  📥 Scraping emerging-artists for 2019-06-15... ✓ (50 songs)
  📥 Scraping emerging-artists for 2019-06-22... ✓ (50 songs)
  📥 Scraping emerging-artists for 2019-06-29... ✓ (50 songs)
  📥 Scraping emerging-artists for 2019-07-06... ✓ (50 songs)
  📥 Scraping emerging-artists for 2019-07-13... ✓ (50 songs)
  📥 Scraping emerging-artists for 2019-07-20... ✓ (50 songs)
  📥 Scraping emerging-artists for 2019-07-27... ✓ (50 songs)
  emerging-artists: 100/469 fetched, 0 failed, 0 clamped
  📥 Scraping emerging-artists for 2019-08-03... ✓ (50 songs)
  📥 Scraping emerging-artists for 2019-08-10... ✓ (50 songs)
  📥 Scraping emerging-artists for 2019-08-17... ✓ (50 songs)
  📥 Scraping emerging-artists for 2019-08-24... ✓ (50 songs)
  📥 Scraping emerging-artists for 2019-08-31... ✓ (50 songs)
  📥 Scraping emerging-artists for 2019-09-07... ✓ (50 songs)
  📥 Scraping emerging-artists for 2019-09-14... ✓ (50 songs)
  📥 Scraping emerging-artists for 2019-09-21... ✓ (50 songs)
  📥 Scraping emerging-artists for 2019-09-28... ✓ (50 songs)
  📥 Scraping emerging-artists for 2019-10-05... ✓ (50 songs)
  📥 Scraping emerging-artists for 2019-10-12... ✓ (50 songs)
  📥 Scraping emerging-artists for 2019-10-19... ✓ (50 songs)
  📥 Scraping emerging-artists for 2019-10-26... ✓ (50 songs)
  📥 Scraping emerging-artists for 2019-11-02... ✓ (50 songs)
  📥 Scraping emerging-artists for 2019-11-09... ✓ (50 songs)
  📥 Scraping emerging-artists for 2019-11-16... ✓ (50 songs)
  📥 Scraping emerging-artists for 2019-11-23... ✓ (50 songs)
  📥 Scraping emerging-artists for 2019-11-30... ✓ (50 songs)
  📥 Scraping emerging-artists for 2019-12-07... ✓ (50 songs)
  📥 Scraping emerging-artists for 2019-12-14... ✓ (50 songs)
  📥 Scraping emerging-artists for 2019-12-21... ✓ (50 songs)
  📥 Scraping emerging-artists for 2019-12-28... ✓ (50 songs)
  📥 Scraping emerging-artists for 2020-01-04... ✓ (50 songs)
  📥 Scraping emerging-artists for 2020-01-11... ✓ (50 songs)
  📥 Scraping emerging-artists for 2020-01-18... ✓ (50 songs)
  emerging-artists: 125/469 fetched, 0 failed, 0 clamped
  📥 Scraping emerging-artists for 2020-01-25... ✓ (50 songs)
  📥 Scraping emerging-artists for 2020-02-01... ✓ (50 songs)
  📥 Scraping emerging-artists for 2020-02-08... ✓ (50 songs)
  📥 Scraping emerging-artists for 2020-02-15... ✓ (50 songs)
  📥 Scraping emerging-artists for 2020-02-22... ✓ (50 songs)
  📥 Scraping emerging-artists for 2020-02-29... ✓ (50 songs)
  📥 Scraping emerging-artists for 2020-03-07... ✓ (50 songs)
  📥 Scraping emerging-artists for 2020-03-14... ✓ (50 songs)
  📥 Scraping emerging-artists for 2020-03-21... ✓ (50 songs)
  📥 Scraping emerging-artists for 2020-03-28... ✓ (50 songs)
  📥 Scraping emerging-artists for 2020-04-04... ✓ (50 songs)
  📥 Scraping emerging-artists for 2020-04-11... ✓ (50 songs)
  📥 Scraping emerging-artists for 2020-04-18... ✓ (50 songs)
  📥 Scraping emerging-artists for 2020-04-25... ✓ (50 songs)
  📥 Scraping emerging-artists for 2020-05-02... ✓ (50 songs)
  📥 Scraping emerging-artists for 2020-05-09... ✓ (50 songs)
  📥 Scraping emerging-artists for 2020-05-16... ✓ (50 songs)
  📥 Scraping emerging-artists for 2020-05-23... ✓ (50 songs)
  📥 Scraping emerging-artists for 2020-05-30... ✓ (50 songs)
  📥 Scraping emerging-artists for 2020-06-06... ✓ (50 songs)
  📥 Scraping emerging-artists for 2020-06-13... ✓ (50 songs)
  📥 Scraping emerging-artists for 2020-06-20... ✓ (50 songs)
  📥 Scraping emerging-artists for 2020-06-27... ✓ (50 songs)
  📥 Scraping emerging-artists for 2020-07-04... ✓ (50 songs)
  📥 Scraping emerging-artists for 2020-07-11... ✓ (50 songs)
  emerging-artists: 150/469 fetched, 0 failed, 0 clamped
  📥 Scraping emerging-artists for 2020-07-18... ✓ (50 songs)
  📥 Scraping emerging-artists for 2020-07-25... ✓ (50 songs)
  📥 Scraping emerging-artists for 2020-08-01... ✓ (50 songs)
  📥 Scraping emerging-artists for 2020-08-08... ✓ (50 songs)
  📥 Scraping emerging-artists for 2020-08-15... ✓ (50 songs)
  📥 Scraping emerging-artists for 2020-08-22... ✓ (50 songs)
  📥 Scraping emerging-artists for 2020-08-29... ✓ (50 songs)
  📥 Scraping emerging-artists for 2020-09-05... ✓ (50 songs)
  📥 Scraping emerging-artists for 2020-09-12... ✓ (50 songs)
  📥 Scraping emerging-artists for 2020-09-19... ✓ (50 songs)
  📥 Scraping emerging-artists for 2020-09-26... ✓ (50 songs)
  📥 Scraping emerging-artists for 2020-10-03... ✓ (50 songs)
  📥 Scraping emerging-artists for 2020-10-10... ✓ (50 songs)
  📥 Scraping emerging-artists for 2020-10-17... ✓ (50 songs)
  📥 Scraping emerging-artists for 2020-10-24... ✓ (50 songs)
  📥 Scraping emerging-artists for 2020-10-31... ✓ (50 songs)
  📥 Scraping emerging-artists for 2020-11-07... ✓ (50 songs)
  📥 Scraping emerging-artists for 2020-11-14... ✓ (50 songs)
  📥 Scraping emerging-artists for 2020-11-21... ✓ (50 songs)
  📥 Scraping emerging-artists for 2020-11-28... ✓ (50 songs)
  📥 Scraping emerging-artists for 2020-12-05... ✓ (50 songs)
  📥 Scraping emerging-artists for 2020-12-12... ✓ (50 songs)
  📥 Scraping emerging-artists for 2020-12-19... ✓ (50 songs)
  📥 Scraping emerging-artists for 2020-12-26... ✓ (50 songs)
  📥 Scraping emerging-artists for 2021-01-02... ✓ (50 songs)
  emerging-artists: 175/469 fetched, 0 failed, 0 clamped
  📥 Scraping emerging-artists for 2021-01-09... ✓ (50 songs)
  📥 Scraping emerging-artists for 2021-01-16... ✓ (50 songs)
  📥 Scraping emerging-artists for 2021-01-23... ✓ (50 songs)
  📥 Scraping emerging-artists for 2021-01-30... ✓ (50 songs)
  📥 Scraping emerging-artists for 2021-02-06... ✓ (50 songs)
  📥 Scraping emerging-artists for 2021-02-13... ✓ (50 songs)
  📥 Scraping emerging-artists for 2021-02-20... ✓ (50 songs)
  📥 Scraping emerging-artists for 2021-02-27... ✓ (50 songs)
  📥 Scraping emerging-artists for 2021-03-06... ✓ (50 songs)
  📥 Scraping emerging-artists for 2021-03-13... ✓ (50 songs)
  📥 Scraping emerging-artists for 2021-03-20... ✓ (50 songs)
  📥 Scraping emerging-artists for 2021-03-27... ✓ (50 songs)
  📥 Scraping emerging-artists for 2021-04-03... ✓ (50 songs)
  📥 Scraping emerging-artists for 2021-04-10... ✓ (50 songs)
  📥 Scraping emerging-artists for 2021-04-17... ✓ (50 songs)
  📥 Scraping emerging-artists for 2021-04-24... ✗ No chart date on page (redirect or markup change) — skipping
  📥 Scraping emerging-artists for 2021-04-24... ✗ No chart date on page (redirect or markup change) — skipping
  📥 Scraping emerging-artists for 2021-04-24... ✗ No chart date on page (redirect or markup change) — skipping
  📥 Scraping emerging-artists for 2021-05-01... ✓ (50 songs)
  📥 Scraping emerging-artists for 2021-05-08... ✓ (50 songs)
  📥 Scraping emerging-artists for 2021-05-15... ✓ (50 songs)
  📥 Scraping emerging-artists for 2021-05-22... ✓ (50 songs)
  📥 Scraping emerging-artists for 2021-05-29... ✓ (50 songs)
  📥 Scraping emerging-artists for 2021-06-05... ✓ (50 songs)
  📥 Scraping emerging-artists for 2021-06-12... ✓ (50 songs)
  📥 Scraping emerging-artists for 2021-06-19... ✓ (50 songs)
  📥 Scraping emerging-artists for 2021-06-26... ✓ (50 songs)
  emerging-artists: 200/469 fetched, 1 failed, 0 clamped
  📥 Scraping emerging-artists for 2021-07-03... ✓ (50 songs)
  📥 Scraping emerging-artists for 2021-07-10... ✓ (50 songs)
  📥 Scraping emerging-artists for 2021-07-17... ✓ (50 songs)
  📥 Scraping emerging-artists for 2021-07-24... ✓ (50 songs)
  📥 Scraping emerging-artists for 2021-07-31... ✓ (50 songs)
  📥 Scraping emerging-artists for 2021-08-07... ✓ (50 songs)
  📥 Scraping emerging-artists for 2021-08-14... ✓ (50 songs)
  📥 Scraping emerging-artists for 2021-08-21... ✓ (50 songs)
  📥 Scraping emerging-artists for 2021-08-28... ✓ (50 songs)
  📥 Scraping emerging-artists for 2021-09-04... ✓ (50 songs)
  📥 Scraping emerging-artists for 2021-09-11... ✓ (50 songs)
  📥 Scraping emerging-artists for 2021-09-18... ✓ (50 songs)
  📥 Scraping emerging-artists for 2021-09-25... ✓ (50 songs)
  📥 Scraping emerging-artists for 2021-10-02... ✓ (50 songs)
  📥 Scraping emerging-artists for 2021-10-09... ✓ (50 songs)
  📥 Scraping emerging-artists for 2021-10-16... ✓ (50 songs)
  📥 Scraping emerging-artists for 2021-10-23... ✓ (50 songs)
  📥 Scraping emerging-artists for 2021-10-30... ✓ (50 songs)
  📥 Scraping emerging-artists for 2021-11-06... ✓ (50 songs)
  📥 Scraping emerging-artists for 2021-11-13... ✓ (50 songs)
  📥 Scraping emerging-artists for 2021-11-20... ✓ (50 songs)
  📥 Scraping emerging-artists for 2021-11-27... ✓ (50 songs)
  📥 Scraping emerging-artists for 2021-12-04... ✗ Network error: ('Connection aborted.', RemoteDisconnected('Remote end closed connection without response'))
  📥 Scraping emerging-artists for 2021-12-04... ✓ (50 songs)
  📥 Scraping emerging-artists for 2021-12-11... ✓ (50 songs)
  📥 Scraping emerging-artists for 2021-12-18... ✓ (50 songs)
  emerging-artists: 225/469 fetched, 1 failed, 0 clamped
  📥 Scraping emerging-artists for 2021-12-25... ✓ (50 songs)
  📥 Scraping emerging-artists for 2022-01-01... ✓ (50 songs)
  📥 Scraping emerging-artists for 2022-01-08... ✓ (50 songs)
  📥 Scraping emerging-artists for 2022-01-15... ✓ (50 songs)
  📥 Scraping emerging-artists for 2022-01-22... ✓ (50 songs)
  📥 Scraping emerging-artists for 2022-01-29... ✓ (50 songs)
  📥 Scraping emerging-artists for 2022-02-05... ✓ (50 songs)
  📥 Scraping emerging-artists for 2022-02-12... ✓ (50 songs)
  📥 Scraping emerging-artists for 2022-02-19... ✓ (50 songs)
  📥 Scraping emerging-artists for 2022-02-26... ✓ (50 songs)
  📥 Scraping emerging-artists for 2022-03-05... ✓ (50 songs)
  📥 Scraping emerging-artists for 2022-03-12... ✓ (50 songs)
  📥 Scraping emerging-artists for 2022-03-19... ✓ (50 songs)
  📥 Scraping emerging-artists for 2022-03-26... ✓ (50 songs)
  📥 Scraping emerging-artists for 2022-04-02... ✓ (50 songs)
  📥 Scraping emerging-artists for 2022-04-09... ✓ (50 songs)
  📥 Scraping emerging-artists for 2022-04-16... ✓ (50 songs)
  📥 Scraping emerging-artists for 2022-04-23... ✓ (50 songs)
  📥 Scraping emerging-artists for 2022-04-30... ✓ (50 songs)
  📥 Scraping emerging-artists for 2022-05-07... ✓ (50 songs)
  📥 Scraping emerging-artists for 2022-05-14... ✓ (50 songs)
  📥 Scraping emerging-artists for 2022-05-21... ✓ (50 songs)
  📥 Scraping emerging-artists for 2022-05-28... ✓ (50 songs)
  📥 Scraping emerging-artists for 2022-06-04... ✓ (50 songs)
  📥 Scraping emerging-artists for 2022-06-11... ✓ (50 songs)
  emerging-artists: 250/469 fetched, 1 failed, 0 clamped
  📥 Scraping emerging-artists for 2022-06-18... ✓ (50 songs)
  📥 Scraping emerging-artists for 2022-06-25... ✓ (50 songs)
  📥 Scraping emerging-artists for 2022-07-02... ✓ (50 songs)
  📥 Scraping emerging-artists for 2022-07-09... ✓ (50 songs)
  📥 Scraping emerging-artists for 2022-07-16... ✓ (50 songs)
  📥 Scraping emerging-artists for 2022-07-23... ✓ (50 songs)
  📥 Scraping emerging-artists for 2022-07-30... ✓ (50 songs)
  📥 Scraping emerging-artists for 2022-08-06... ✓ (50 songs)
  📥 Scraping emerging-artists for 2022-08-13... ✓ (50 songs)
  📥 Scraping emerging-artists for 2022-08-20... ✓ (50 songs)
  📥 Scraping emerging-artists for 2022-08-27... ✓ (50 songs)
  📥 Scraping emerging-artists for 2022-09-03... ✓ (50 songs)
  📥 Scraping emerging-artists for 2022-09-10... ✓ (50 songs)
  📥 Scraping emerging-artists for 2022-09-17... ✓ (50 songs)
  📥 Scraping emerging-artists for 2022-09-24... ✓ (50 songs)
  📥 Scraping emerging-artists for 2022-10-01... ✓ (50 songs)
  📥 Scraping emerging-artists for 2022-10-08... ✓ (50 songs)
  📥 Scraping emerging-artists for 2022-10-15... ✓ (50 songs)
  📥 Scraping emerging-artists for 2022-10-22... ✓ (50 songs)
  📥 Scraping emerging-artists for 2022-10-29... ✓ (50 songs)
  📥 Scraping emerging-artists for 2022-11-05... ✓ (50 songs)
  📥 Scraping emerging-artists for 2022-11-12... ✓ (50 songs)
  📥 Scraping emerging-artists for 2022-11-19... ✓ (50 songs)
  📥 Scraping emerging-artists for 2022-11-26... ✓ (50 songs)
  📥 Scraping emerging-artists for 2022-12-03... ✓ (50 songs)
  emerging-artists: 275/469 fetched, 1 failed, 0 clamped
  📥 Scraping emerging-artists for 2022-12-10... ✓ (50 songs)
  📥 Scraping emerging-artists for 2022-12-17... ✓ (50 songs)
  📥 Scraping emerging-artists for 2022-12-24... ✓ (50 songs)
  📥 Scraping emerging-artists for 2022-12-31... ✓ (50 songs)
  📥 Scraping emerging-artists for 2023-01-07... ✓ (50 songs)
  📥 Scraping emerging-artists for 2023-01-14... ✓ (50 songs)
  📥 Scraping emerging-artists for 2023-01-21... ✓ (50 songs)
  📥 Scraping emerging-artists for 2023-01-28... ✓ (50 songs)
  📥 Scraping emerging-artists for 2023-02-04... ✓ (50 songs)
  📥 Scraping emerging-artists for 2023-02-11... ✓ (50 songs)
  📥 Scraping emerging-artists for 2023-02-18... ✓ (50 songs)
  📥 Scraping emerging-artists for 2023-02-25... ✓ (50 songs)
  📥 Scraping emerging-artists for 2023-03-04... ✓ (50 songs)
  📥 Scraping emerging-artists for 2023-03-11... ✓ (50 songs)
  📥 Scraping emerging-artists for 2023-03-18... ✓ (50 songs)
  📥 Scraping emerging-artists for 2023-03-25... ✓ (50 songs)
  📥 Scraping emerging-artists for 2023-04-01... ✓ (50 songs)
  📥 Scraping emerging-artists for 2023-04-08... ✓ (50 songs)
  📥 Scraping emerging-artists for 2023-04-15... ✓ (50 songs)
  📥 Scraping emerging-artists for 2023-04-22... ✓ (50 songs)
  📥 Scraping emerging-artists for 2023-04-29... ✓ (50 songs)
  📥 Scraping emerging-artists for 2023-05-06... ✓ (50 songs)
  📥 Scraping emerging-artists for 2023-05-13... ✓ (50 songs)
  📥 Scraping emerging-artists for 2023-05-20... ✓ (50 songs)
  📥 Scraping emerging-artists for 2023-05-27... ✓ (50 songs)
  emerging-artists: 300/469 fetched, 1 failed, 0 clamped
  📥 Scraping emerging-artists for 2023-06-03... ✓ (50 songs)
  📥 Scraping emerging-artists for 2023-06-10... ✓ (50 songs)
  📥 Scraping emerging-artists for 2023-06-17... ✓ (50 songs)
  📥 Scraping emerging-artists for 2023-06-24... ✓ (50 songs)
  📥 Scraping emerging-artists for 2023-07-01... ✓ (50 songs)
  📥 Scraping emerging-artists for 2023-07-08... ✓ (50 songs)
  📥 Scraping emerging-artists for 2023-07-15... ✓ (50 songs)
  📥 Scraping emerging-artists for 2023-07-22... ✓ (50 songs)
  📥 Scraping emerging-artists for 2023-07-29... ✓ (50 songs)
  📥 Scraping emerging-artists for 2023-08-05... ✓ (50 songs)
  📥 Scraping emerging-artists for 2023-08-12... ✓ (50 songs)
  📥 Scraping emerging-artists for 2023-08-19... ✓ (50 songs)
  📥 Scraping emerging-artists for 2023-08-26... ✓ (50 songs)
  📥 Scraping emerging-artists for 2023-09-02... ✓ (50 songs)
  📥 Scraping emerging-artists for 2023-09-09... ✓ (50 songs)
  📥 Scraping emerging-artists for 2023-09-16... ✓ (50 songs)
  📥 Scraping emerging-artists for 2023-09-23... ✓ (50 songs)
  📥 Scraping emerging-artists for 2023-09-30... ✓ (50 songs)
  📥 Scraping emerging-artists for 2023-10-07... ✓ (50 songs)
  📥 Scraping emerging-artists for 2023-10-14... ✓ (50 songs)
  📥 Scraping emerging-artists for 2023-10-21... ✓ (50 songs)
  📥 Scraping emerging-artists for 2023-10-28... ✓ (50 songs)
  📥 Scraping emerging-artists for 2023-11-04... ✓ (50 songs)
  📥 Scraping emerging-artists for 2023-11-11... ✓ (50 songs)
  📥 Scraping emerging-artists for 2023-11-18... ✓ (50 songs)
  emerging-artists: 325/469 fetched, 1 failed, 0 clamped
  📥 Scraping emerging-artists for 2023-11-25... ✓ (50 songs)
  📥 Scraping emerging-artists for 2023-12-02... ✓ (50 songs)
  📥 Scraping emerging-artists for 2023-12-09... ✓ (50 songs)
  📥 Scraping emerging-artists for 2023-12-16... ✓ (50 songs)
  📥 Scraping emerging-artists for 2023-12-23... ✓ (50 songs)
  📥 Scraping emerging-artists for 2023-12-30... ✓ (50 songs)
  📥 Scraping emerging-artists for 2024-01-06... ✓ (50 songs)
  📥 Scraping emerging-artists for 2024-01-13... ✓ (50 songs)
  📥 Scraping emerging-artists for 2024-01-20... ✓ (50 songs)
  📥 Scraping emerging-artists for 2024-01-27... ✓ (50 songs)
  📥 Scraping emerging-artists for 2024-02-03... ✓ (50 songs)
  📥 Scraping emerging-artists for 2024-02-10... ✓ (50 songs)
  📥 Scraping emerging-artists for 2024-02-17... ✓ (50 songs)
  📥 Scraping emerging-artists for 2024-02-24... ✓ (50 songs)
  📥 Scraping emerging-artists for 2024-03-02... ✓ (50 songs)
  📥 Scraping emerging-artists for 2024-03-09... ✓ (50 songs)
  📥 Scraping emerging-artists for 2024-03-16... ✓ (50 songs)
  📥 Scraping emerging-artists for 2024-03-23... ✓ (50 songs)
  📥 Scraping emerging-artists for 2024-03-30... ✓ (50 songs)
  📥 Scraping emerging-artists for 2024-04-06... ✓ (50 songs)
  📥 Scraping emerging-artists for 2024-04-13... ✓ (50 songs)
  📥 Scraping emerging-artists for 2024-04-20... ✓ (50 songs)
  📥 Scraping emerging-artists for 2024-04-27... ✓ (50 songs)
  📥 Scraping emerging-artists for 2024-05-04... ✓ (50 songs)
  📥 Scraping emerging-artists for 2024-05-11... ✓ (50 songs)
  emerging-artists: 350/469 fetched, 1 failed, 0 clamped
  📥 Scraping emerging-artists for 2024-05-18... ✓ (50 songs)
  📥 Scraping emerging-artists for 2024-05-25... ✓ (50 songs)
  📥 Scraping emerging-artists for 2024-06-01... ✓ (50 songs)
  📥 Scraping emerging-artists for 2024-06-08... ✓ (50 songs)
  📥 Scraping emerging-artists for 2024-06-15... ✓ (50 songs)
  📥 Scraping emerging-artists for 2024-06-22... ✓ (50 songs)
  📥 Scraping emerging-artists for 2024-06-29... ✓ (50 songs)
  📥 Scraping emerging-artists for 2024-07-06... ✓ (50 songs)
  📥 Scraping emerging-artists for 2024-07-13... ✓ (50 songs)
  📥 Scraping emerging-artists for 2024-07-20... ✓ (50 songs)
  📥 Scraping emerging-artists for 2024-07-27... ✓ (50 songs)
  📥 Scraping emerging-artists for 2024-08-03... ✓ (50 songs)
  📥 Scraping emerging-artists for 2024-08-10... ✓ (50 songs)
  📥 Scraping emerging-artists for 2024-08-17... ✓ (50 songs)
  📥 Scraping emerging-artists for 2024-08-24... ✓ (50 songs)
  📥 Scraping emerging-artists for 2024-08-31... ✓ (50 songs)
  📥 Scraping emerging-artists for 2024-09-07... ✓ (50 songs)
  📥 Scraping emerging-artists for 2024-09-14... ✓ (50 songs)
  📥 Scraping emerging-artists for 2024-09-21... ✓ (50 songs)
  📥 Scraping emerging-artists for 2024-09-28... ✓ (50 songs)
  📥 Scraping emerging-artists for 2024-10-05... ✓ (50 songs)
  📥 Scraping emerging-artists for 2024-10-12... ✓ (50 songs)
  📥 Scraping emerging-artists for 2024-10-19... ✓ (50 songs)
  📥 Scraping emerging-artists for 2024-10-26... ✓ (50 songs)
  📥 Scraping emerging-artists for 2024-11-02... ✓ (50 songs)
  emerging-artists: 375/469 fetched, 1 failed, 0 clamped
  📥 Scraping emerging-artists for 2024-11-09... ✓ (50 songs)
  📥 Scraping emerging-artists for 2024-11-16... ✓ (50 songs)
  📥 Scraping emerging-artists for 2024-11-23... ✓ (50 songs)
  📥 Scraping emerging-artists for 2024-11-30... ✓ (50 songs)
  📥 Scraping emerging-artists for 2024-12-07... ✓ (50 songs)
  📥 Scraping emerging-artists for 2024-12-14... ✓ (50 songs)
  📥 Scraping emerging-artists for 2024-12-21... ✓ (50 songs)
  📥 Scraping emerging-artists for 2024-12-28... ✓ (50 songs)
  📥 Scraping emerging-artists for 2025-01-04... ✓ (50 songs)
  📥 Scraping emerging-artists for 2025-01-11... ✓ (50 songs)
  📥 Scraping emerging-artists for 2025-01-18... ✓ (50 songs)
  📥 Scraping emerging-artists for 2025-01-25... ✓ (50 songs)
  📥 Scraping emerging-artists for 2025-02-01... ✓ (50 songs)
  📥 Scraping emerging-artists for 2025-02-08... ✓ (50 songs)
  📥 Scraping emerging-artists for 2025-02-15... ✓ (50 songs)
  📥 Scraping emerging-artists for 2025-02-22... ✓ (50 songs)
  📥 Scraping emerging-artists for 2025-03-01... ✓ (50 songs)
  📥 Scraping emerging-artists for 2025-03-08... ✓ (50 songs)
  📥 Scraping emerging-artists for 2025-03-15... ✓ (50 songs)
  📥 Scraping emerging-artists for 2025-03-22... ✓ (50 songs)
  📥 Scraping emerging-artists for 2025-03-29... ✓ (50 songs)
  📥 Scraping emerging-artists for 2025-04-05... ✓ (50 songs)
  📥 Scraping emerging-artists for 2025-04-12... ✓ (50 songs)
  📥 Scraping emerging-artists for 2025-04-19... ✓ (50 songs)
  📥 Scraping emerging-artists for 2025-04-26... ✓ (50 songs)
  emerging-artists: 400/469 fetched, 1 failed, 0 clamped
  📥 Scraping emerging-artists for 2025-05-03... ✓ (50 songs)
  📥 Scraping emerging-artists for 2025-05-10... ✓ (50 songs)
  📥 Scraping emerging-artists for 2025-05-17... ✓ (50 songs)
  📥 Scraping emerging-artists for 2025-05-24... ✓ (50 songs)
  📥 Scraping emerging-artists for 2025-05-31... ✓ (50 songs)
  📥 Scraping emerging-artists for 2025-06-07... ✓ (50 songs)
  📥 Scraping emerging-artists for 2025-06-14... ✓ (50 songs)
  📥 Scraping emerging-artists for 2025-06-21... ✓ (50 songs)
  📥 Scraping emerging-artists for 2025-06-28... ✓ (50 songs)
  📥 Scraping emerging-artists for 2025-07-05... ✓ (50 songs)
  📥 Scraping emerging-artists for 2025-07-12... ✓ (50 songs)
  📥 Scraping emerging-artists for 2025-07-19... ✓ (50 songs)
  📥 Scraping emerging-artists for 2025-07-26... ✓ (50 songs)
  📥 Scraping emerging-artists for 2025-08-02... ✓ (50 songs)
  📥 Scraping emerging-artists for 2025-08-09... ✓ (50 songs)
  📥 Scraping emerging-artists for 2025-08-16... ✓ (50 songs)
  📥 Scraping emerging-artists for 2025-08-23... ✓ (50 songs)
  📥 Scraping emerging-artists for 2025-08-30... ✓ (50 songs)
  📥 Scraping emerging-artists for 2025-09-06... ✓ (50 songs)
  📥 Scraping emerging-artists for 2025-09-13... ✓ (50 songs)
  📥 Scraping emerging-artists for 2025-09-20... ✓ (50 songs)
  📥 Scraping emerging-artists for 2025-09-27... ✓ (50 songs)
  📥 Scraping emerging-artists for 2025-10-04... ✓ (50 songs)
  📥 Scraping emerging-artists for 2025-10-11... ✓ (50 songs)
  📥 Scraping emerging-artists for 2025-10-18... ✓ (50 songs)
  emerging-artists: 425/469 fetched, 1 failed, 0 clamped
  📥 Scraping emerging-artists for 2025-10-25... ✓ (50 songs)
  📥 Scraping emerging-artists for 2025-11-01... ✓ (50 songs)
  📥 Scraping emerging-artists for 2025-11-08... ✓ (50 songs)
  📥 Scraping emerging-artists for 2025-11-15... ✓ (50 songs)
  📥 Scraping emerging-artists for 2025-11-22... ✓ (50 songs)
  📥 Scraping emerging-artists for 2025-11-29... ✓ (50 songs)
  📥 Scraping emerging-artists for 2025-12-06... ✓ (50 songs)
  📥 Scraping emerging-artists for 2025-12-13... ✓ (50 songs)
  📥 Scraping emerging-artists for 2025-12-20... ✓ (50 songs)
  📥 Scraping emerging-artists for 2025-12-27... ✓ (50 songs)
  📥 Scraping emerging-artists for 2026-01-03... ✓ (50 songs)
  📥 Scraping emerging-artists for 2026-01-10... ✓ (50 songs)
  📥 Scraping emerging-artists for 2026-01-17... ✓ (50 songs)
  📥 Scraping emerging-artists for 2026-01-24... ✓ (50 songs)
  📥 Scraping emerging-artists for 2026-01-31... ✓ (50 songs)
  📥 Scraping emerging-artists for 2026-02-07... ✓ (50 songs)
  📥 Scraping emerging-artists for 2026-02-14... ✓ (50 songs)
  📥 Scraping emerging-artists for 2026-02-21... ✓ (50 songs)
  📥 Scraping emerging-artists for 2026-02-28... ✓ (50 songs)
  📥 Scraping emerging-artists for 2026-03-07... ✓ (50 songs)
  📥 Scraping emerging-artists for 2026-03-14... ✓ (50 songs)
  📥 Scraping emerging-artists for 2026-03-21... ✓ (50 songs)
  📥 Scraping emerging-artists for 2026-03-28... ✓ (50 songs)
  📥 Scraping emerging-artists for 2026-04-04... ✓ (50 songs)
  📥 Scraping emerging-artists for 2026-04-11... ✓ (50 songs)
  emerging-artists: 450/469 fetched, 1 failed, 0 clamped
  📥 Scraping emerging-artists for 2026-04-18... ✓ (50 songs)
  📥 Scraping emerging-artists for 2026-04-25... ✓ (50 songs)
  📥 Scraping emerging-artists for 2026-05-02... ✓ (50 songs)
  📥 Scraping emerging-artists for 2026-05-09... ✓ (50 songs)
  📥 Scraping emerging-artists for 2026-05-16... ✓ (50 songs)
  📥 Scraping emerging-artists for 2026-05-23... ✓ (50 songs)
  📥 Scraping emerging-artists for 2026-05-30... ✓ (50 songs)
  📥 Scraping emerging-artists for 2026-06-06... ✓ (50 songs)
  📥 Scraping emerging-artists for 2026-06-13... ✓ (50 songs)
  📥 Scraping emerging-artists for 2026-06-20... ✓ (50 songs)
  📥 Scraping emerging-artists for 2026-06-27... ✓ (50 songs)
  📥 Scraping emerging-artists for 2026-07-04... ✓ (50 songs)
  📥 Scraping emerging-artists for 2026-07-11... ✓ (50 songs)
  📥 Scraping emerging-artists for 2026-07-18... ✓ (50 songs)
  📥 Scraping emerging-artists for 2026-07-25... ✓ (50 songs)
  📥 Scraping emerging-artists for 2026-08-01... ✓ (50 songs)
  📥 Scraping emerging-artists for 2026-08-08... ✓ (50 songs)
  📥 Scraping emerging-artists for 2026-08-15... ✓ (50 songs)
  📥 Scraping emerging-artists for 2026-08-22... ✗ No chart date on page (redirect or markup change) — skipping
  📥 Scraping emerging-artists for 2026-08-22... ✗ No chart date on page (redirect or markup change) — skipping
  📥 Scraping emerging-artists for 2026-08-22... ✗ No chart date on page (redirect or markup change) — skipping
DONE emerging-artists: 467 weeks, 2017-09-02 -> 2026-08-15, 2 failed, 0 clamped/skipped
  failed weeks (first 20): ['2021-04-24', '2026-08-22']
