F...F.........F..............................................F.......F.. [ 47%]
....................F....F................................F............. [ 94%]
.......F                                                                 [100%]
=================================== FAILURES ===================================
________ test_latest_stored_week_is_latest_published[adult_alternative] ________

key = 'adult_alternative'

    @pytest.mark.skipif(not LIVE, reason='live Billboard check; set BILLBOARD_LIVE=1')
    @pytest.mark.parametrize('key', sorted(set(REGISTRY) - set(FROZEN)))
    def test_latest_stored_week_is_latest_published(key):
        from fast_billboard_scraper import latest_published_week
        slug = KNOWN.get(key) or PLANNED.get(key)
>       assert slug, f'{key}: no proven slug in known_slugs.json or chart_plan.json'
E       AssertionError: adult_alternative: no proven slug in known_slugs.json or chart_plan.json
E       assert None

tests/test_freshness.py:61: AssertionError
_________ test_latest_stored_week_is_latest_published[afrobeats_songs] _________

key = 'afrobeats_songs'

    @pytest.mark.skipif(not LIVE, reason='live Billboard check; set BILLBOARD_LIVE=1')
    @pytest.mark.parametrize('key', sorted(set(REGISTRY) - set(FROZEN)))
    def test_latest_stored_week_is_latest_published(key):
        from fast_billboard_scraper import latest_published_week
        slug = KNOWN.get(key) or PLANNED.get(key)
>       assert slug, f'{key}: no proven slug in known_slugs.json or chart_plan.json'
E       AssertionError: afrobeats_songs: no proven slug in known_slugs.json or chart_plan.json
E       assert None

tests/test_freshness.py:61: AssertionError
________ test_latest_stored_week_is_latest_published[australia_albums] _________

key = 'australia_albums'

    @pytest.mark.skipif(not LIVE, reason='live Billboard check; set BILLBOARD_LIVE=1')
    @pytest.mark.parametrize('key', sorted(set(REGISTRY) - set(FROZEN)))
    def test_latest_stored_week_is_latest_published(key):
        from fast_billboard_scraper import latest_published_week
        slug = KNOWN.get(key) or PLANNED.get(key)
        assert slug, f'{key}: no proven slug in known_slugs.json or chart_plan.json'
        published = None
        for attempt in range(3):
            published = latest_published_week(slug)
            if published:
                break
            time.sleep(2 * (attempt + 1))
        time.sleep(0.5)
        assert published, f'{key}: {slug} served no week heading'
>       assert stored_last(key) == published, f'{key}: stale ({slug})'
E       AssertionError: australia_albums: stale (australian-albums)
E       assert '2026-09-26' == '2026-10-03'
E         
E         - 2026-10-03
E         + 2026-09-26

tests/test_freshness.py:70: AssertionError
__________ test_latest_stored_week_is_latest_published[greece_albums] __________

key = 'greece_albums'

    @pytest.mark.skipif(not LIVE, reason='live Billboard check; set BILLBOARD_LIVE=1')
    @pytest.mark.parametrize('key', sorted(set(REGISTRY) - set(FROZEN)))
    def test_latest_stored_week_is_latest_published(key):
        from fast_billboard_scraper import latest_published_week
        slug = KNOWN.get(key) or PLANNED.get(key)
        assert slug, f'{key}: no proven slug in known_slugs.json or chart_plan.json'
        published = None
        for attempt in range(3):
            published = latest_published_week(slug)
            if published:
                break
            time.sleep(2 * (attempt + 1))
        time.sleep(0.5)
        assert published, f'{key}: {slug} served no week heading'
>       assert stored_last(key) == published, f'{key}: stale ({slug})'
E       AssertionError: greece_albums: stale (greece-albums)
E       assert '2026-08-08' == '2026-09-26'
E         
E         - 2026-09-26
E         + 2026-08-08

tests/test_freshness.py:70: AssertionError
__________ test_latest_stored_week_is_latest_published[hot_rnb_songs] __________

key = 'hot_rnb_songs'

    @pytest.mark.skipif(not LIVE, reason='live Billboard check; set BILLBOARD_LIVE=1')
    @pytest.mark.parametrize('key', sorted(set(REGISTRY) - set(FROZEN)))
    def test_latest_stored_week_is_latest_published(key):
        from fast_billboard_scraper import latest_published_week
        slug = KNOWN.get(key) or PLANNED.get(key)
>       assert slug, f'{key}: no proven slug in known_slugs.json or chart_plan.json'
E       AssertionError: hot_rnb_songs: no proven slug in known_slugs.json or chart_plan.json
E       assert None

tests/test_freshness.py:61: AssertionError
________ test_latest_stored_week_is_latest_published[lyricfind_global] _________

self = <urllib3.connectionpool.HTTPSConnectionPool object at 0x1815ded70>
conn = <urllib3.connection.HTTPSConnection object at 0x17ee7f110>
method = 'GET', url = '/charts/lyricfind-global/', body = None
headers = {'User-Agent': 'Mozilla/5.0 (Macintosh; Intel Mac OS X 10_15_7) AppleWebKit/537.36', 'Accept-Encoding': 'gzip, deflate, br, zstd', 'Accept': '*/*', 'Connection': 'keep-alive'}
retries = Retry(total=0, connect=None, read=False, redirect=None, status=None)
timeout = Timeout(connect=15, read=15, total=None), chunked = False
response_conn = <urllib3.connection.HTTPSConnection object at 0x17ee7f110>
preload_content = False, decode_content = False, enforce_content_length = True

    def _make_request(
        self,
        conn: BaseHTTPConnection,
        method: str,
        url: str,
        body: _TYPE_BODY | None = None,
        headers: typing.Mapping[str, str] | None = None,
        retries: Retry | None = None,
        timeout: _TYPE_TIMEOUT = _DEFAULT_TIMEOUT,
        chunked: bool = False,
        response_conn: BaseHTTPConnection | None = None,
        preload_content: bool = True,
        decode_content: bool = True,
        enforce_content_length: bool = True,
    ) -> BaseHTTPResponse:
        """
        Perform a request on a given urllib connection object taken from our
        pool.
    
        :param conn:
            a connection from one of our connection pools
    
        :param method:
            HTTP request method (such as GET, POST, PUT, etc.)
    
        :param url:
            The URL to perform the request on.
    
        :param body:
            Data to send in the request body, either :class:`str`, :class:`bytes`,
            an iterable of :class:`str`/:class:`bytes`, or a file-like object.
    
        :param headers:
            Dictionary of custom headers to send, such as User-Agent,
            If-None-Match, etc. If None, pool headers are used. If provided,
            these headers completely replace any pool-specific headers.
    
        :param retries:
            Configure the number of retries to allow before raising a
            :class:`~urllib3.exceptions.MaxRetryError` exception.
    
            Pass ``None`` to retry until you receive a response. Pass a
            :class:`~urllib3.util.retry.Retry` object for fine-grained control
            over different types of retries.
            Pass an integer number to retry connection errors that many times,
            but no other types of errors. Pass zero to never retry.
    
            If ``False``, then retries are disabled and any exception is raised
            immediately. Also, instead of raising a MaxRetryError on redirects,
            the redirect response will be returned.
    
        :type retries: :class:`~urllib3.util.retry.Retry`, False, or an int.
    
        :param timeout:
            If specified, overrides the default timeout for this one
            request. It may be a float (in seconds) or an instance of
            :class:`urllib3.util.Timeout`.
    
        :param chunked:
            If True, urllib3 will send the body using chunked transfer
            encoding. Otherwise, urllib3 will send the body using the standard
            content-length form. Defaults to False.
    
        :param response_conn:
            Set this to ``None`` if you will handle releasing the connection or
            set the connection to have the response release it.
    
        :param preload_content:
          If True, the response's body will be preloaded during construction.
    
        :param decode_content:
            If True, will attempt to decode the body based on the
            'content-encoding' header.
    
        :param enforce_content_length:
            Enforce content length checking. Body returned by server must match
            value of Content-Length header, if present. Otherwise, raise error.
        """
        self.num_requests += 1
    
        timeout_obj = self._get_timeout(timeout)
        timeout_obj.start_connect()
        conn.timeout = Timeout.resolve_default_timeout(timeout_obj.connect_timeout)
    
        try:
            # Trigger any extra validation we need to do.
            try:
                self._validate_conn(conn)
            except (SocketTimeout, BaseSSLError) as e:
                self._raise_timeout(err=e, url=url, timeout_value=conn.timeout)
                raise
    
        # _validate_conn() starts the connection to an HTTPS proxy
        # so we need to wrap errors with 'ProxyError' here too.
        except (
            OSError,
            NewConnectionError,
            TimeoutError,
            BaseSSLError,
            CertificateError,
            SSLError,
        ) as e:
            new_e: Exception = e
            if isinstance(e, (BaseSSLError, CertificateError)):
                new_e = SSLError(e)
            # If the connection didn't successfully connect to it's proxy
            # then there
            if isinstance(
                new_e, (OSError, NewConnectionError, TimeoutError, SSLError)
            ) and (conn and conn.proxy and not conn.has_connected_to_proxy):
                new_e = _wrap_proxy_error(new_e, conn.proxy.scheme)
            raise new_e
    
        # conn.request() calls http.client.*.request, not the method in
        # urllib3.request. It also calls makefile (recv) on the socket.
        try:
            conn.request(
                method,
                url,
                body=body,
                headers=headers,
                chunked=chunked,
                preload_content=preload_content,
                decode_content=decode_content,
                enforce_content_length=enforce_content_length,
            )
    
        # We are swallowing BrokenPipeError (errno.EPIPE) since the server is
        # legitimately able to close the connection after sending a valid response.
        # With this behaviour, the received response is still readable.
        except BrokenPipeError:
            pass
        except OSError as e:
            # MacOS/Linux
            # EPROTOTYPE and ECONNRESET are needed on macOS
            # https://erickt.github.io/blog/2014/11/19/adventures-in-debugging-a-potential-osx-kernel-bug/
            # Condition changed later to emit ECONNRESET instead of only EPROTOTYPE.
            if e.errno != errno.EPROTOTYPE and e.errno != errno.ECONNRESET:
                raise
    
        # Reset the timeout for the recv() on the socket
        read_timeout = timeout_obj.read_timeout
    
        if not conn.is_closed:
            # In Python 3 socket.py will catch EAGAIN and return None when you
            # try and read into the file pointer created by http.client, which
            # instead raises a BadStatusLine exception. Instead of catching
            # the exception and assuming all BadStatusLine exceptions are read
            # timeouts, check for a zero timeout before making the request.
            if read_timeout == 0:
                raise ReadTimeoutError(
                    self, url, f"Read timed out. (read timeout={read_timeout})"
                )
            conn.timeout = read_timeout
    
        # Receive the response from the server
        try:
>           response = conn.getresponse()

/opt/anaconda3/lib/python3.13/site-packages/urllib3/connectionpool.py:534: 
_ _ _ _ _ _ _ _ _ _ _ _ _ _ _ _ _ _ _ _ _ _ _ _ _ _ _ _ _ _ _ _ _ _ _ _ _ _ _ _ 
/opt/anaconda3/lib/python3.13/site-packages/urllib3/connection.py:516: in getresponse
    httplib_response = super().getresponse()
/opt/anaconda3/lib/python3.13/http/client.py:1430: in getresponse
    response.begin()
/opt/anaconda3/lib/python3.13/http/client.py:331: in begin
    version, status, reason = self._read_status()
/opt/anaconda3/lib/python3.13/http/client.py:292: in _read_status
    line = str(self.fp.readline(_MAXLINE + 1), "iso-8859-1")
/opt/anaconda3/lib/python3.13/socket.py:719: in readinto
    return self._sock.recv_into(b)
/opt/anaconda3/lib/python3.13/ssl.py:1304: in recv_into
    return self.read(nbytes, buffer)
_ _ _ _ _ _ _ _ _ _ _ _ _ _ _ _ _ _ _ _ _ _ _ _ _ _ _ _ _ _ _ _ _ _ _ _ _ _ _ _ 

self = <ssl.SSLSocket [closed] fd=-1, family=30, type=1, proto=0>, len = 8192
buffer = <memory at 0x10ad79600>

    def read(self, len=1024, buffer=None):
        """Read up to LEN bytes and return them.
        Return zero-length string on EOF."""
    
        self._checkClosed()
        if self._sslobj is None:
            raise ValueError("Read on closed or unwrapped SSL socket.")
        try:
            if buffer is not None:
>               return self._sslobj.read(len, buffer)
E               TimeoutError: The read operation timed out

/opt/anaconda3/lib/python3.13/ssl.py:1138: TimeoutError

The above exception was the direct cause of the following exception:

self = <requests.adapters.HTTPAdapter object at 0x18485d0d0>
request = <PreparedRequest [GET]>, stream = False
timeout = Timeout(connect=15, read=15, total=None), verify = True, cert = None
proxies = OrderedDict()

    def send(
        self, request, stream=False, timeout=None, verify=True, cert=None, proxies=None
    ):
        """Sends PreparedRequest object. Returns Response object.
    
        :param request: The :class:`PreparedRequest <PreparedRequest>` being sent.
        :param stream: (optional) Whether to stream the request content.
        :param timeout: (optional) How long to wait for the server to send
            data before giving up, as a float, or a :ref:`(connect timeout,
            read timeout) <timeouts>` tuple.
        :type timeout: float or tuple or urllib3 Timeout object
        :param verify: (optional) Either a boolean, in which case it controls whether
            we verify the server's TLS certificate, or a string, in which case it
            must be a path to a CA bundle to use
        :param cert: (optional) Any user-provided SSL certificate to be trusted.
        :param proxies: (optional) The proxies dictionary to apply to the request.
        :rtype: requests.Response
        """
    
        try:
            conn = self.get_connection_with_tls_context(
                request, verify, proxies=proxies, cert=cert
            )
        except LocationValueError as e:
            raise InvalidURL(e, request=request)
    
        self.cert_verify(conn, request.url, verify, cert)
        url = self.request_url(request, proxies)
        self.add_headers(
            request,
            stream=stream,
            timeout=timeout,
            verify=verify,
            cert=cert,
            proxies=proxies,
        )
    
        chunked = not (request.body is None or "Content-Length" in request.headers)
    
        if isinstance(timeout, tuple):
            try:
                connect, read = timeout
                timeout = TimeoutSauce(connect=connect, read=read)
            except ValueError:
                raise ValueError(
                    f"Invalid timeout {timeout}. Pass a (connect, read) timeout tuple, "
                    f"or a single float to set both timeouts to the same value."
                )
        elif isinstance(timeout, TimeoutSauce):
            pass
        else:
            timeout = TimeoutSauce(connect=timeout, read=timeout)
    
        try:
>           resp = conn.urlopen(
                method=request.method,
                url=url,
                body=request.body,
                headers=request.headers,
                redirect=False,
                assert_same_host=False,
                preload_content=False,
                decode_content=False,
                retries=self.max_retries,
                timeout=timeout,
                chunked=chunked,
            )

/opt/anaconda3/lib/python3.13/site-packages/requests/adapters.py:667: 
_ _ _ _ _ _ _ _ _ _ _ _ _ _ _ _ _ _ _ _ _ _ _ _ _ _ _ _ _ _ _ _ _ _ _ _ _ _ _ _ 
/opt/anaconda3/lib/python3.13/site-packages/urllib3/connectionpool.py:841: in urlopen
    retries = retries.increment(
/opt/anaconda3/lib/python3.13/site-packages/urllib3/util/retry.py:474: in increment
    raise reraise(type(error), error, _stacktrace)
/opt/anaconda3/lib/python3.13/site-packages/urllib3/util/util.py:39: in reraise
    raise value
/opt/anaconda3/lib/python3.13/site-packages/urllib3/connectionpool.py:787: in urlopen
    response = self._make_request(
/opt/anaconda3/lib/python3.13/site-packages/urllib3/connectionpool.py:536: in _make_request
    self._raise_timeout(err=e, url=url, timeout_value=read_timeout)
_ _ _ _ _ _ _ _ _ _ _ _ _ _ _ _ _ _ _ _ _ _ _ _ _ _ _ _ _ _ _ _ _ _ _ _ _ _ _ _ 

self = <urllib3.connectionpool.HTTPSConnectionPool object at 0x1815ded70>
err = TimeoutError('The read operation timed out')
url = '/charts/lyricfind-global/', timeout_value = 15

    def _raise_timeout(
        self,
        err: BaseSSLError | OSError | SocketTimeout,
        url: str,
        timeout_value: _TYPE_TIMEOUT | None,
    ) -> None:
        """Is the error actually a timeout? Will raise a ReadTimeout or pass"""
    
        if isinstance(err, SocketTimeout):
>           raise ReadTimeoutError(
                self, url, f"Read timed out. (read timeout={timeout_value})"
            ) from err
E           urllib3.exceptions.ReadTimeoutError: HTTPSConnectionPool(host='www.billboard.com', port=443): Read timed out. (read timeout=15)

/opt/anaconda3/lib/python3.13/site-packages/urllib3/connectionpool.py:367: ReadTimeoutError

During handling of the above exception, another exception occurred:

key = 'lyricfind_global'

    @pytest.mark.skipif(not LIVE, reason='live Billboard check; set BILLBOARD_LIVE=1')
    @pytest.mark.parametrize('key', sorted(set(REGISTRY) - set(FROZEN)))
    def test_latest_stored_week_is_latest_published(key):
        from fast_billboard_scraper import latest_published_week
        slug = KNOWN.get(key) or PLANNED.get(key)
        assert slug, f'{key}: no proven slug in known_slugs.json or chart_plan.json'
        published = None
        for attempt in range(3):
>           published = latest_published_week(slug)

tests/test_freshness.py:64: 
_ _ _ _ _ _ _ _ _ _ _ _ _ _ _ _ _ _ _ _ _ _ _ _ _ _ _ _ _ _ _ _ _ _ _ _ _ _ _ _ 
scripts/fast_billboard_scraper.py:41: in latest_published_week
    response = requests.get(url, headers=headers, timeout=15)
/opt/anaconda3/lib/python3.13/site-packages/requests/api.py:73: in get
    return request("get", url, params=params, **kwargs)
/opt/anaconda3/lib/python3.13/site-packages/requests/api.py:59: in request
    return session.request(method=method, url=url, **kwargs)
/opt/anaconda3/lib/python3.13/site-packages/requests/sessions.py:589: in request
    resp = self.send(prep, **send_kwargs)
/opt/anaconda3/lib/python3.13/site-packages/requests/sessions.py:703: in send
    r = adapter.send(request, **kwargs)
_ _ _ _ _ _ _ _ _ _ _ _ _ _ _ _ _ _ _ _ _ _ _ _ _ _ _ _ _ _ _ _ _ _ _ _ _ _ _ _ 

self = <requests.adapters.HTTPAdapter object at 0x18485d0d0>
request = <PreparedRequest [GET]>, stream = False
timeout = Timeout(connect=15, read=15, total=None), verify = True, cert = None
proxies = OrderedDict()

    def send(
        self, request, stream=False, timeout=None, verify=True, cert=None, proxies=None
    ):
        """Sends PreparedRequest object. Returns Response object.
    
        :param request: The :class:`PreparedRequest <PreparedRequest>` being sent.
        :param stream: (optional) Whether to stream the request content.
        :param timeout: (optional) How long to wait for the server to send
            data before giving up, as a float, or a :ref:`(connect timeout,
            read timeout) <timeouts>` tuple.
        :type timeout: float or tuple or urllib3 Timeout object
        :param verify: (optional) Either a boolean, in which case it controls whether
            we verify the server's TLS certificate, or a string, in which case it
            must be a path to a CA bundle to use
        :param cert: (optional) Any user-provided SSL certificate to be trusted.
        :param proxies: (optional) The proxies dictionary to apply to the request.
        :rtype: requests.Response
        """
    
        try:
            conn = self.get_connection_with_tls_context(
                request, verify, proxies=proxies, cert=cert
            )
        except LocationValueError as e:
            raise InvalidURL(e, request=request)
    
        self.cert_verify(conn, request.url, verify, cert)
        url = self.request_url(request, proxies)
        self.add_headers(
            request,
            stream=stream,
            timeout=timeout,
            verify=verify,
            cert=cert,
            proxies=proxies,
        )
    
        chunked = not (request.body is None or "Content-Length" in request.headers)
    
        if isinstance(timeout, tuple):
            try:
                connect, read = timeout
                timeout = TimeoutSauce(connect=connect, read=read)
            except ValueError:
                raise ValueError(
                    f"Invalid timeout {timeout}. Pass a (connect, read) timeout tuple, "
                    f"or a single float to set both timeouts to the same value."
                )
        elif isinstance(timeout, TimeoutSauce):
            pass
        else:
            timeout = TimeoutSauce(connect=timeout, read=timeout)
    
        try:
            resp = conn.urlopen(
                method=request.method,
                url=url,
                body=request.body,
                headers=request.headers,
                redirect=False,
                assert_same_host=False,
                preload_content=False,
                decode_content=False,
                retries=self.max_retries,
                timeout=timeout,
                chunked=chunked,
            )
    
        except (ProtocolError, OSError) as err:
            raise ConnectionError(err, request=request)
    
        except MaxRetryError as e:
            if isinstance(e.reason, ConnectTimeoutError):
                # TODO: Remove this in 3.0.0: see #2811
                if not isinstance(e.reason, NewConnectionError):
                    raise ConnectTimeout(e, request=request)
    
            if isinstance(e.reason, ResponseError):
                raise RetryError(e, request=request)
    
            if isinstance(e.reason, _ProxyError):
                raise ProxyError(e, request=request)
    
            if isinstance(e.reason, _SSLError):
                # This branch is for urllib3 v1.22 and later.
                raise SSLError(e, request=request)
    
            raise ConnectionError(e, request=request)
    
        except ClosedPoolError as e:
            raise ConnectionError(e, request=request)
    
        except _ProxyError as e:
            raise ProxyError(e)
    
        except (_SSLError, _HTTPError) as e:
            if isinstance(e, _SSLError):
                # This branch is for urllib3 versions earlier than v1.22
                raise SSLError(e, request=request)
            elif isinstance(e, ReadTimeoutError):
>               raise ReadTimeout(e, request=request)
E               requests.exceptions.ReadTimeout: HTTPSConnectionPool(host='www.billboard.com', port=443): Read timed out. (read timeout=15)

/opt/anaconda3/lib/python3.13/site-packages/requests/adapters.py:713: ReadTimeout
________ test_latest_stored_week_is_latest_published[netherlands_hotw] _________

key = 'netherlands_hotw'

    @pytest.mark.skipif(not LIVE, reason='live Billboard check; set BILLBOARD_LIVE=1')
    @pytest.mark.parametrize('key', sorted(set(REGISTRY) - set(FROZEN)))
    def test_latest_stored_week_is_latest_published(key):
        from fast_billboard_scraper import latest_published_week
        slug = KNOWN.get(key) or PLANNED.get(key)
        assert slug, f'{key}: no proven slug in known_slugs.json or chart_plan.json'
        published = None
        for attempt in range(3):
            published = latest_published_week(slug)
            if published:
                break
            time.sleep(2 * (attempt + 1))
        time.sleep(0.5)
>       assert published, f'{key}: {slug} served no week heading'
E       AssertionError: netherlands_hotw: netherlands-songs-hotw served no week heading
E       assert None

tests/test_freshness.py:69: AssertionError
_______ test_latest_stored_week_is_latest_published[smooth_jazz_airplay] _______

key = 'smooth_jazz_airplay'

    @pytest.mark.skipif(not LIVE, reason='live Billboard check; set BILLBOARD_LIVE=1')
    @pytest.mark.parametrize('key', sorted(set(REGISTRY) - set(FROZEN)))
    def test_latest_stored_week_is_latest_published(key):
        from fast_billboard_scraper import latest_published_week
        slug = KNOWN.get(key) or PLANNED.get(key)
>       assert slug, f'{key}: no proven slug in known_slugs.json or chart_plan.json'
E       AssertionError: smooth_jazz_airplay: no proven slug in known_slugs.json or chart_plan.json
E       assert None

tests/test_freshness.py:61: AssertionError
__________ test_latest_stored_week_is_latest_published[world_albums] ___________

key = 'world_albums'

    @pytest.mark.skipif(not LIVE, reason='live Billboard check; set BILLBOARD_LIVE=1')
    @pytest.mark.parametrize('key', sorted(set(REGISTRY) - set(FROZEN)))
    def test_latest_stored_week_is_latest_published(key):
        from fast_billboard_scraper import latest_published_week
        slug = KNOWN.get(key) or PLANNED.get(key)
>       assert slug, f'{key}: no proven slug in known_slugs.json or chart_plan.json'
E       AssertionError: world_albums: no proven slug in known_slugs.json or chart_plan.json
E       assert None

tests/test_freshness.py:61: AssertionError
=========================== short test summary info ============================
FAILED tests/test_freshness.py::test_latest_stored_week_is_latest_published[adult_alternative]
FAILED tests/test_freshness.py::test_latest_stored_week_is_latest_published[afrobeats_songs]
FAILED tests/test_freshness.py::test_latest_stored_week_is_latest_published[australia_albums]
FAILED tests/test_freshness.py::test_latest_stored_week_is_latest_published[greece_albums]
FAILED tests/test_freshness.py::test_latest_stored_week_is_latest_published[hot_rnb_songs]
FAILED tests/test_freshness.py::test_latest_stored_week_is_latest_published[lyricfind_global]
FAILED tests/test_freshness.py::test_latest_stored_week_is_latest_published[netherlands_hotw]
FAILED tests/test_freshness.py::test_latest_stored_week_is_latest_published[smooth_jazz_airplay]
FAILED tests/test_freshness.py::test_latest_stored_week_is_latest_published[world_albums]
9 failed, 143 passed, 9 deselected in 229.96s (0:03:49)
