greece-albums: 788 weeks total, 0 present, 788 to fetch
  📥 Scraping greece-albums for 2011-07-23... ✓ (10 songs)
  📥 Scraping greece-albums for 2011-07-30... ✓ (10 songs)
  📥 Scraping greece-albums for 2011-08-06... ✓ (10 songs)
  📥 Scraping greece-albums for 2011-08-13... ✓ (10 songs)
  📥 Scraping greece-albums for 2011-08-20... ✓ (10 songs)
  📥 Scraping greece-albums for 2011-08-27... ✓ (10 songs)
  📥 Scraping greece-albums for 2011-09-03... ✓ (10 songs)
  📥 Scraping greece-albums for 2011-09-10... ✓ (10 songs)
  📥 Scraping greece-albums for 2011-09-17... ✓ (10 songs)
  📥 Scraping greece-albums for 2011-09-24... ✓ (10 songs)
  📥 Scraping greece-albums for 2011-10-01... ✓ (10 songs)
  📥 Scraping greece-albums for 2011-10-08... ✓ (10 songs)
  📥 Scraping greece-albums for 2011-10-15... ✓ (10 songs)
  📥 Scraping greece-albums for 2011-10-22... ✓ (10 songs)
  📥 Scraping greece-albums for 2011-10-29... ✓ (10 songs)
  📥 Scraping greece-albums for 2011-11-05... ✓ (10 songs)
  📥 Scraping greece-albums for 2011-11-12... ✓ (10 songs)
  📥 Scraping greece-albums for 2011-11-19... ✓ (10 songs)
  📥 Scraping greece-albums for 2011-11-26... ✓ (10 songs)
  📥 Scraping greece-albums for 2011-12-03... ✓ (10 songs)
  📥 Scraping greece-albums for 2011-12-10... ✓ (10 songs)
  📥 Scraping greece-albums for 2011-12-17... ✓ (10 songs)
  📥 Scraping greece-albums for 2011-12-24... ✓ (10 songs)
  📥 Scraping greece-albums for 2011-12-31... ✓ (10 songs)
  📥 Scraping greece-albums for 2012-01-07... ✓ (10 songs)
  greece-albums: 25/788 fetched, 0 failed, 3 clamped
  📥 Scraping greece-albums for 2012-01-14... ✓ (10 songs)
  📥 Scraping greece-albums for 2012-01-21... ✓ (10 songs)
  📥 Scraping greece-albums for 2012-01-28... ✓ (10 songs)
  📥 Scraping greece-albums for 2012-02-04... ✓ (10 songs)
  📥 Scraping greece-albums for 2012-02-11... ✓ (10 songs)
  📥 Scraping greece-albums for 2012-02-18... ✓ (10 songs)
  📥 Scraping greece-albums for 2012-02-25... ✓ (10 songs)
  📥 Scraping greece-albums for 2012-03-03... ✓ (10 songs)
  📥 Scraping greece-albums for 2012-03-10... ✓ (10 songs)
  📥 Scraping greece-albums for 2012-03-17... ✓ (10 songs)
  📥 Scraping greece-albums for 2012-03-24... ✓ (10 songs)
  📥 Scraping greece-albums for 2012-03-31... ✓ (10 songs)
  📥 Scraping greece-albums for 2012-04-07... ✓ (10 songs)
  📥 Scraping greece-albums for 2012-04-14... ✓ (10 songs)
  📥 Scraping greece-albums for 2012-04-21... ✓ (10 songs)
  📥 Scraping greece-albums for 2012-04-28... ✓ (10 songs)
  📥 Scraping greece-albums for 2012-05-05... ✓ (10 songs)
  📥 Scraping greece-albums for 2012-05-12... ✓ (10 songs)
  📥 Scraping greece-albums for 2012-05-19... ✓ (10 songs)
  📥 Scraping greece-albums for 2012-05-26... ✓ (10 songs)
  📥 Scraping greece-albums for 2012-06-02... ✓ (10 songs)
  📥 Scraping greece-albums for 2012-06-09... ✓ (10 songs)
  📥 Scraping greece-albums for 2012-06-16... ✓ (10 songs)
  📥 Scraping greece-albums for 2012-06-23... ✓ (10 songs)
  📥 Scraping greece-albums for 2012-06-30... ✓ (10 songs)
  greece-albums: 50/788 fetched, 0 failed, 3 clamped
  📥 Scraping greece-albums for 2012-07-07... ✓ (10 songs)
  📥 Scraping greece-albums for 2012-07-14... ✓ (10 songs)
  📥 Scraping greece-albums for 2012-07-21... ✓ (10 songs)
  📥 Scraping greece-albums for 2012-07-28... ✓ (10 songs)
  📥 Scraping greece-albums for 2012-08-04... ✓ (10 songs)
  📥 Scraping greece-albums for 2012-08-11... ✓ (10 songs)
  📥 Scraping greece-albums for 2012-08-18... ✓ (10 songs)
  📥 Scraping greece-albums for 2012-08-25... ✓ (10 songs)
  📥 Scraping greece-albums for 2012-09-01... ✓ (10 songs)
  📥 Scraping greece-albums for 2012-09-08... ✓ (10 songs)
  📥 Scraping greece-albums for 2012-09-15... ✓ (10 songs)
  📥 Scraping greece-albums for 2012-09-22... ✓ (10 songs)
  📥 Scraping greece-albums for 2012-09-29... ✓ (10 songs)
  📥 Scraping greece-albums for 2012-10-06... ✓ (10 songs)
  📥 Scraping greece-albums for 2012-10-13... ✓ (10 songs)
  📥 Scraping greece-albums for 2012-10-20... ✓ (10 songs)
  📥 Scraping greece-albums for 2012-10-27... ✓ (10 songs)
  📥 Scraping greece-albums for 2012-11-03... ✓ (10 songs)
  📥 Scraping greece-albums for 2012-11-10... ✓ (10 songs)
  📥 Scraping greece-albums for 2012-11-17... ✓ (10 songs)
  📥 Scraping greece-albums for 2012-11-24... ✓ (10 songs)
  📥 Scraping greece-albums for 2012-12-01... ✓ (10 songs)
  📥 Scraping greece-albums for 2012-12-08... ✓ (10 songs)
  📥 Scraping greece-albums for 2012-12-15... ✓ (10 songs)
  📥 Scraping greece-albums for 2012-12-22... ✓ (10 songs)
  greece-albums: 75/788 fetched, 0 failed, 4 clamped
  📥 Scraping greece-albums for 2012-12-29... ✓ (10 songs)
  📥 Scraping greece-albums for 2013-01-05... ✓ (10 songs)
  📥 Scraping greece-albums for 2013-01-12... ✓ (10 songs)
  📥 Scraping greece-albums for 2013-01-19... ✓ (10 songs)
  📥 Scraping greece-albums for 2013-01-26... ✓ (10 songs)
  📥 Scraping greece-albums for 2013-02-02... ✓ (10 songs)
  📥 Scraping greece-albums for 2013-02-09... ✓ (10 songs)
  📥 Scraping greece-albums for 2013-02-16... ✓ (10 songs)
  📥 Scraping greece-albums for 2013-02-23... ✓ (10 songs)
  📥 Scraping greece-albums for 2013-03-02... ✓ (10 songs)
  📥 Scraping greece-albums for 2013-03-09... ✓ (10 songs)
  📥 Scraping greece-albums for 2013-03-16... ✓ (10 songs)
  📥 Scraping greece-albums for 2013-03-23... ✓ (10 songs)
  📥 Scraping greece-albums for 2013-03-30... ✓ (10 songs)
  📥 Scraping greece-albums for 2013-04-06... ✓ (10 songs)
  📥 Scraping greece-albums for 2013-04-13... ✓ (10 songs)
  📥 Scraping greece-albums for 2013-04-20... ✓ (10 songs)
  📥 Scraping greece-albums for 2013-04-27... ✓ (10 songs)
  📥 Scraping greece-albums for 2013-05-04... ✓ (10 songs)
  📥 Scraping greece-albums for 2013-05-11... ✓ (10 songs)
  📥 Scraping greece-albums for 2013-05-18... ✓ (10 songs)
  📥 Scraping greece-albums for 2013-05-25... ✓ (10 songs)
  📥 Scraping greece-albums for 2013-06-01... ✓ (10 songs)
  📥 Scraping greece-albums for 2013-06-08... ✓ (10 songs)
  📥 Scraping greece-albums for 2013-06-15... ✓ (10 songs)
  greece-albums: 100/788 fetched, 0 failed, 5 clamped
  📥 Scraping greece-albums for 2013-06-22... ✓ (10 songs)
  📥 Scraping greece-albums for 2013-06-29... ✓ (10 songs)
  📥 Scraping greece-albums for 2013-07-06... ✓ (10 songs)
  📥 Scraping greece-albums for 2013-07-13... ✓ (10 songs)
  📥 Scraping greece-albums for 2013-07-20... ✓ (10 songs)
  📥 Scraping greece-albums for 2013-07-27... ✓ (10 songs)
  📥 Scraping greece-albums for 2013-08-03... ✓ (10 songs)
  📥 Scraping greece-albums for 2013-08-10... ✓ (10 songs)
  📥 Scraping greece-albums for 2013-08-17... ✓ (10 songs)
  📥 Scraping greece-albums for 2013-08-24... ✓ (10 songs)
  📥 Scraping greece-albums for 2013-08-31... ✓ (10 songs)
  📥 Scraping greece-albums for 2013-09-07... ✓ (10 songs)
  📥 Scraping greece-albums for 2013-09-14... ✓ (10 songs)
  📥 Scraping greece-albums for 2013-09-21... ✓ (10 songs)
  📥 Scraping greece-albums for 2013-09-28... ✓ (10 songs)
  📥 Scraping greece-albums for 2013-10-05... ✓ (10 songs)
  📥 Scraping greece-albums for 2013-10-12... ✓ (10 songs)
  📥 Scraping greece-albums for 2013-10-19... ✓ (10 songs)
  📥 Scraping greece-albums for 2013-10-26... ✓ (10 songs)
  📥 Scraping greece-albums for 2013-11-02... ✓ (10 songs)
  📥 Scraping greece-albums for 2013-11-09... ✓ (10 songs)
  📥 Scraping greece-albums for 2013-11-16... ✓ (10 songs)
  📥 Scraping greece-albums for 2013-11-23... ✓ (10 songs)
  📥 Scraping greece-albums for 2013-11-30... ✓ (10 songs)
  📥 Scraping greece-albums for 2013-12-07... ✓ (10 songs)
  greece-albums: 125/788 fetched, 0 failed, 6 clamped
  📥 Scraping greece-albums for 2013-12-14... ✓ (10 songs)
  📥 Scraping greece-albums for 2013-12-21... ✓ (10 songs)
  📥 Scraping greece-albums for 2013-12-28... ✓ (10 songs)
  📥 Scraping greece-albums for 2014-01-04... ✓ (10 songs)
  📥 Scraping greece-albums for 2014-01-11... ✓ (10 songs)
  📥 Scraping greece-albums for 2014-01-18... ✓ (10 songs)
  📥 Scraping greece-albums for 2014-01-25... ✓ (10 songs)
  📥 Scraping greece-albums for 2014-02-01... ✓ (10 songs)
  📥 Scraping greece-albums for 2014-02-08... ✓ (10 songs)
  📥 Scraping greece-albums for 2014-02-15... ✓ (10 songs)
  📥 Scraping greece-albums for 2014-02-22... ✓ (10 songs)
  📥 Scraping greece-albums for 2014-03-01... ✓ (10 songs)
  📥 Scraping greece-albums for 2014-03-08... ✓ (10 songs)
  📥 Scraping greece-albums for 2014-03-15... ✓ (10 songs)
  📥 Scraping greece-albums for 2014-03-22... ✓ (10 songs)
  📥 Scraping greece-albums for 2014-03-29... ✓ (10 songs)
  📥 Scraping greece-albums for 2014-04-05... ✓ (10 songs)
  📥 Scraping greece-albums for 2014-04-12... ✓ (10 songs)
  📥 Scraping greece-albums for 2014-04-19... ✓ (10 songs)
  📥 Scraping greece-albums for 2014-04-26... ✓ (10 songs)
  📥 Scraping greece-albums for 2014-05-03... ✓ (10 songs)
  📥 Scraping greece-albums for 2014-05-10... ✓ (10 songs)
  📥 Scraping greece-albums for 2014-05-17... ✓ (10 songs)
  📥 Scraping greece-albums for 2014-05-24... ✓ (10 songs)
  📥 Scraping greece-albums for 2014-05-31... ✓ (10 songs)
  greece-albums: 150/788 fetched, 0 failed, 6 clamped
  📥 Scraping greece-albums for 2014-06-07... ✓ (10 songs)
  📥 Scraping greece-albums for 2014-06-14... ✓ (10 songs)
  📥 Scraping greece-albums for 2014-06-21... ✓ (10 songs)
  📥 Scraping greece-albums for 2014-06-28... ✓ (10 songs)
  📥 Scraping greece-albums for 2014-07-05... ✓ (10 songs)
  📥 Scraping greece-albums for 2014-07-12... ✓ (10 songs)
  📥 Scraping greece-albums for 2014-07-19... ✓ (10 songs)
  📥 Scraping greece-albums for 2014-07-26... ✓ (10 songs)
  📥 Scraping greece-albums for 2014-08-02... ✓ (10 songs)
  📥 Scraping greece-albums for 2014-08-09... ✓ (10 songs)
  📥 Scraping greece-albums for 2014-08-16... ✓ (10 songs)
  📥 Scraping greece-albums for 2014-08-23... ✓ (10 songs)
  📥 Scraping greece-albums for 2014-08-30... ✓ (10 songs)
  📥 Scraping greece-albums for 2014-09-06... ✓ (10 songs)
  📥 Scraping greece-albums for 2014-09-13... ✓ (10 songs)
  📥 Scraping greece-albums for 2014-09-20... ✓ (10 songs)
  📥 Scraping greece-albums for 2014-09-27... ✓ (10 songs)
  📥 Scraping greece-albums for 2014-10-04... ✓ (10 songs)
  📥 Scraping greece-albums for 2014-10-11... ✓ (10 songs)
  📥 Scraping greece-albums for 2014-10-18... ✓ (10 songs)
  📥 Scraping greece-albums for 2014-10-25... ✓ (10 songs)
  📥 Scraping greece-albums for 2014-11-01... ✓ (10 songs)
  📥 Scraping greece-albums for 2014-11-08... ✓ (10 songs)
  📥 Scraping greece-albums for 2014-11-15... ✓ (10 songs)
  📥 Scraping greece-albums for 2014-11-22... ✓ (10 songs)
  greece-albums: 175/788 fetched, 0 failed, 7 clamped
  📥 Scraping greece-albums for 2014-11-29... ✓ (10 songs)
  📥 Scraping greece-albums for 2014-12-06... ✓ (10 songs)
  📥 Scraping greece-albums for 2014-12-13... ✓ (10 songs)
  📥 Scraping greece-albums for 2014-12-20... ✓ (10 songs)
  📥 Scraping greece-albums for 2014-12-27... ✓ (10 songs)
  📥 Scraping greece-albums for 2015-01-03... ✓ (10 songs)
  📥 Scraping greece-albums for 2015-01-10... ✓ (10 songs)
  📥 Scraping greece-albums for 2015-01-17... ✓ (10 songs)
  📥 Scraping greece-albums for 2015-01-24... ✓ (10 songs)
  📥 Scraping greece-albums for 2015-01-31... ✓ (10 songs)
  📥 Scraping greece-albums for 2015-02-07... ✓ (10 songs)
  📥 Scraping greece-albums for 2015-02-14... ✓ (10 songs)
  📥 Scraping greece-albums for 2015-02-21... ✓ (10 songs)
  📥 Scraping greece-albums for 2015-02-28... ✓ (10 songs)
  📥 Scraping greece-albums for 2015-03-07... ✓ (10 songs)
  📥 Scraping greece-albums for 2015-03-14... ✓ (10 songs)
  📥 Scraping greece-albums for 2015-03-21... ✓ (10 songs)
  📥 Scraping greece-albums for 2015-03-28... ✓ (10 songs)
  📥 Scraping greece-albums for 2015-04-04... ✓ (10 songs)
  📥 Scraping greece-albums for 2015-04-11... ✓ (10 songs)
  📥 Scraping greece-albums for 2015-04-18... ✓ (10 songs)
  📥 Scraping greece-albums for 2015-04-25... ✓ (10 songs)
  📥 Scraping greece-albums for 2015-05-02... ✓ (10 songs)
  📥 Scraping greece-albums for 2015-05-09... ✓ (10 songs)
  📥 Scraping greece-albums for 2015-05-16... ✓ (10 songs)
  greece-albums: 200/788 fetched, 0 failed, 7 clamped
  📥 Scraping greece-albums for 2015-05-23... ✓ (10 songs)
  📥 Scraping greece-albums for 2015-05-30... ✓ (10 songs)
  📥 Scraping greece-albums for 2015-06-06... ✓ (10 songs)
  📥 Scraping greece-albums for 2015-06-13... ✓ (10 songs)
  📥 Scraping greece-albums for 2015-06-20... ✓ (10 songs)
  📥 Scraping greece-albums for 2015-06-27... ✓ (10 songs)
  📥 Scraping greece-albums for 2015-07-04... ✓ (10 songs)
  📥 Scraping greece-albums for 2015-07-11... ✓ (10 songs)
  📥 Scraping greece-albums for 2015-07-18... ✓ (10 songs)
  📥 Scraping greece-albums for 2015-07-25... ✓ (10 songs)
  📥 Scraping greece-albums for 2015-08-01... ✓ (10 songs)
  📥 Scraping greece-albums for 2015-08-08... ✓ (10 songs)
  📥 Scraping greece-albums for 2015-08-15... ✓ (10 songs)
  📥 Scraping greece-albums for 2015-08-22... ✓ (10 songs)
  📥 Scraping greece-albums for 2015-08-29... ✓ (10 songs)
  📥 Scraping greece-albums for 2015-09-05... ✓ (10 songs)
  📥 Scraping greece-albums for 2015-09-12... ✓ (10 songs)
  📥 Scraping greece-albums for 2015-09-19... ✓ (10 songs)
  📥 Scraping greece-albums for 2015-09-26... ✓ (10 songs)
  📥 Scraping greece-albums for 2015-10-03... ✓ (10 songs)
  📥 Scraping greece-albums for 2015-10-10... ✓ (10 songs)
  📥 Scraping greece-albums for 2015-10-17... ✓ (10 songs)
  📥 Scraping greece-albums for 2015-10-24... ✓ (10 songs)
  📥 Scraping greece-albums for 2015-10-31... ✓ (10 songs)
  📥 Scraping greece-albums for 2015-11-07... ✓ (10 songs)
  greece-albums: 225/788 fetched, 0 failed, 9 clamped
  📥 Scraping greece-albums for 2015-11-14... ✓ (10 songs)
  📥 Scraping greece-albums for 2015-11-21... ✓ (10 songs)
  📥 Scraping greece-albums for 2015-11-28... ✓ (10 songs)
  📥 Scraping greece-albums for 2015-12-05... ✓ (10 songs)
  📥 Scraping greece-albums for 2015-12-12... ✓ (10 songs)
  📥 Scraping greece-albums for 2015-12-19... ✓ (10 songs)
  📥 Scraping greece-albums for 2015-12-26... ✓ (10 songs)
  📥 Scraping greece-albums for 2016-01-02... ✓ (10 songs)
  📥 Scraping greece-albums for 2016-01-09... ✓ (10 songs)
  📥 Scraping greece-albums for 2016-01-16... ✓ (10 songs)
  📥 Scraping greece-albums for 2016-01-23... ✓ (10 songs)
  📥 Scraping greece-albums for 2016-01-30... ✓ (10 songs)
  📥 Scraping greece-albums for 2016-02-06... ✓ (10 songs)
  📥 Scraping greece-albums for 2016-02-13... ✓ (10 songs)
  📥 Scraping greece-albums for 2016-02-20... ✓ (10 songs)
  📥 Scraping greece-albums for 2016-02-27... ✓ (10 songs)
  📥 Scraping greece-albums for 2016-03-05... ✓ (10 songs)
  📥 Scraping greece-albums for 2016-03-12... ✓ (10 songs)
  📥 Scraping greece-albums for 2016-03-19... ✓ (10 songs)
  📥 Scraping greece-albums for 2016-03-26... ✓ (10 songs)
  📥 Scraping greece-albums for 2016-04-02... ✓ (10 songs)
  📥 Scraping greece-albums for 2016-04-09... ✓ (10 songs)
  📥 Scraping greece-albums for 2016-04-16... ✓ (10 songs)
  📥 Scraping greece-albums for 2016-04-23... ✓ (10 songs)
  📥 Scraping greece-albums for 2016-04-30... ✓ (10 songs)
  greece-albums: 250/788 fetched, 0 failed, 9 clamped
  📥 Scraping greece-albums for 2016-05-07... ✓ (10 songs)
  📥 Scraping greece-albums for 2016-05-14... ✓ (10 songs)
  📥 Scraping greece-albums for 2016-05-21... ✓ (10 songs)
  📥 Scraping greece-albums for 2016-05-28... ✓ (10 songs)
  📥 Scraping greece-albums for 2016-06-04... ✓ (10 songs)
  📥 Scraping greece-albums for 2016-06-11... ✓ (10 songs)
  📥 Scraping greece-albums for 2016-06-18... ✓ (10 songs)
  📥 Scraping greece-albums for 2016-06-25... ✓ (10 songs)
  📥 Scraping greece-albums for 2016-07-02... ✓ (10 songs)
  📥 Scraping greece-albums for 2016-07-09... ✓ (10 songs)
  📥 Scraping greece-albums for 2016-07-16... ✓ (10 songs)
  📥 Scraping greece-albums for 2016-07-23... ✓ (10 songs)
  📥 Scraping greece-albums for 2016-07-30... ✓ (10 songs)
  📥 Scraping greece-albums for 2016-08-06... ✓ (10 songs)
  📥 Scraping greece-albums for 2016-08-13... ✓ (10 songs)
  📥 Scraping greece-albums for 2016-08-20... ✓ (10 songs)
  📥 Scraping greece-albums for 2016-08-27... ✓ (10 songs)
  📥 Scraping greece-albums for 2016-09-03... ✓ (10 songs)
  📥 Scraping greece-albums for 2016-09-10... ✓ (10 songs)
  📥 Scraping greece-albums for 2016-09-17... ✓ (10 songs)
  📥 Scraping greece-albums for 2016-09-24... ✓ (10 songs)
  📥 Scraping greece-albums for 2016-10-01... ✓ (10 songs)
  📥 Scraping greece-albums for 2016-10-08... ✓ (10 songs)
  📥 Scraping greece-albums for 2016-10-15... ✓ (10 songs)
  📥 Scraping greece-albums for 2016-10-22... ✓ (10 songs)
  greece-albums: 275/788 fetched, 0 failed, 11 clamped
  📥 Scraping greece-albums for 2016-10-29... ✓ (10 songs)
  📥 Scraping greece-albums for 2016-11-05... ✓ (10 songs)
  📥 Scraping greece-albums for 2016-11-12... ✓ (10 songs)
  📥 Scraping greece-albums for 2016-11-19... ✓ (10 songs)
  📥 Scraping greece-albums for 2016-11-26... ✓ (10 songs)
  📥 Scraping greece-albums for 2016-12-03... ✓ (10 songs)
  📥 Scraping greece-albums for 2016-12-10... ✓ (10 songs)
  📥 Scraping greece-albums for 2016-12-17... ✓ (10 songs)
  📥 Scraping greece-albums for 2016-12-24... ✓ (10 songs)
  📥 Scraping greece-albums for 2016-12-31... ✓ (10 songs)
  📥 Scraping greece-albums for 2017-01-07... ✓ (10 songs)
  📥 Scraping greece-albums for 2017-01-14... ✓ (10 songs)
  📥 Scraping greece-albums for 2017-01-21... ✓ (10 songs)
  📥 Scraping greece-albums for 2017-01-28... ✓ (10 songs)
  📥 Scraping greece-albums for 2017-02-04... ✓ (10 songs)
  📥 Scraping greece-albums for 2017-02-11... ✓ (10 songs)
  📥 Scraping greece-albums for 2017-02-18... ✓ (10 songs)
  📥 Scraping greece-albums for 2017-02-25... ✓ (10 songs)
  📥 Scraping greece-albums for 2017-03-04... ✓ (10 songs)
  📥 Scraping greece-albums for 2017-03-11... ✓ (10 songs)
  📥 Scraping greece-albums for 2017-03-18... ✓ (10 songs)
  📥 Scraping greece-albums for 2017-03-25... ✓ (10 songs)
  📥 Scraping greece-albums for 2017-04-01... ✓ (10 songs)
  📥 Scraping greece-albums for 2017-04-08... ✓ (10 songs)
  📥 Scraping greece-albums for 2017-04-15... ✓ (10 songs)
  greece-albums: 300/788 fetched, 0 failed, 12 clamped
  📥 Scraping greece-albums for 2017-04-22... ✓ (10 songs)
  📥 Scraping greece-albums for 2017-04-29... ✓ (10 songs)
  📥 Scraping greece-albums for 2017-05-06... ✓ (10 songs)
  📥 Scraping greece-albums for 2017-05-13... ✓ (10 songs)
  📥 Scraping greece-albums for 2017-05-20... ✓ (10 songs)
  📥 Scraping greece-albums for 2017-05-27... ✓ (10 songs)
  📥 Scraping greece-albums for 2017-06-03... ✓ (10 songs)
  📥 Scraping greece-albums for 2017-06-10... ✓ (10 songs)
  📥 Scraping greece-albums for 2017-06-17... ✓ (10 songs)
  📥 Scraping greece-albums for 2017-06-24... ✓ (10 songs)
  📥 Scraping greece-albums for 2017-07-01... ✓ (10 songs)
  📥 Scraping greece-albums for 2017-07-08... ✓ (10 songs)
  📥 Scraping greece-albums for 2017-07-15... ✓ (10 songs)
  📥 Scraping greece-albums for 2017-07-22... ✓ (10 songs)
  📥 Scraping greece-albums for 2017-07-29... ✓ (10 songs)
  📥 Scraping greece-albums for 2017-08-05... ✓ (10 songs)
  📥 Scraping greece-albums for 2017-08-12... ✓ (10 songs)
  📥 Scraping greece-albums for 2017-08-19... ✗ Billboard served 2017-09-23, not 2017-08-19 — skipping
  📥 Scraping greece-albums for 2017-08-19... ✗ Billboard served 2017-09-23, not 2017-08-19 — skipping
  📥 Scraping greece-albums for 2017-08-19... ✗ Billboard served 2017-09-23, not 2017-08-19 — skipping
  📥 Scraping greece-albums for 2017-08-26... ✗ Billboard served 2017-09-23, not 2017-08-26 — skipping
  📥 Scraping greece-albums for 2017-08-26... ✗ Billboard served 2017-09-23, not 2017-08-26 — skipping
  📥 Scraping greece-albums for 2017-08-26... ✗ Billboard served 2017-09-23, not 2017-08-26 — skipping
  📥 Scraping greece-albums for 2017-09-02... ✗ Billboard served 2017-09-23, not 2017-09-02 — skipping
  📥 Scraping greece-albums for 2017-09-02... ✗ Billboard served 2017-09-23, not 2017-09-02 — skipping
  📥 Scraping greece-albums for 2017-09-02... ✗ Billboard served 2017-09-23, not 2017-09-02 — skipping
  📥 Scraping greece-albums for 2017-09-09... ✗ Billboard served 2017-09-23, not 2017-09-09 — skipping
  📥 Scraping greece-albums for 2017-09-09... ✗ Billboard served 2017-09-23, not 2017-09-09 — skipping
  📥 Scraping greece-albums for 2017-09-09... ✗ Billboard served 2017-09-23, not 2017-09-09 — skipping
  📥 Scraping greece-albums for 2017-09-16... ✗ Billboard served 2017-09-23, not 2017-09-16 — skipping
  📥 Scraping greece-albums for 2017-09-16... ✗ Billboard served 2017-09-23, not 2017-09-16 — skipping
  📥 Scraping greece-albums for 2017-09-16... ✗ Billboard served 2017-09-23, not 2017-09-16 — skipping
  📥 Scraping greece-albums for 2017-09-23... ✓ (10 songs)
  📥 Scraping greece-albums for 2017-09-30... ✓ (10 songs)
  📥 Scraping greece-albums for 2017-10-07... ✓ (10 songs)
  greece-albums: 325/788 fetched, 5 failed, 12 clamped
  📥 Scraping greece-albums for 2017-10-14... ✓ (10 songs)
  📥 Scraping greece-albums for 2017-10-21... ✓ (10 songs)
  📥 Scraping greece-albums for 2017-10-28... ✓ (10 songs)
  📥 Scraping greece-albums for 2017-11-04... ✓ (10 songs)
  📥 Scraping greece-albums for 2017-11-11... ✓ (10 songs)
  📥 Scraping greece-albums for 2017-11-18... ✓ (10 songs)
  📥 Scraping greece-albums for 2017-11-25... ✓ (10 songs)
  📥 Scraping greece-albums for 2017-12-02... ✓ (10 songs)
  📥 Scraping greece-albums for 2017-12-09... ✓ (10 songs)
  📥 Scraping greece-albums for 2017-12-16... ✓ (10 songs)
  📥 Scraping greece-albums for 2017-12-23... ✓ (10 songs)
  📥 Scraping greece-albums for 2017-12-30... ✓ (10 songs)
  📥 Scraping greece-albums for 2018-01-06... ✓ (10 songs)
  📥 Scraping greece-albums for 2018-01-13... ✓ (10 songs)
  📥 Scraping greece-albums for 2018-01-20... ✓ (10 songs)
  📥 Scraping greece-albums for 2018-01-27... ✓ (10 songs)
  📥 Scraping greece-albums for 2018-02-03... ✓ (10 songs)
  📥 Scraping greece-albums for 2018-02-10... ✓ (10 songs)
  📥 Scraping greece-albums for 2018-02-17... ✓ (10 songs)
  📥 Scraping greece-albums for 2018-02-24... ✓ (10 songs)
  📥 Scraping greece-albums for 2018-03-03... ✓ (10 songs)
  📥 Scraping greece-albums for 2018-03-10... ✓ (10 songs)
  📥 Scraping greece-albums for 2018-03-17... ✓ (10 songs)
  📥 Scraping greece-albums for 2018-03-24... ✓ (10 songs)
  📥 Scraping greece-albums for 2018-03-31... ✓ (10 songs)
  greece-albums: 350/788 fetched, 5 failed, 12 clamped
  📥 Scraping greece-albums for 2018-04-07... ✓ (10 songs)
  📥 Scraping greece-albums for 2018-04-14... ✓ (10 songs)
  📥 Scraping greece-albums for 2018-04-21... ✓ (10 songs)
  📥 Scraping greece-albums for 2018-04-28... ✓ (10 songs)
  📥 Scraping greece-albums for 2018-05-05... ✓ (10 songs)
  📥 Scraping greece-albums for 2018-05-12... ✓ (10 songs)
  📥 Scraping greece-albums for 2018-05-19... ✓ (10 songs)
  📥 Scraping greece-albums for 2018-05-26... ✓ (10 songs)
  📥 Scraping greece-albums for 2018-06-02... ✓ (10 songs)
  📥 Scraping greece-albums for 2018-06-09... ✓ (10 songs)
  📥 Scraping greece-albums for 2018-06-16... ✓ (10 songs)
  📥 Scraping greece-albums for 2018-06-23... ✓ (10 songs)
  📥 Scraping greece-albums for 2018-06-30... ✓ (10 songs)
  📥 Scraping greece-albums for 2018-07-07... ✓ (10 songs)
  📥 Scraping greece-albums for 2018-07-14... ✓ (10 songs)
  📥 Scraping greece-albums for 2018-07-21... ✓ (10 songs)
  📥 Scraping greece-albums for 2018-07-28... ✓ (10 songs)
  📥 Scraping greece-albums for 2018-08-04... ✓ (10 songs)
  📥 Scraping greece-albums for 2018-08-11... ✓ (10 songs)
  📥 Scraping greece-albums for 2018-08-18... ✗ Billboard served 2018-09-15, not 2018-08-18 — skipping
  📥 Scraping greece-albums for 2018-08-18... ✗ Billboard served 2018-09-15, not 2018-08-18 — skipping
  📥 Scraping greece-albums for 2018-08-18... ✗ Billboard served 2018-09-15, not 2018-08-18 — skipping
  📥 Scraping greece-albums for 2018-08-25... ✗ Billboard served 2018-09-15, not 2018-08-25 — skipping
  📥 Scraping greece-albums for 2018-08-25... ✗ Billboard served 2018-09-15, not 2018-08-25 — skipping
  📥 Scraping greece-albums for 2018-08-25... ✗ Billboard served 2018-09-15, not 2018-08-25 — skipping
  📥 Scraping greece-albums for 2018-09-01... ✗ Billboard served 2018-09-15, not 2018-09-01 — skipping
  📥 Scraping greece-albums for 2018-09-01... ✗ Billboard served 2018-09-15, not 2018-09-01 — skipping
  📥 Scraping greece-albums for 2018-09-01... ✗ Billboard served 2018-09-15, not 2018-09-01 — skipping
  📥 Scraping greece-albums for 2018-09-08... ✗ Billboard served 2018-09-15, not 2018-09-08 — skipping
  📥 Scraping greece-albums for 2018-09-08... ✗ Billboard served 2018-09-15, not 2018-09-08 — skipping
  📥 Scraping greece-albums for 2018-09-08... ✗ Billboard served 2018-09-15, not 2018-09-08 — skipping
  📥 Scraping greece-albums for 2018-09-15... ✓ (10 songs)
  📥 Scraping greece-albums for 2018-09-22... ✓ (10 songs)
  greece-albums: 375/788 fetched, 9 failed, 12 clamped
  📥 Scraping greece-albums for 2018-09-29... ✓ (10 songs)
  📥 Scraping greece-albums for 2018-10-06... ✓ (10 songs)
  📥 Scraping greece-albums for 2018-10-13... ✓ (10 songs)
  📥 Scraping greece-albums for 2018-10-20... ✓ (10 songs)
  📥 Scraping greece-albums for 2018-10-27... ✓ (10 songs)
  📥 Scraping greece-albums for 2018-11-03... ✓ (10 songs)
  📥 Scraping greece-albums for 2018-11-10... ✓ (10 songs)
  📥 Scraping greece-albums for 2018-11-17... ✓ (10 songs)
  📥 Scraping greece-albums for 2018-11-24... ✓ (10 songs)
  📥 Scraping greece-albums for 2018-12-01... ✓ (10 songs)
  📥 Scraping greece-albums for 2018-12-08... ✓ (10 songs)
  📥 Scraping greece-albums for 2018-12-15... ✓ (10 songs)
  📥 Scraping greece-albums for 2018-12-22... ✓ (10 songs)
  📥 Scraping greece-albums for 2018-12-29... ✓ (10 songs)
  📥 Scraping greece-albums for 2019-01-05... ✓ (10 songs)
  📥 Scraping greece-albums for 2019-01-12... ✓ (10 songs)
  📥 Scraping greece-albums for 2019-01-19... ✓ (10 songs)
  📥 Scraping greece-albums for 2019-01-26... ✓ (10 songs)
  📥 Scraping greece-albums for 2019-02-02... ✓ (10 songs)
  📥 Scraping greece-albums for 2019-02-09... ✓ (10 songs)
  📥 Scraping greece-albums for 2019-02-16... ✓ (10 songs)
  📥 Scraping greece-albums for 2019-02-23... ✓ (10 songs)
  📥 Scraping greece-albums for 2019-03-02... ✓ (10 songs)
  📥 Scraping greece-albums for 2019-03-09... ✓ (10 songs)
  📥 Scraping greece-albums for 2019-03-16... ✓ (10 songs)
  greece-albums: 400/788 fetched, 9 failed, 12 clamped
  📥 Scraping greece-albums for 2019-03-23... ✓ (10 songs)
  📥 Scraping greece-albums for 2019-03-30... ✓ (10 songs)
  📥 Scraping greece-albums for 2019-04-06... ✓ (10 songs)
  📥 Scraping greece-albums for 2019-04-13... ✓ (10 songs)
  📥 Scraping greece-albums for 2019-04-20... ✓ (10 songs)
  📥 Scraping greece-albums for 2019-04-27... ✓ (10 songs)
  📥 Scraping greece-albums for 2019-05-04... ✓ (10 songs)
  📥 Scraping greece-albums for 2019-05-11... ✓ (10 songs)
  📥 Scraping greece-albums for 2019-05-18... ✓ (10 songs)
  📥 Scraping greece-albums for 2019-05-25... ✓ (10 songs)
  📥 Scraping greece-albums for 2019-06-01... ✓ (10 songs)
  📥 Scraping greece-albums for 2019-06-08... ✓ (10 songs)
  📥 Scraping greece-albums for 2019-06-15... ✓ (10 songs)
  📥 Scraping greece-albums for 2019-06-22... ✓ (10 songs)
  📥 Scraping greece-albums for 2019-06-29... ✓ (10 songs)
  📥 Scraping greece-albums for 2019-07-06... ✓ (10 songs)
  📥 Scraping greece-albums for 2019-07-13... ✓ (10 songs)
  📥 Scraping greece-albums for 2019-07-20... ✓ (10 songs)
  📥 Scraping greece-albums for 2019-07-27... ✓ (10 songs)
  📥 Scraping greece-albums for 2019-08-03... ✓ (10 songs)
  📥 Scraping greece-albums for 2019-08-10... ✓ (10 songs)
  📥 Scraping greece-albums for 2019-08-17... ✓ (10 songs)
  📥 Scraping greece-albums for 2019-08-24... ✓ (10 songs)
  📥 Scraping greece-albums for 2019-08-31... ✓ (10 songs)
  📥 Scraping greece-albums for 2019-09-07... ✓ (10 songs)
  greece-albums: 425/788 fetched, 9 failed, 14 clamped
  📥 Scraping greece-albums for 2019-09-14... ✓ (10 songs)
  📥 Scraping greece-albums for 2019-09-21... ✓ (10 songs)
  📥 Scraping greece-albums for 2019-09-28... ✓ (10 songs)
  📥 Scraping greece-albums for 2019-10-05... ✓ (10 songs)
  📥 Scraping greece-albums for 2019-10-12... ✓ (10 songs)
  📥 Scraping greece-albums for 2019-10-19... ✓ (10 songs)
  📥 Scraping greece-albums for 2019-10-26... ✓ (10 songs)
  📥 Scraping greece-albums for 2019-11-02... ✓ (10 songs)
  📥 Scraping greece-albums for 2019-11-09... ✓ (10 songs)
  📥 Scraping greece-albums for 2019-11-16... ✓ (10 songs)
  📥 Scraping greece-albums for 2019-11-23... ✓ (10 songs)
  📥 Scraping greece-albums for 2019-11-30... ✓ (10 songs)
  📥 Scraping greece-albums for 2019-12-07... ✓ (10 songs)
  📥 Scraping greece-albums for 2019-12-14... ✓ (10 songs)
  📥 Scraping greece-albums for 2019-12-21... ✓ (10 songs)
  📥 Scraping greece-albums for 2019-12-28... ✓ (10 songs)
  📥 Scraping greece-albums for 2020-01-04... ✓ (10 songs)
  📥 Scraping greece-albums for 2020-01-11... ✓ (10 songs)
  📥 Scraping greece-albums for 2020-01-18... ✓ (10 songs)
  📥 Scraping greece-albums for 2020-01-25... ✓ (10 songs)
  📥 Scraping greece-albums for 2020-02-01... ✓ (10 songs)
  📥 Scraping greece-albums for 2020-02-08... ✓ (10 songs)
  📥 Scraping greece-albums for 2020-02-15... ✓ (10 songs)
  📥 Scraping greece-albums for 2020-02-22... ✓ (10 songs)
  📥 Scraping greece-albums for 2020-02-29... ✓ (10 songs)
  greece-albums: 450/788 fetched, 9 failed, 14 clamped
  📥 Scraping greece-albums for 2020-03-07... ✓ (10 songs)
  📥 Scraping greece-albums for 2020-03-14... ✓ (10 songs)
  📥 Scraping greece-albums for 2020-03-21... ✓ (10 songs)
  📥 Scraping greece-albums for 2020-03-28... ✓ (10 songs)
  📥 Scraping greece-albums for 2020-04-04... ✓ (10 songs)
  📥 Scraping greece-albums for 2020-04-11... ✓ (10 songs)
  📥 Scraping greece-albums for 2020-04-18... ✓ (10 songs)
  📥 Scraping greece-albums for 2020-04-25... ✓ (10 songs)
  📥 Scraping greece-albums for 2020-05-02... ✓ (10 songs)
  📥 Scraping greece-albums for 2020-05-09... ✓ (10 songs)
  📥 Scraping greece-albums for 2020-05-16... ✓ (10 songs)
  📥 Scraping greece-albums for 2020-05-23... ✓ (10 songs)
  📥 Scraping greece-albums for 2020-05-30... ✓ (10 songs)
  📥 Scraping greece-albums for 2020-06-06... ✓ (10 songs)
  📥 Scraping greece-albums for 2020-06-13... ✓ (10 songs)
  📥 Scraping greece-albums for 2020-06-20... ✓ (10 songs)
  📥 Scraping greece-albums for 2020-06-27... ✓ (10 songs)
  📥 Scraping greece-albums for 2020-07-04... ✓ (10 songs)
  📥 Scraping greece-albums for 2020-07-11... ✓ (10 songs)
  📥 Scraping greece-albums for 2020-07-18... ✓ (10 songs)
  📥 Scraping greece-albums for 2020-07-25... ✓ (10 songs)
  📥 Scraping greece-albums for 2020-08-01... ✓ (10 songs)
  📥 Scraping greece-albums for 2020-08-08... ✓ (10 songs)
  📥 Scraping greece-albums for 2020-08-15... ✓ (10 songs)
  📥 Scraping greece-albums for 2020-08-22... ✓ (10 songs)
  📥 Scraping greece-albums for 2020-08-29... ✓ (10 songs)
  📥 Scraping greece-albums for 2020-09-05... ✓ (10 songs)
  📥 Scraping greece-albums for 2020-09-12... ✓ (10 songs)
  📥 Scraping greece-albums for 2020-09-19... ✓ (10 songs)
  📥 Scraping greece-albums for 2020-09-26... ✓ (10 songs)
  📥 Scraping greece-albums for 2020-10-03... ✓ (10 songs)
  📥 Scraping greece-albums for 2020-10-10... ✓ (10 songs)
  📥 Scraping greece-albums for 2020-10-17... ✓ (10 songs)
  📥 Scraping greece-albums for 2020-10-24... ✓ (10 songs)
  📥 Scraping greece-albums for 2020-10-31... ✓ (10 songs)
  📥 Scraping greece-albums for 2020-11-07... ✓ (10 songs)
  📥 Scraping greece-albums for 2020-11-14... ✓ (10 songs)
  📥 Scraping greece-albums for 2020-11-21... ✓ (10 songs)
  📥 Scraping greece-albums for 2020-11-28... ✓ (10 songs)
  📥 Scraping greece-albums for 2020-12-05... ✓ (10 songs)
  📥 Scraping greece-albums for 2020-12-12... ✓ (10 songs)
  📥 Scraping greece-albums for 2020-12-19... ✓ (10 songs)
  📥 Scraping greece-albums for 2020-12-26... ✓ (10 songs)
  📥 Scraping greece-albums for 2021-01-02... ✓ (10 songs)
  📥 Scraping greece-albums for 2021-01-09... ✓ (10 songs)
  📥 Scraping greece-albums for 2021-01-16... ✓ (10 songs)
  📥 Scraping greece-albums for 2021-01-23... ✓ (10 songs)
  📥 Scraping greece-albums for 2021-01-30... ✓ (10 songs)
  📥 Scraping greece-albums for 2021-02-06... ✓ (10 songs)
  📥 Scraping greece-albums for 2021-02-13... ✓ (10 songs)
  greece-albums: 500/788 fetched, 9 failed, 16 clamped
  📥 Scraping greece-albums for 2021-02-20... ✓ (10 songs)
  📥 Scraping greece-albums for 2021-02-27... ✓ (10 songs)
  📥 Scraping greece-albums for 2021-03-06... ✓ (10 songs)
  📥 Scraping greece-albums for 2021-03-13... ✓ (10 songs)
  📥 Scraping greece-albums for 2021-03-20... ✓ (10 songs)
  📥 Scraping greece-albums for 2021-03-27... ✓ (10 songs)
  📥 Scraping greece-albums for 2021-04-03... ✓ (10 songs)
  📥 Scraping greece-albums for 2021-04-10... ✓ (10 songs)
  📥 Scraping greece-albums for 2021-04-17... ✓ (10 songs)
  📥 Scraping greece-albums for 2021-04-24... ✓ (10 songs)
  📥 Scraping greece-albums for 2021-05-01... ✓ (10 songs)
  📥 Scraping greece-albums for 2021-05-08... ✓ (10 songs)
  📥 Scraping greece-albums for 2021-05-15... ✓ (10 songs)
  📥 Scraping greece-albums for 2021-05-22... ✓ (10 songs)
  📥 Scraping greece-albums for 2021-05-29... ✓ (10 songs)
  📥 Scraping greece-albums for 2021-06-05... ✓ (10 songs)
  📥 Scraping greece-albums for 2021-06-12... ✓ (10 songs)
  📥 Scraping greece-albums for 2021-06-19... ✓ (10 songs)
  📥 Scraping greece-albums for 2021-06-26... ✓ (10 songs)
  📥 Scraping greece-albums for 2021-07-03... ✓ (10 songs)
  📥 Scraping greece-albums for 2021-07-10... ✓ (10 songs)
  📥 Scraping greece-albums for 2021-07-17... ✓ (10 songs)
  📥 Scraping greece-albums for 2021-07-24... ✓ (10 songs)
  📥 Scraping greece-albums for 2021-07-31... ✓ (10 songs)
  📥 Scraping greece-albums for 2021-08-07... ✓ (10 songs)
  greece-albums: 525/788 fetched, 9 failed, 16 clamped
  📥 Scraping greece-albums for 2021-08-14... ✓ (10 songs)
  📥 Scraping greece-albums for 2021-08-21... ✓ (10 songs)
  📥 Scraping greece-albums for 2021-08-28... ✓ (10 songs)
  📥 Scraping greece-albums for 2021-09-04... ✓ (10 songs)
  📥 Scraping greece-albums for 2021-09-11... ✓ (10 songs)
  📥 Scraping greece-albums for 2021-09-18... ✓ (10 songs)
  📥 Scraping greece-albums for 2021-09-25... ✓ (10 songs)
  📥 Scraping greece-albums for 2021-10-02... ✓ (10 songs)
  📥 Scraping greece-albums for 2021-10-09... ✓ (10 songs)
  📥 Scraping greece-albums for 2021-10-16... ✓ (10 songs)
  📥 Scraping greece-albums for 2021-10-23... ✓ (10 songs)
  📥 Scraping greece-albums for 2021-10-30... ✓ (10 songs)
  📥 Scraping greece-albums for 2021-11-06... ✓ (10 songs)
  📥 Scraping greece-albums for 2021-11-13... ✓ (10 songs)
  📥 Scraping greece-albums for 2021-11-20... ✓ (10 songs)
  📥 Scraping greece-albums for 2021-11-27... ✓ (10 songs)
  📥 Scraping greece-albums for 2021-12-04... ✓ (10 songs)
  📥 Scraping greece-albums for 2021-12-11... ✓ (10 songs)
  📥 Scraping greece-albums for 2021-12-18... ✓ (10 songs)
  📥 Scraping greece-albums for 2021-12-25... ✓ (10 songs)
  📥 Scraping greece-albums for 2022-01-01... ✓ (10 songs)
  📥 Scraping greece-albums for 2022-01-08... ✓ (10 songs)
  📥 Scraping greece-albums for 2022-01-15... ✓ (10 songs)
  📥 Scraping greece-albums for 2022-01-22... ✓ (10 songs)
  📥 Scraping greece-albums for 2022-01-29... ✓ (10 songs)
  greece-albums: 550/788 fetched, 9 failed, 18 clamped
  📥 Scraping greece-albums for 2022-02-05... ✓ (10 songs)
  📥 Scraping greece-albums for 2022-02-12... ✓ (10 songs)
  📥 Scraping greece-albums for 2022-02-19... ✓ (10 songs)
  📥 Scraping greece-albums for 2022-02-26... ✓ (10 songs)
  📥 Scraping greece-albums for 2022-03-05... ✓ (10 songs)
  📥 Scraping greece-albums for 2022-03-12... ✓ (10 songs)
  📥 Scraping greece-albums for 2022-03-19... ✓ (10 songs)
  📥 Scraping greece-albums for 2022-03-26... ✓ (10 songs)
  📥 Scraping greece-albums for 2022-04-02... ✓ (10 songs)
  📥 Scraping greece-albums for 2022-04-09... ✓ (10 songs)
  📥 Scraping greece-albums for 2022-04-16... ✓ (10 songs)
  📥 Scraping greece-albums for 2022-04-23... ✓ (10 songs)
  📥 Scraping greece-albums for 2022-04-30... ✓ (10 songs)
  📥 Scraping greece-albums for 2022-05-07... ✓ (10 songs)
  📥 Scraping greece-albums for 2022-05-14... ✓ (10 songs)
  📥 Scraping greece-albums for 2022-05-21... ✓ (10 songs)
  📥 Scraping greece-albums for 2022-05-28... ✓ (10 songs)
  📥 Scraping greece-albums for 2022-06-04... ✓ (10 songs)
  📥 Scraping greece-albums for 2022-06-11... ✓ (10 songs)
  📥 Scraping greece-albums for 2022-06-18... ✓ (10 songs)
  📥 Scraping greece-albums for 2022-06-25... ✓ (10 songs)
  📥 Scraping greece-albums for 2022-07-02... ✓ (10 songs)
  📥 Scraping greece-albums for 2022-07-09... ✓ (10 songs)
  📥 Scraping greece-albums for 2022-07-16... ✓ (10 songs)
  📥 Scraping greece-albums for 2022-07-23... ✓ (10 songs)
  greece-albums: 575/788 fetched, 9 failed, 18 clamped
  📥 Scraping greece-albums for 2022-07-30... ✓ (10 songs)
  📥 Scraping greece-albums for 2022-08-06... ✓ (10 songs)
  📥 Scraping greece-albums for 2022-08-13... ✓ (10 songs)
  📥 Scraping greece-albums for 2022-08-20... ✓ (10 songs)
  📥 Scraping greece-albums for 2022-08-27... ✓ (10 songs)
  📥 Scraping greece-albums for 2022-09-03... ✓ (10 songs)
  📥 Scraping greece-albums for 2022-09-10... ✓ (10 songs)
  📥 Scraping greece-albums for 2022-09-17... ✓ (10 songs)
  📥 Scraping greece-albums for 2022-09-24... ✓ (10 songs)
  📥 Scraping greece-albums for 2022-10-01... ✓ (10 songs)
  📥 Scraping greece-albums for 2022-10-08... ✓ (10 songs)
  📥 Scraping greece-albums for 2022-10-15... ✓ (10 songs)
  📥 Scraping greece-albums for 2022-10-22... ✓ (10 songs)
  📥 Scraping greece-albums for 2022-10-29... ✓ (10 songs)
  📥 Scraping greece-albums for 2022-11-05... ✓ (10 songs)
  📥 Scraping greece-albums for 2022-11-12... ✓ (10 songs)
  📥 Scraping greece-albums for 2022-11-19... ✓ (10 songs)
  📥 Scraping greece-albums for 2022-11-26... ✓ (10 songs)
  📥 Scraping greece-albums for 2022-12-03... ✓ (10 songs)
  📥 Scraping greece-albums for 2022-12-10... ✓ (10 songs)
  📥 Scraping greece-albums for 2022-12-17... ✓ (10 songs)
  📥 Scraping greece-albums for 2022-12-24... ✓ (10 songs)
  📥 Scraping greece-albums for 2022-12-31... ✓ (10 songs)
  📥 Scraping greece-albums for 2023-01-07... ✓ (10 songs)
  📥 Scraping greece-albums for 2023-01-14... ✓ (10 songs)
  greece-albums: 600/788 fetched, 9 failed, 20 clamped
  📥 Scraping greece-albums for 2023-01-21... ✓ (10 songs)
  📥 Scraping greece-albums for 2023-01-28... ✓ (10 songs)
  📥 Scraping greece-albums for 2023-02-04... ✓ (10 songs)
  📥 Scraping greece-albums for 2023-02-11... ✓ (10 songs)
  📥 Scraping greece-albums for 2023-02-18... ✓ (10 songs)
  📥 Scraping greece-albums for 2023-02-25... ✓ (10 songs)
  📥 Scraping greece-albums for 2023-03-04... ✓ (10 songs)
  📥 Scraping greece-albums for 2023-03-11... ✓ (10 songs)
  📥 Scraping greece-albums for 2023-03-18... ✓ (10 songs)
  📥 Scraping greece-albums for 2023-03-25... ✓ (10 songs)
  📥 Scraping greece-albums for 2023-04-01... ✓ (10 songs)
  📥 Scraping greece-albums for 2023-04-08... ✓ (10 songs)
  📥 Scraping greece-albums for 2023-04-15... ✓ (10 songs)
  📥 Scraping greece-albums for 2023-04-22... ✓ (10 songs)
  📥 Scraping greece-albums for 2023-04-29... ✓ (10 songs)
  📥 Scraping greece-albums for 2023-05-06... ✓ (10 songs)
  📥 Scraping greece-albums for 2023-05-13... ✓ (10 songs)
  📥 Scraping greece-albums for 2023-05-20... ✓ (10 songs)
  📥 Scraping greece-albums for 2023-05-27... ✓ (10 songs)
  📥 Scraping greece-albums for 2023-06-03... ✓ (10 songs)
  📥 Scraping greece-albums for 2023-06-10... ✓ (10 songs)
  📥 Scraping greece-albums for 2023-06-17... ✓ (10 songs)
  📥 Scraping greece-albums for 2023-06-24... ✓ (10 songs)
  📥 Scraping greece-albums for 2023-07-01... ✓ (10 songs)
  📥 Scraping greece-albums for 2023-07-08... ✓ (10 songs)
  greece-albums: 625/788 fetched, 9 failed, 20 clamped
  📥 Scraping greece-albums for 2023-07-15... ✓ (10 songs)
  📥 Scraping greece-albums for 2023-07-22... ✓ (10 songs)
  📥 Scraping greece-albums for 2023-07-29... ✓ (10 songs)
  📥 Scraping greece-albums for 2023-08-05... ✓ (10 songs)
  📥 Scraping greece-albums for 2023-08-12... ✓ (10 songs)
  📥 Scraping greece-albums for 2023-08-19... ✓ (10 songs)
  📥 Scraping greece-albums for 2023-08-26... ✓ (10 songs)
  📥 Scraping greece-albums for 2023-09-02... ✓ (10 songs)
  📥 Scraping greece-albums for 2023-09-09... ✓ (10 songs)
  📥 Scraping greece-albums for 2023-09-16... ✓ (10 songs)
  📥 Scraping greece-albums for 2023-09-23... ✓ (10 songs)
  📥 Scraping greece-albums for 2023-09-30... ✓ (10 songs)
  📥 Scraping greece-albums for 2023-10-07... ✓ (10 songs)
  📥 Scraping greece-albums for 2023-10-14... ✓ (10 songs)
  📥 Scraping greece-albums for 2023-10-21... ✓ (10 songs)
  📥 Scraping greece-albums for 2023-10-28... ✓ (10 songs)
  📥 Scraping greece-albums for 2023-11-04... ✓ (10 songs)
  📥 Scraping greece-albums for 2023-11-11... ✓ (10 songs)
  📥 Scraping greece-albums for 2023-11-18... ✓ (10 songs)
  📥 Scraping greece-albums for 2023-11-25... ✓ (10 songs)
  📥 Scraping greece-albums for 2023-12-02... ✓ (10 songs)
  📥 Scraping greece-albums for 2023-12-09... ✓ (10 songs)
  📥 Scraping greece-albums for 2023-12-16... ✓ (10 songs)
  📥 Scraping greece-albums for 2023-12-23... ✓ (10 songs)
  📥 Scraping greece-albums for 2023-12-30... ✓ (10 songs)
  greece-albums: 650/788 fetched, 9 failed, 22 clamped
  📥 Scraping greece-albums for 2024-01-06... ✓ (10 songs)
  📥 Scraping greece-albums for 2024-01-13... ✓ (10 songs)
  📥 Scraping greece-albums for 2024-01-20... ✓ (10 songs)
  📥 Scraping greece-albums for 2024-01-27... ✓ (10 songs)
  📥 Scraping greece-albums for 2024-02-03... ✓ (10 songs)
  📥 Scraping greece-albums for 2024-02-10... ✓ (10 songs)
  📥 Scraping greece-albums for 2024-02-17... ✓ (10 songs)
  📥 Scraping greece-albums for 2024-02-24... ✓ (10 songs)
  📥 Scraping greece-albums for 2024-03-02... ✓ (10 songs)
  📥 Scraping greece-albums for 2024-03-09... ✓ (10 songs)
  📥 Scraping greece-albums for 2024-03-16... ✓ (10 songs)
  📥 Scraping greece-albums for 2024-03-23... ✓ (10 songs)
  📥 Scraping greece-albums for 2024-03-30... ✓ (10 songs)
  📥 Scraping greece-albums for 2024-04-06... ✓ (10 songs)
  📥 Scraping greece-albums for 2024-04-13... ✓ (10 songs)
  📥 Scraping greece-albums for 2024-04-20... ✓ (10 songs)
  📥 Scraping greece-albums for 2024-04-27... ✓ (10 songs)
  📥 Scraping greece-albums for 2024-05-04... ✓ (10 songs)
  📥 Scraping greece-albums for 2024-05-11... ✓ (10 songs)
  📥 Scraping greece-albums for 2024-05-18... ✓ (10 songs)
  📥 Scraping greece-albums for 2024-05-25... ✓ (10 songs)
  📥 Scraping greece-albums for 2024-06-01... ✓ (10 songs)
  📥 Scraping greece-albums for 2024-06-08... ✓ (10 songs)
  📥 Scraping greece-albums for 2024-06-15... ✓ (10 songs)
  📥 Scraping greece-albums for 2024-06-22... ✓ (10 songs)
  greece-albums: 675/788 fetched, 9 failed, 22 clamped
  📥 Scraping greece-albums for 2024-06-29... ✓ (10 songs)
  📥 Scraping greece-albums for 2024-07-06... ✓ (10 songs)
  📥 Scraping greece-albums for 2024-07-13... ✓ (10 songs)
  📥 Scraping greece-albums for 2024-07-20... ✓ (10 songs)
  📥 Scraping greece-albums for 2024-07-27... ✓ (10 songs)
  📥 Scraping greece-albums for 2024-08-03... ✓ (10 songs)
  📥 Scraping greece-albums for 2024-08-10... ✓ (10 songs)
  📥 Scraping greece-albums for 2024-08-17... ✓ (10 songs)
  📥 Scraping greece-albums for 2024-08-24... ✓ (10 songs)
  📥 Scraping greece-albums for 2024-08-31... ✓ (10 songs)
  📥 Scraping greece-albums for 2024-09-07... ✓ (10 songs)
  📥 Scraping greece-albums for 2024-09-14... ✓ (10 songs)
  📥 Scraping greece-albums for 2024-09-21... ✓ (10 songs)
  📥 Scraping greece-albums for 2024-09-28... ✓ (10 songs)
  📥 Scraping greece-albums for 2024-10-05... ✓ (10 songs)
  📥 Scraping greece-albums for 2024-10-12... ✓ (10 songs)
  📥 Scraping greece-albums for 2024-10-19... ✓ (10 songs)
  📥 Scraping greece-albums for 2024-10-26... ✓ (10 songs)
  📥 Scraping greece-albums for 2024-11-02... ✓ (10 songs)
  📥 Scraping greece-albums for 2024-11-09... ✓ (10 songs)
  📥 Scraping greece-albums for 2024-11-16... ✓ (10 songs)
  📥 Scraping greece-albums for 2024-11-23... ✓ (10 songs)
  📥 Scraping greece-albums for 2024-11-30... ✓ (10 songs)
  📥 Scraping greece-albums for 2024-12-07... ✓ (10 songs)
  📥 Scraping greece-albums for 2024-12-14... ✓ (10 songs)
  greece-albums: 700/788 fetched, 9 failed, 24 clamped
  📥 Scraping greece-albums for 2024-12-21... ✓ (10 songs)
  📥 Scraping greece-albums for 2024-12-28... ✓ (10 songs)
  📥 Scraping greece-albums for 2025-01-04... ✓ (10 songs)
  📥 Scraping greece-albums for 2025-01-11... ✓ (10 songs)
  📥 Scraping greece-albums for 2025-01-18... ✓ (10 songs)
  📥 Scraping greece-albums for 2025-01-25... ✓ (10 songs)
  📥 Scraping greece-albums for 2025-02-01... ✓ (10 songs)
  📥 Scraping greece-albums for 2025-02-08... ✓ (10 songs)
  📥 Scraping greece-albums for 2025-02-15... ✓ (10 songs)
  📥 Scraping greece-albums for 2025-02-22... ✓ (10 songs)
  📥 Scraping greece-albums for 2025-03-01... ✓ (10 songs)
  📥 Scraping greece-albums for 2025-03-08... ✓ (10 songs)
  📥 Scraping greece-albums for 2025-03-15... ✗ Billboard served 2025-03-22, not 2025-03-15 — skipping
  📥 Scraping greece-albums for 2025-03-15... ✗ Billboard served 2025-03-22, not 2025-03-15 — skipping
  📥 Scraping greece-albums for 2025-03-15... ✗ Billboard served 2025-03-22, not 2025-03-15 — skipping
  📥 Scraping greece-albums for 2025-03-22... ✓ (10 songs)
  📥 Scraping greece-albums for 2025-03-29... ✓ (10 songs)
  📥 Scraping greece-albums for 2025-04-05... ✓ (10 songs)
  📥 Scraping greece-albums for 2025-04-12... ✓ (10 songs)
  📥 Scraping greece-albums for 2025-04-19... ✓ (10 songs)
  📥 Scraping greece-albums for 2025-04-26... ✓ (10 songs)
  📥 Scraping greece-albums for 2025-05-03... ✓ (10 songs)
  📥 Scraping greece-albums for 2025-05-10... ✓ (10 songs)
  📥 Scraping greece-albums for 2025-05-17... ✓ (10 songs)
  📥 Scraping greece-albums for 2025-05-24... ✓ (10 songs)
  📥 Scraping greece-albums for 2025-05-31... ✓ (10 songs)
  📥 Scraping greece-albums for 2025-06-07... ✓ (10 songs)
  greece-albums: 725/788 fetched, 10 failed, 25 clamped
  📥 Scraping greece-albums for 2025-06-14... ✓ (10 songs)
  📥 Scraping greece-albums for 2025-06-21... ✓ (10 songs)
  📥 Scraping greece-albums for 2025-06-28... ✓ (10 songs)
  📥 Scraping greece-albums for 2025-07-05... ✓ (10 songs)
  📥 Scraping greece-albums for 2025-07-12... ✓ (10 songs)
  📥 Scraping greece-albums for 2025-07-19... ✓ (10 songs)
  📥 Scraping greece-albums for 2025-07-26... ✓ (10 songs)
  📥 Scraping greece-albums for 2025-08-02... ✓ (10 songs)
  📥 Scraping greece-albums for 2025-08-09... ✓ (10 songs)
  📥 Scraping greece-albums for 2025-08-16... ✓ (10 songs)
  📥 Scraping greece-albums for 2025-08-23... ✓ (10 songs)
  📥 Scraping greece-albums for 2025-08-30... ✓ (10 songs)
  📥 Scraping greece-albums for 2025-09-06... ✓ (10 songs)
  📥 Scraping greece-albums for 2025-09-13... ✓ (10 songs)
  📥 Scraping greece-albums for 2025-09-20... ✓ (10 songs)
  📥 Scraping greece-albums for 2025-09-27... ✓ (10 songs)
  📥 Scraping greece-albums for 2025-10-04... ✓ (10 songs)
  📥 Scraping greece-albums for 2025-10-11... ✓ (10 songs)
  📥 Scraping greece-albums for 2025-10-18... ✓ (10 songs)
  📥 Scraping greece-albums for 2025-10-25... ✓ (10 songs)
  📥 Scraping greece-albums for 2025-11-01... ✓ (10 songs)
  📥 Scraping greece-albums for 2025-11-08... ✓ (10 songs)
  📥 Scraping greece-albums for 2025-11-15... ✓ (10 songs)
  📥 Scraping greece-albums for 2025-11-22... ✓ (10 songs)
  📥 Scraping greece-albums for 2025-11-29... ✓ (10 songs)
  greece-albums: 750/788 fetched, 10 failed, 27 clamped
  📥 Scraping greece-albums for 2025-12-06... ✓ (10 songs)
  📥 Scraping greece-albums for 2025-12-13... ✓ (10 songs)
  📥 Scraping greece-albums for 2025-12-20... ✓ (10 songs)
  📥 Scraping greece-albums for 2025-12-27... ✓ (10 songs)
  📥 Scraping greece-albums for 2026-01-03... ✓ (10 songs)
  📥 Scraping greece-albums for 2026-01-10... ✓ (10 songs)
  📥 Scraping greece-albums for 2026-01-17... ✓ (10 songs)
  📥 Scraping greece-albums for 2026-01-24... ✓ (10 songs)
  📥 Scraping greece-albums for 2026-01-31... ✓ (10 songs)
  📥 Scraping greece-albums for 2026-02-07... ✓ (10 songs)
  📥 Scraping greece-albums for 2026-02-14... ✓ (10 songs)
  📥 Scraping greece-albums for 2026-02-21... ✓ (10 songs)
  📥 Scraping greece-albums for 2026-02-28... ✓ (10 songs)
  📥 Scraping greece-albums for 2026-03-07... ✓ (10 songs)
  📥 Scraping greece-albums for 2026-03-14... ✓ (10 songs)
  📥 Scraping greece-albums for 2026-03-21... ✓ (10 songs)
  📥 Scraping greece-albums for 2026-03-28... ✓ (10 songs)
  📥 Scraping greece-albums for 2026-04-04... ✓ (10 songs)
  📥 Scraping greece-albums for 2026-04-11... ✓ (10 songs)
  📥 Scraping greece-albums for 2026-04-18... ✓ (10 songs)
  📥 Scraping greece-albums for 2026-04-25... ✓ (10 songs)
  📥 Scraping greece-albums for 2026-05-02... ✓ (10 songs)
  📥 Scraping greece-albums for 2026-05-09... ✓ (10 songs)
  📥 Scraping greece-albums for 2026-05-16... ✓ (10 songs)
  📥 Scraping greece-albums for 2026-05-23... ✓ (10 songs)
  greece-albums: 775/788 fetched, 10 failed, 27 clamped
  📥 Scraping greece-albums for 2026-05-30... ✓ (10 songs)
  📥 Scraping greece-albums for 2026-06-06... ✓ (10 songs)
  📥 Scraping greece-albums for 2026-06-13... ✓ (10 songs)
  📥 Scraping greece-albums for 2026-06-20... ✓ (10 songs)
  📥 Scraping greece-albums for 2026-06-27... ✓ (10 songs)
  📥 Scraping greece-albums for 2026-07-04... ✓ (10 songs)
  📥 Scraping greece-albums for 2026-07-11... ✓ (10 songs)
  📥 Scraping greece-albums for 2026-07-18... ✓ (10 songs)
  📥 Scraping greece-albums for 2026-07-25... ✓ (10 songs)
  📥 Scraping greece-albums for 2026-08-01... ✓ (10 songs)
  📥 Scraping greece-albums for 2026-08-08... ✓ (10 songs)
  📥 Scraping greece-albums for 2026-08-15... ✗ No chart date on page (redirect or markup change) — skipping
  📥 Scraping greece-albums for 2026-08-15... ✗ No chart date on page (redirect or markup change) — skipping
  📥 Scraping greece-albums for 2026-08-15... ✗ No chart date on page (redirect or markup change) — skipping
  📥 Scraping greece-albums for 2026-08-22... ✗ No chart date on page (redirect or markup change) — skipping
  📥 Scraping greece-albums for 2026-08-22... ✗ No chart date on page (redirect or markup change) — skipping
  📥 Scraping greece-albums for 2026-08-22... ✗ No chart date on page (redirect or markup change) — skipping
DONE greece-albums: 749 weeks, 2011-07-23 -> 2026-08-08, 12 failed, 27 clamped/skipped
  failed weeks (first 20): ['2017-08-19', '2017-08-26', '2017-09-02', '2017-09-09', '2017-09-16', '2018-08-18', '2018-08-25', '2018-09-01', '2018-09-08', '2025-03-15', '2026-08-15', '2026-08-22']
  clamped weeks (first 10): ['2011-08-27', '2011-09-10', '2011-10-29', '2012-09-01', '2013-05-11', '2013-08-31', '2014-08-30', '2015-08-29', '2015-09-12', '2016-08-27']
