kids-albums: 1616 weeks total, 1450 present, 166 to fetch
  📥 Scraping kids-albums for 1998-03-14... ✓ (25 songs)
  📥 Scraping kids-albums for 2021-11-20... ✓ (15 songs)
  📥 Scraping kids-albums for 2021-11-27... ✓ (15 songs)
  📥 Scraping kids-albums for 2021-12-04... ✓ (15 songs)
  📥 Scraping kids-albums for 2021-12-11... ✓ (15 songs)
  📥 Scraping kids-albums for 2021-12-18... ✓ (15 songs)
  📥 Scraping kids-albums for 2021-12-25... ✓ (15 songs)
  📥 Scraping kids-albums for 2022-01-01... ✓ (15 songs)
  📥 Scraping kids-albums for 2022-01-08... ✓ (15 songs)
  📥 Scraping kids-albums for 2022-01-15... ✓ (15 songs)
  📥 Scraping kids-albums for 2022-01-22... ✓ (15 songs)
  📥 Scraping kids-albums for 2022-01-29... ✓ (15 songs)
  📥 Scraping kids-albums for 2022-02-05... ✓ (15 songs)
  📥 Scraping kids-albums for 2022-02-12... ✓ (15 songs)
  📥 Scraping kids-albums for 2022-02-19... ✓ (15 songs)
  📥 Scraping kids-albums for 2022-02-26... ✓ (15 songs)
  📥 Scraping kids-albums for 2022-03-05... ✓ (15 songs)
  📥 Scraping kids-albums for 2022-03-12... ✓ (15 songs)
  📥 Scraping kids-albums for 2022-03-19... ✓ (15 songs)
  📥 Scraping kids-albums for 2022-03-26... ✓ (15 songs)
  📥 Scraping kids-albums for 2022-04-02... ✓ (15 songs)
  📥 Scraping kids-albums for 2022-04-09... ✓ (15 songs)
  📥 Scraping kids-albums for 2022-04-16... ✓ (15 songs)
  📥 Scraping kids-albums for 2022-04-23... ✓ (15 songs)
  📥 Scraping kids-albums for 2022-04-30... ✓ (15 songs)
  kids-albums: 25/166 fetched, 0 failed, 1 clamped
  📥 Scraping kids-albums for 2022-05-07... ✓ (15 songs)
  📥 Scraping kids-albums for 2022-05-14... ✓ (15 songs)
  📥 Scraping kids-albums for 2022-05-21... ✓ (15 songs)
  📥 Scraping kids-albums for 2022-05-28... ✓ (15 songs)
  📥 Scraping kids-albums for 2022-06-04... ✓ (15 songs)
  📥 Scraping kids-albums for 2022-06-11... ✓ (15 songs)
  📥 Scraping kids-albums for 2022-06-18... ✓ (15 songs)
  📥 Scraping kids-albums for 2022-06-25... ✓ (15 songs)
  📥 Scraping kids-albums for 2022-07-02... ✓ (15 songs)
  📥 Scraping kids-albums for 2022-07-09... ✓ (15 songs)
  📥 Scraping kids-albums for 2022-07-16... ✓ (15 songs)
  📥 Scraping kids-albums for 2022-07-23... ✓ (15 songs)
  📥 Scraping kids-albums for 2022-07-30... ✓ (15 songs)
  📥 Scraping kids-albums for 2022-08-06... ✓ (15 songs)
  📥 Scraping kids-albums for 2022-08-13... ✓ (15 songs)
  📥 Scraping kids-albums for 2022-08-20... ✓ (15 songs)
  📥 Scraping kids-albums for 2022-08-27... ✓ (15 songs)
  📥 Scraping kids-albums for 2022-09-03... ✓ (15 songs)
  📥 Scraping kids-albums for 2022-09-10... ✓ (15 songs)
  📥 Scraping kids-albums for 2022-09-17... ✓ (15 songs)
  📥 Scraping kids-albums for 2022-09-24... ✓ (15 songs)
  📥 Scraping kids-albums for 2022-10-01... ✓ (15 songs)
  📥 Scraping kids-albums for 2022-10-08... ✓ (15 songs)
  📥 Scraping kids-albums for 2022-10-15... ✓ (15 songs)
  📥 Scraping kids-albums for 2022-10-22... ✓ (15 songs)
  kids-albums: 50/166 fetched, 0 failed, 1 clamped
  📥 Scraping kids-albums for 2022-10-29... ✓ (15 songs)
  📥 Scraping kids-albums for 2022-11-05... ✓ (15 songs)
  📥 Scraping kids-albums for 2022-11-12... ✓ (15 songs)
  📥 Scraping kids-albums for 2022-11-19... ✓ (15 songs)
  📥 Scraping kids-albums for 2022-11-26... ✓ (15 songs)
  📥 Scraping kids-albums for 2022-12-03... ✓ (15 songs)
  📥 Scraping kids-albums for 2022-12-10... ✓ (15 songs)
  📥 Scraping kids-albums for 2022-12-17... ✓ (15 songs)
  📥 Scraping kids-albums for 2022-12-24... ✓ (15 songs)
  📥 Scraping kids-albums for 2022-12-31... ✓ (15 songs)
  📥 Scraping kids-albums for 2023-01-07... ✓ (15 songs)
  📥 Scraping kids-albums for 2023-01-14... ✓ (15 songs)
  📥 Scraping kids-albums for 2023-01-21... ✓ (15 songs)
  📥 Scraping kids-albums for 2023-01-28... ✓ (15 songs)
  📥 Scraping kids-albums for 2023-02-04... ✓ (15 songs)
  📥 Scraping kids-albums for 2023-02-11... ✓ (15 songs)
  📥 Scraping kids-albums for 2023-02-18... ✓ (15 songs)
  📥 Scraping kids-albums for 2023-02-25... ✓ (15 songs)
  📥 Scraping kids-albums for 2023-03-04... ✓ (15 songs)
  📥 Scraping kids-albums for 2023-03-11... ✓ (15 songs)
  📥 Scraping kids-albums for 2023-03-18... ✓ (15 songs)
  📥 Scraping kids-albums for 2023-03-25... ✓ (15 songs)
  📥 Scraping kids-albums for 2023-04-01... ✓ (15 songs)
  📥 Scraping kids-albums for 2023-04-08... ✓ (15 songs)
  📥 Scraping kids-albums for 2023-04-15... ✓ (15 songs)
  kids-albums: 75/166 fetched, 0 failed, 1 clamped
  📥 Scraping kids-albums for 2023-04-22... ✓ (15 songs)
  📥 Scraping kids-albums for 2023-04-29... ✓ (15 songs)
  📥 Scraping kids-albums for 2023-05-06... ✓ (15 songs)
  📥 Scraping kids-albums for 2023-05-13... ✓ (15 songs)
  📥 Scraping kids-albums for 2023-05-20... ✓ (15 songs)
  📥 Scraping kids-albums for 2023-05-27... ✓ (15 songs)
  📥 Scraping kids-albums for 2023-06-03... ✓ (15 songs)
  📥 Scraping kids-albums for 2023-06-10... ✓ (15 songs)
  📥 Scraping kids-albums for 2023-06-17... ✓ (15 songs)
  📥 Scraping kids-albums for 2023-06-24... ✓ (15 songs)
  📥 Scraping kids-albums for 2023-07-01... ✓ (15 songs)
  📥 Scraping kids-albums for 2023-07-08... ✓ (15 songs)
  📥 Scraping kids-albums for 2023-07-15... ✓ (15 songs)
  📥 Scraping kids-albums for 2023-07-22... ✓ (15 songs)
  📥 Scraping kids-albums for 2023-07-29... ✓ (15 songs)
  📥 Scraping kids-albums for 2023-08-05... ✓ (15 songs)
  📥 Scraping kids-albums for 2023-08-12... ✓ (15 songs)
  📥 Scraping kids-albums for 2023-08-19... ✓ (15 songs)
  📥 Scraping kids-albums for 2023-08-26... ✓ (15 songs)
  📥 Scraping kids-albums for 2023-09-02... ✓ (15 songs)
  📥 Scraping kids-albums for 2023-09-09... ✓ (15 songs)
  📥 Scraping kids-albums for 2023-09-16... ✓ (15 songs)
  📥 Scraping kids-albums for 2023-09-23... ✓ (15 songs)
  📥 Scraping kids-albums for 2023-09-30... ✓ (15 songs)
  📥 Scraping kids-albums for 2023-10-07... ✓ (15 songs)
  kids-albums: 100/166 fetched, 0 failed, 1 clamped
  📥 Scraping kids-albums for 2023-10-14... ✓ (15 songs)
  📥 Scraping kids-albums for 2023-10-21... ✓ (15 songs)
  📥 Scraping kids-albums for 2023-10-28... ✓ (15 songs)
  📥 Scraping kids-albums for 2023-11-04... ✓ (15 songs)
  📥 Scraping kids-albums for 2023-11-11... ✓ (15 songs)
  📥 Scraping kids-albums for 2023-11-18... ✓ (15 songs)
  📥 Scraping kids-albums for 2023-11-25... ✓ (15 songs)
  📥 Scraping kids-albums for 2023-12-02... ✓ (15 songs)
  📥 Scraping kids-albums for 2023-12-09... ✓ (15 songs)
  📥 Scraping kids-albums for 2023-12-16... ✓ (15 songs)
  📥 Scraping kids-albums for 2023-12-23... ✓ (15 songs)
  📥 Scraping kids-albums for 2023-12-30... ✓ (15 songs)
  📥 Scraping kids-albums for 2024-01-06... ✓ (15 songs)
  📥 Scraping kids-albums for 2024-01-13... ✓ (15 songs)
  📥 Scraping kids-albums for 2024-01-20... ✓ (15 songs)
  📥 Scraping kids-albums for 2024-01-27... ✓ (15 songs)
  📥 Scraping kids-albums for 2024-02-03... ✓ (15 songs)
  📥 Scraping kids-albums for 2024-02-10... ✓ (15 songs)
  📥 Scraping kids-albums for 2024-02-17... ✓ (15 songs)
  📥 Scraping kids-albums for 2024-02-24... ✓ (15 songs)
  📥 Scraping kids-albums for 2024-03-02... ✓ (15 songs)
  📥 Scraping kids-albums for 2024-03-09... ✓ (15 songs)
  📥 Scraping kids-albums for 2024-03-16... ✓ (15 songs)
  📥 Scraping kids-albums for 2024-03-23... ✓ (15 songs)
  📥 Scraping kids-albums for 2024-03-30... ✓ (15 songs)
  kids-albums: 125/166 fetched, 0 failed, 1 clamped
  📥 Scraping kids-albums for 2024-04-06... ✓ (15 songs)
  📥 Scraping kids-albums for 2024-04-13... ✓ (15 songs)
  📥 Scraping kids-albums for 2024-04-20... ✓ (15 songs)
  📥 Scraping kids-albums for 2024-04-27... ✓ (15 songs)
  📥 Scraping kids-albums for 2024-05-04... ✓ (15 songs)
  📥 Scraping kids-albums for 2024-05-11... ✓ (15 songs)
  📥 Scraping kids-albums for 2024-05-18... ✓ (15 songs)
  📥 Scraping kids-albums for 2024-05-25... ✓ (15 songs)
  📥 Scraping kids-albums for 2024-06-01... ✓ (15 songs)
  📥 Scraping kids-albums for 2024-06-08... ✓ (15 songs)
  📥 Scraping kids-albums for 2024-06-15... ✓ (15 songs)
  📥 Scraping kids-albums for 2024-06-22... ✓ (15 songs)
  📥 Scraping kids-albums for 2024-06-29... ✓ (15 songs)
  📥 Scraping kids-albums for 2024-07-06... ✓ (15 songs)
  📥 Scraping kids-albums for 2024-07-13... ✓ (15 songs)
  📥 Scraping kids-albums for 2024-07-20... ✓ (15 songs)
  📥 Scraping kids-albums for 2024-07-27... ✓ (15 songs)
  📥 Scraping kids-albums for 2024-08-03... ✓ (15 songs)
  📥 Scraping kids-albums for 2024-08-10... ✓ (15 songs)
  📥 Scraping kids-albums for 2024-08-17... ✓ (15 songs)
  📥 Scraping kids-albums for 2024-08-24... ✓ (15 songs)
  📥 Scraping kids-albums for 2024-08-31... ✓ (15 songs)
  📥 Scraping kids-albums for 2024-09-07... ✓ (15 songs)
  📥 Scraping kids-albums for 2024-09-14... ✓ (15 songs)
  📥 Scraping kids-albums for 2024-09-21... ✓ (15 songs)
  kids-albums: 150/166 fetched, 0 failed, 1 clamped
  📥 Scraping kids-albums for 2024-09-28... ✓ (15 songs)
  📥 Scraping kids-albums for 2024-10-05... ✓ (15 songs)
  📥 Scraping kids-albums for 2024-10-12... ✓ (15 songs)
  📥 Scraping kids-albums for 2024-10-19... ✓ (15 songs)
  📥 Scraping kids-albums for 2024-10-26... ✓ (15 songs)
  📥 Scraping kids-albums for 2024-11-02... ✓ (15 songs)
  📥 Scraping kids-albums for 2024-11-09... ✓ (15 songs)
  📥 Scraping kids-albums for 2024-11-16... ✓ (15 songs)
  📥 Scraping kids-albums for 2024-11-23... ✓ (15 songs)
  📥 Scraping kids-albums for 2024-11-30... ✓ (15 songs)
  📥 Scraping kids-albums for 2024-12-07... ✓ (15 songs)
  📥 Scraping kids-albums for 2024-12-14... ✓ (15 songs)
  📥 Scraping kids-albums for 2024-12-21... ✓ (15 songs)
  📥 Scraping kids-albums for 2024-12-28... ✓ (15 songs)
  📥 Scraping kids-albums for 2025-01-04... ✓ (15 songs)
  📥 Scraping kids-albums for 2025-01-11... ✓ (15 songs)
  kids-albums: 166/166 fetched, 0 failed, 1 clamped
DONE kids-albums: 1615 weeks, 1995-09-09 -> 2026-08-22, 0 failed, 1 clamped/skipped
  clamped weeks (first 10): ['1998-03-14']
