billboard-philippines-top-philippine-songs: 112 weeks total, 0 present, 112 to fetch
  📥 Scraping billboard-philippines-top-philippine-songs for 2024-07-06... ✓ (25 songs)
  📥 Scraping billboard-philippines-top-philippine-songs for 2024-07-13... ✓ (25 songs)
  📥 Scraping billboard-philippines-top-philippine-songs for 2024-07-20... ✓ (25 songs)
  📥 Scraping billboard-philippines-top-philippine-songs for 2024-07-27... ✓ (25 songs)
  📥 Scraping billboard-philippines-top-philippine-songs for 2024-08-03... ✓ (25 songs)
  📥 Scraping billboard-philippines-top-philippine-songs for 2024-08-10... ✓ (25 songs)
  📥 Scraping billboard-philippines-top-philippine-songs for 2024-08-17... ✓ (25 songs)
  📥 Scraping billboard-philippines-top-philippine-songs for 2024-08-24... ✓ (25 songs)
  📥 Scraping billboard-philippines-top-philippine-songs for 2024-08-31... ✓ (25 songs)
  📥 Scraping billboard-philippines-top-philippine-songs for 2024-09-07... ✓ (25 songs)
  📥 Scraping billboard-philippines-top-philippine-songs for 2024-09-14... ✓ (25 songs)
  📥 Scraping billboard-philippines-top-philippine-songs for 2024-09-21... ✓ (25 songs)
  📥 Scraping billboard-philippines-top-philippine-songs for 2024-09-28... ✓ (25 songs)
  📥 Scraping billboard-philippines-top-philippine-songs for 2024-10-05... ✓ (25 songs)
  📥 Scraping billboard-philippines-top-philippine-songs for 2024-10-12... ✓ (25 songs)
  📥 Scraping billboard-philippines-top-philippine-songs for 2024-10-19... ✓ (25 songs)
  📥 Scraping billboard-philippines-top-philippine-songs for 2024-10-26... ✓ (25 songs)
  📥 Scraping billboard-philippines-top-philippine-songs for 2024-11-02... ✓ (25 songs)
  📥 Scraping billboard-philippines-top-philippine-songs for 2024-11-09... ✓ (25 songs)
  📥 Scraping billboard-philippines-top-philippine-songs for 2024-11-16... ✓ (25 songs)
  📥 Scraping billboard-philippines-top-philippine-songs for 2024-11-23... ✓ (25 songs)
  📥 Scraping billboard-philippines-top-philippine-songs for 2024-11-30... ✓ (25 songs)
  📥 Scraping billboard-philippines-top-philippine-songs for 2024-12-07... ✓ (25 songs)
  📥 Scraping billboard-philippines-top-philippine-songs for 2024-12-14... ✓ (25 songs)
  📥 Scraping billboard-philippines-top-philippine-songs for 2024-12-21... ✓ (25 songs)
  billboard-philippines-top-philippine-songs: 25/112 fetched, 0 failed, 0 clamped
  📥 Scraping billboard-philippines-top-philippine-songs for 2024-12-28... ✓ (25 songs)
  📥 Scraping billboard-philippines-top-philippine-songs for 2025-01-04... ✓ (25 songs)
  📥 Scraping billboard-philippines-top-philippine-songs for 2025-01-11... ✓ (25 songs)
  📥 Scraping billboard-philippines-top-philippine-songs for 2025-01-18... ✓ (25 songs)
  📥 Scraping billboard-philippines-top-philippine-songs for 2025-01-25... ✓ (25 songs)
  📥 Scraping billboard-philippines-top-philippine-songs for 2025-02-01... ✓ (25 songs)
  📥 Scraping billboard-philippines-top-philippine-songs for 2025-02-08... ✓ (25 songs)
  📥 Scraping billboard-philippines-top-philippine-songs for 2025-02-15... ✓ (25 songs)
  📥 Scraping billboard-philippines-top-philippine-songs for 2025-02-22... ✓ (25 songs)
  📥 Scraping billboard-philippines-top-philippine-songs for 2025-03-01... ✓ (25 songs)
  📥 Scraping billboard-philippines-top-philippine-songs for 2025-03-08... ✓ (25 songs)
  📥 Scraping billboard-philippines-top-philippine-songs for 2025-03-15... ✓ (25 songs)
  📥 Scraping billboard-philippines-top-philippine-songs for 2025-03-22... ✓ (25 songs)
  📥 Scraping billboard-philippines-top-philippine-songs for 2025-03-29... ✓ (25 songs)
  📥 Scraping billboard-philippines-top-philippine-songs for 2025-04-05... ✓ (25 songs)
  📥 Scraping billboard-philippines-top-philippine-songs for 2025-04-12... ✓ (25 songs)
  📥 Scraping billboard-philippines-top-philippine-songs for 2025-04-19... ✓ (25 songs)
  📥 Scraping billboard-philippines-top-philippine-songs for 2025-04-26... ✓ (25 songs)
  📥 Scraping billboard-philippines-top-philippine-songs for 2025-05-03... ✓ (25 songs)
  📥 Scraping billboard-philippines-top-philippine-songs for 2025-05-10... ✓ (25 songs)
  📥 Scraping billboard-philippines-top-philippine-songs for 2025-05-17... ✓ (25 songs)
  📥 Scraping billboard-philippines-top-philippine-songs for 2025-05-24... ✓ (25 songs)
  📥 Scraping billboard-philippines-top-philippine-songs for 2025-05-31... ✓ (25 songs)
  📥 Scraping billboard-philippines-top-philippine-songs for 2025-06-07... ✓ (25 songs)
  📥 Scraping billboard-philippines-top-philippine-songs for 2025-06-14... ✓ (25 songs)
  billboard-philippines-top-philippine-songs: 50/112 fetched, 0 failed, 0 clamped
  📥 Scraping billboard-philippines-top-philippine-songs for 2025-06-21... ✓ (25 songs)
  📥 Scraping billboard-philippines-top-philippine-songs for 2025-06-28... ✓ (25 songs)
  📥 Scraping billboard-philippines-top-philippine-songs for 2025-07-05... ✓ (25 songs)
  📥 Scraping billboard-philippines-top-philippine-songs for 2025-07-12... ✓ (25 songs)
  📥 Scraping billboard-philippines-top-philippine-songs for 2025-07-19... ✓ (25 songs)
  📥 Scraping billboard-philippines-top-philippine-songs for 2025-07-26... ✓ (25 songs)
  📥 Scraping billboard-philippines-top-philippine-songs for 2025-08-02... ✓ (25 songs)
  📥 Scraping billboard-philippines-top-philippine-songs for 2025-08-09... ✓ (25 songs)
  📥 Scraping billboard-philippines-top-philippine-songs for 2025-08-16... ✓ (25 songs)
  📥 Scraping billboard-philippines-top-philippine-songs for 2025-08-23... ✓ (25 songs)
  📥 Scraping billboard-philippines-top-philippine-songs for 2025-08-30... ✓ (25 songs)
  📥 Scraping billboard-philippines-top-philippine-songs for 2025-09-06... ✓ (25 songs)
  📥 Scraping billboard-philippines-top-philippine-songs for 2025-09-13... ✓ (25 songs)
  📥 Scraping billboard-philippines-top-philippine-songs for 2025-09-20... ✓ (25 songs)
  📥 Scraping billboard-philippines-top-philippine-songs for 2025-09-27... ✓ (25 songs)
  📥 Scraping billboard-philippines-top-philippine-songs for 2025-10-04... ✓ (25 songs)
  📥 Scraping billboard-philippines-top-philippine-songs for 2025-10-11... ✓ (25 songs)
  📥 Scraping billboard-philippines-top-philippine-songs for 2025-10-18... ✓ (25 songs)
  📥 Scraping billboard-philippines-top-philippine-songs for 2025-10-25... ✓ (25 songs)
  📥 Scraping billboard-philippines-top-philippine-songs for 2025-11-01... ✓ (25 songs)
  📥 Scraping billboard-philippines-top-philippine-songs for 2025-11-08... ✓ (25 songs)
  📥 Scraping billboard-philippines-top-philippine-songs for 2025-11-15... ✓ (25 songs)
  📥 Scraping billboard-philippines-top-philippine-songs for 2025-11-22... ✓ (25 songs)
  📥 Scraping billboard-philippines-top-philippine-songs for 2025-11-29... ✓ (25 songs)
  📥 Scraping billboard-philippines-top-philippine-songs for 2025-12-06... ✓ (25 songs)
  billboard-philippines-top-philippine-songs: 75/112 fetched, 0 failed, 0 clamped
  📥 Scraping billboard-philippines-top-philippine-songs for 2025-12-13... ✓ (25 songs)
  📥 Scraping billboard-philippines-top-philippine-songs for 2025-12-20... ✓ (25 songs)
  📥 Scraping billboard-philippines-top-philippine-songs for 2025-12-27... ✓ (25 songs)
  📥 Scraping billboard-philippines-top-philippine-songs for 2026-01-03... ✓ (25 songs)
  📥 Scraping billboard-philippines-top-philippine-songs for 2026-01-10... ✓ (25 songs)
  📥 Scraping billboard-philippines-top-philippine-songs for 2026-01-17... ✓ (25 songs)
  📥 Scraping billboard-philippines-top-philippine-songs for 2026-01-24... ✓ (25 songs)
  📥 Scraping billboard-philippines-top-philippine-songs for 2026-01-31... ✓ (25 songs)
  📥 Scraping billboard-philippines-top-philippine-songs for 2026-02-07... ✓ (25 songs)
  📥 Scraping billboard-philippines-top-philippine-songs for 2026-02-14... ✓ (25 songs)
  📥 Scraping billboard-philippines-top-philippine-songs for 2026-02-21... ✓ (25 songs)
  📥 Scraping billboard-philippines-top-philippine-songs for 2026-02-28... ✓ (25 songs)
  📥 Scraping billboard-philippines-top-philippine-songs for 2026-03-07... ✓ (25 songs)
  📥 Scraping billboard-philippines-top-philippine-songs for 2026-03-14... ✓ (25 songs)
  📥 Scraping billboard-philippines-top-philippine-songs for 2026-03-21... ✓ (25 songs)
  📥 Scraping billboard-philippines-top-philippine-songs for 2026-03-28... ✓ (25 songs)
  📥 Scraping billboard-philippines-top-philippine-songs for 2026-04-04... ✓ (25 songs)
  📥 Scraping billboard-philippines-top-philippine-songs for 2026-04-11... ✓ (25 songs)
  📥 Scraping billboard-philippines-top-philippine-songs for 2026-04-18... ✓ (25 songs)
  📥 Scraping billboard-philippines-top-philippine-songs for 2026-04-25... ✓ (25 songs)
  📥 Scraping billboard-philippines-top-philippine-songs for 2026-05-02... ✓ (25 songs)
  📥 Scraping billboard-philippines-top-philippine-songs for 2026-05-09... ✓ (25 songs)
  📥 Scraping billboard-philippines-top-philippine-songs for 2026-05-16... ✓ (25 songs)
  📥 Scraping billboard-philippines-top-philippine-songs for 2026-05-23... ✓ (25 songs)
  📥 Scraping billboard-philippines-top-philippine-songs for 2026-05-30... ✓ (25 songs)
  billboard-philippines-top-philippine-songs: 100/112 fetched, 0 failed, 1 clamped
  📥 Scraping billboard-philippines-top-philippine-songs for 2026-06-06... ✓ (25 songs)
  📥 Scraping billboard-philippines-top-philippine-songs for 2026-06-13... ✓ (25 songs)
  📥 Scraping billboard-philippines-top-philippine-songs for 2026-06-20... ✓ (25 songs)
  📥 Scraping billboard-philippines-top-philippine-songs for 2026-06-27... ✓ (25 songs)
  📥 Scraping billboard-philippines-top-philippine-songs for 2026-07-04... ✓ (25 songs)
  📥 Scraping billboard-philippines-top-philippine-songs for 2026-07-11... ✓ (25 songs)
  📥 Scraping billboard-philippines-top-philippine-songs for 2026-07-18... ✓ (25 songs)
  📥 Scraping billboard-philippines-top-philippine-songs for 2026-07-25... ✓ (25 songs)
  📥 Scraping billboard-philippines-top-philippine-songs for 2026-08-01... ✓ (25 songs)
  📥 Scraping billboard-philippines-top-philippine-songs for 2026-08-08... ✓ (25 songs)
  📥 Scraping billboard-philippines-top-philippine-songs for 2026-08-15... ✗ No chart date on page (redirect or markup change) — skipping
  📥 Scraping billboard-philippines-top-philippine-songs for 2026-08-15... ✗ No chart date on page (redirect or markup change) — skipping
  📥 Scraping billboard-philippines-top-philippine-songs for 2026-08-15... ✗ No chart date on page (redirect or markup change) — skipping
  📥 Scraping billboard-philippines-top-philippine-songs for 2026-08-22... ✗ No chart date on page (redirect or markup change) — skipping
  📥 Scraping billboard-philippines-top-philippine-songs for 2026-08-22... ✗ No chart date on page (redirect or markup change) — skipping
  📥 Scraping billboard-philippines-top-philippine-songs for 2026-08-22... ✗ No chart date on page (redirect or markup change) — skipping
DONE billboard-philippines-top-philippine-songs: 109 weeks, 2024-07-06 -> 2026-08-08, 2 failed, 1 clamped/skipped
  failed weeks (first 20): ['2026-08-15', '2026-08-22']
  clamped weeks (first 10): ['2026-03-07']
