r-and-b-albums: 709 weeks total, 0 present, 709 to fetch
  📥 Scraping r-and-b-albums for 2013-01-26... ✓ (25 songs)
  📥 Scraping r-and-b-albums for 2013-02-02... ✓ (25 songs)
  📥 Scraping r-and-b-albums for 2013-02-09... ✓ (25 songs)
  📥 Scraping r-and-b-albums for 2013-02-16... ✓ (25 songs)
  📥 Scraping r-and-b-albums for 2013-02-23... ✓ (25 songs)
  📥 Scraping r-and-b-albums for 2013-03-02... ✓ (25 songs)
  📥 Scraping r-and-b-albums for 2013-03-09... ✓ (25 songs)
  📥 Scraping r-and-b-albums for 2013-03-16... ✓ (25 songs)
  📥 Scraping r-and-b-albums for 2013-03-23... ✓ (25 songs)
  📥 Scraping r-and-b-albums for 2013-03-30... ✓ (25 songs)
  📥 Scraping r-and-b-albums for 2013-04-06... ✓ (25 songs)
  📥 Scraping r-and-b-albums for 2013-04-13... ✓ (25 songs)
  📥 Scraping r-and-b-albums for 2013-04-20... ✓ (25 songs)
  📥 Scraping r-and-b-albums for 2013-04-27... ✓ (25 songs)
  📥 Scraping r-and-b-albums for 2013-05-04... ✓ (25 songs)
  📥 Scraping r-and-b-albums for 2013-05-11... ✓ (25 songs)
  📥 Scraping r-and-b-albums for 2013-05-18... ✓ (25 songs)
  📥 Scraping r-and-b-albums for 2013-05-25... ✓ (25 songs)
  📥 Scraping r-and-b-albums for 2013-06-01... ✓ (25 songs)
  📥 Scraping r-and-b-albums for 2013-06-08... ✓ (25 songs)
  📥 Scraping r-and-b-albums for 2013-06-15... ✓ (25 songs)
  📥 Scraping r-and-b-albums for 2013-06-22... ✓ (25 songs)
  📥 Scraping r-and-b-albums for 2013-06-29... ✓ (25 songs)
  📥 Scraping r-and-b-albums for 2013-07-06... ✓ (25 songs)
  📥 Scraping r-and-b-albums for 2013-07-13... ✓ (25 songs)
  r-and-b-albums: 25/709 fetched, 0 failed, 0 clamped
  📥 Scraping r-and-b-albums for 2013-07-20... ✓ (25 songs)
  📥 Scraping r-and-b-albums for 2013-07-27... ✓ (25 songs)
  📥 Scraping r-and-b-albums for 2013-08-03... ✓ (25 songs)
  📥 Scraping r-and-b-albums for 2013-08-10... ✓ (25 songs)
  📥 Scraping r-and-b-albums for 2013-08-17... ✓ (25 songs)
  📥 Scraping r-and-b-albums for 2013-08-24... ✓ (25 songs)
  📥 Scraping r-and-b-albums for 2013-08-31... ✓ (25 songs)
  📥 Scraping r-and-b-albums for 2013-09-07... ✓ (25 songs)
  📥 Scraping r-and-b-albums for 2013-09-14... ✓ (25 songs)
  📥 Scraping r-and-b-albums for 2013-09-21... ✓ (25 songs)
  📥 Scraping r-and-b-albums for 2013-09-28... ✓ (25 songs)
  📥 Scraping r-and-b-albums for 2013-10-05... ✓ (25 songs)
  📥 Scraping r-and-b-albums for 2013-10-12... ✓ (25 songs)
  📥 Scraping r-and-b-albums for 2013-10-19... ✓ (25 songs)
  📥 Scraping r-and-b-albums for 2013-10-26... ✓ (25 songs)
  📥 Scraping r-and-b-albums for 2013-11-02... ✓ (25 songs)
  📥 Scraping r-and-b-albums for 2013-11-09... ✓ (25 songs)
  📥 Scraping r-and-b-albums for 2013-11-16... ✓ (25 songs)
  📥 Scraping r-and-b-albums for 2013-11-23... ✓ (25 songs)
  📥 Scraping r-and-b-albums for 2013-11-30... ✓ (25 songs)
  📥 Scraping r-and-b-albums for 2013-12-07... ✓ (25 songs)
  📥 Scraping r-and-b-albums for 2013-12-14... ✓ (25 songs)
  📥 Scraping r-and-b-albums for 2013-12-21... ✓ (25 songs)
  📥 Scraping r-and-b-albums for 2013-12-28... ✓ (25 songs)
  📥 Scraping r-and-b-albums for 2014-01-04... ✓ (25 songs)
  r-and-b-albums: 50/709 fetched, 0 failed, 0 clamped
  📥 Scraping r-and-b-albums for 2014-01-11... ✓ (25 songs)
  📥 Scraping r-and-b-albums for 2014-01-18... ✓ (25 songs)
  📥 Scraping r-and-b-albums for 2014-01-25... ✓ (25 songs)
  📥 Scraping r-and-b-albums for 2014-02-01... ✓ (25 songs)
  📥 Scraping r-and-b-albums for 2014-02-08... ✓ (25 songs)
  📥 Scraping r-and-b-albums for 2014-02-15... ✓ (25 songs)
  📥 Scraping r-and-b-albums for 2014-02-22... ✓ (25 songs)
  📥 Scraping r-and-b-albums for 2014-03-01... ✓ (25 songs)
  📥 Scraping r-and-b-albums for 2014-03-08... ✓ (25 songs)
  📥 Scraping r-and-b-albums for 2014-03-15... ✓ (25 songs)
  📥 Scraping r-and-b-albums for 2014-03-22... ✓ (25 songs)
  📥 Scraping r-and-b-albums for 2014-03-29... ✓ (25 songs)
  📥 Scraping r-and-b-albums for 2014-04-05... ✓ (25 songs)
  📥 Scraping r-and-b-albums for 2014-04-12... ✓ (25 songs)
  📥 Scraping r-and-b-albums for 2014-04-19... ✓ (25 songs)
  📥 Scraping r-and-b-albums for 2014-04-26... ✓ (25 songs)
  📥 Scraping r-and-b-albums for 2014-05-03... ✓ (25 songs)
  📥 Scraping r-and-b-albums for 2014-05-10... ✓ (25 songs)
  📥 Scraping r-and-b-albums for 2014-05-17... ✓ (25 songs)
  📥 Scraping r-and-b-albums for 2014-05-24... ✓ (25 songs)
  📥 Scraping r-and-b-albums for 2014-05-31... ✓ (25 songs)
  📥 Scraping r-and-b-albums for 2014-06-07... ✓ (25 songs)
  📥 Scraping r-and-b-albums for 2014-06-14... ✓ (25 songs)
  📥 Scraping r-and-b-albums for 2014-06-21... ✓ (25 songs)
  📥 Scraping r-and-b-albums for 2014-06-28... ✓ (25 songs)
  r-and-b-albums: 75/709 fetched, 0 failed, 0 clamped
  📥 Scraping r-and-b-albums for 2014-07-05... ✓ (25 songs)
  📥 Scraping r-and-b-albums for 2014-07-12... ✓ (25 songs)
  📥 Scraping r-and-b-albums for 2014-07-19... ✓ (25 songs)
  📥 Scraping r-and-b-albums for 2014-07-26... ✓ (25 songs)
  📥 Scraping r-and-b-albums for 2014-08-02... ✓ (25 songs)
  📥 Scraping r-and-b-albums for 2014-08-09... ✓ (25 songs)
  📥 Scraping r-and-b-albums for 2014-08-16... ✓ (25 songs)
  📥 Scraping r-and-b-albums for 2014-08-23... ✓ (25 songs)
  📥 Scraping r-and-b-albums for 2014-08-30... ✓ (25 songs)
  📥 Scraping r-and-b-albums for 2014-09-06... ✓ (25 songs)
  📥 Scraping r-and-b-albums for 2014-09-13... ✓ (25 songs)
  📥 Scraping r-and-b-albums for 2014-09-20... ✓ (25 songs)
  📥 Scraping r-and-b-albums for 2014-09-27... ✓ (25 songs)
  📥 Scraping r-and-b-albums for 2014-10-04... ✓ (25 songs)
  📥 Scraping r-and-b-albums for 2014-10-11... ✓ (25 songs)
  📥 Scraping r-and-b-albums for 2014-10-18... ✓ (25 songs)
  📥 Scraping r-and-b-albums for 2014-10-25... ✓ (25 songs)
  📥 Scraping r-and-b-albums for 2014-11-01... ✓ (25 songs)
  📥 Scraping r-and-b-albums for 2014-11-08... ✓ (25 songs)
  📥 Scraping r-and-b-albums for 2014-11-15... ✓ (25 songs)
  📥 Scraping r-and-b-albums for 2014-11-22... ✓ (25 songs)
  📥 Scraping r-and-b-albums for 2014-11-29... ✓ (25 songs)
  📥 Scraping r-and-b-albums for 2014-12-06... ✓ (25 songs)
  📥 Scraping r-and-b-albums for 2014-12-13... ✓ (25 songs)
  📥 Scraping r-and-b-albums for 2014-12-20... ✓ (25 songs)
  r-and-b-albums: 100/709 fetched, 0 failed, 0 clamped
  📥 Scraping r-and-b-albums for 2014-12-27... ✓ (25 songs)
  📥 Scraping r-and-b-albums for 2015-01-03... ✓ (25 songs)
  📥 Scraping r-and-b-albums for 2015-01-10... ✓ (25 songs)
  📥 Scraping r-and-b-albums for 2015-01-17... ✓ (25 songs)
  📥 Scraping r-and-b-albums for 2015-01-24... ✓ (25 songs)
  📥 Scraping r-and-b-albums for 2015-01-31... ✓ (25 songs)
  📥 Scraping r-and-b-albums for 2015-02-07... ✓ (25 songs)
  📥 Scraping r-and-b-albums for 2015-02-14... ✓ (25 songs)
  📥 Scraping r-and-b-albums for 2015-02-21... ✓ (25 songs)
  📥 Scraping r-and-b-albums for 2015-02-28... ✓ (25 songs)
  📥 Scraping r-and-b-albums for 2015-03-07... ✓ (25 songs)
  📥 Scraping r-and-b-albums for 2015-03-14... ✓ (25 songs)
  📥 Scraping r-and-b-albums for 2015-03-21... ✓ (25 songs)
  📥 Scraping r-and-b-albums for 2015-03-28... ✓ (25 songs)
  📥 Scraping r-and-b-albums for 2015-04-04... ✓ (25 songs)
  📥 Scraping r-and-b-albums for 2015-04-11... ✓ (25 songs)
  📥 Scraping r-and-b-albums for 2015-04-18... ✓ (25 songs)
  📥 Scraping r-and-b-albums for 2015-04-25... ✓ (25 songs)
  📥 Scraping r-and-b-albums for 2015-05-02... ✓ (25 songs)
  📥 Scraping r-and-b-albums for 2015-05-09... ✓ (25 songs)
  📥 Scraping r-and-b-albums for 2015-05-16... ✓ (25 songs)
  📥 Scraping r-and-b-albums for 2015-05-23... ✓ (25 songs)
  📥 Scraping r-and-b-albums for 2015-05-30... ✓ (25 songs)
  📥 Scraping r-and-b-albums for 2015-06-06... ✓ (25 songs)
  📥 Scraping r-and-b-albums for 2015-06-13... ✓ (25 songs)
  r-and-b-albums: 125/709 fetched, 0 failed, 0 clamped
  📥 Scraping r-and-b-albums for 2015-06-20... ✓ (25 songs)
  📥 Scraping r-and-b-albums for 2015-06-27... ✓ (25 songs)
  📥 Scraping r-and-b-albums for 2015-07-04... ✓ (25 songs)
  📥 Scraping r-and-b-albums for 2015-07-11... ✓ (25 songs)
  📥 Scraping r-and-b-albums for 2015-07-18... ✓ (25 songs)
  📥 Scraping r-and-b-albums for 2015-07-25... ✓ (25 songs)
  📥 Scraping r-and-b-albums for 2015-08-01... ✓ (25 songs)
  📥 Scraping r-and-b-albums for 2015-08-08... ✓ (25 songs)
  📥 Scraping r-and-b-albums for 2015-08-15... ✓ (25 songs)
  📥 Scraping r-and-b-albums for 2015-08-22... ✓ (25 songs)
  📥 Scraping r-and-b-albums for 2015-08-29... ✓ (25 songs)
  📥 Scraping r-and-b-albums for 2015-09-05... ✓ (25 songs)
  📥 Scraping r-and-b-albums for 2015-09-12... ✓ (25 songs)
  📥 Scraping r-and-b-albums for 2015-09-19... ✓ (25 songs)
  📥 Scraping r-and-b-albums for 2015-09-26... ✓ (25 songs)
  📥 Scraping r-and-b-albums for 2015-10-03... ✓ (25 songs)
  📥 Scraping r-and-b-albums for 2015-10-10... ✓ (25 songs)
  📥 Scraping r-and-b-albums for 2015-10-17... ✓ (25 songs)
  📥 Scraping r-and-b-albums for 2015-10-24... ✓ (25 songs)
  📥 Scraping r-and-b-albums for 2015-10-31... ✓ (25 songs)
  📥 Scraping r-and-b-albums for 2015-11-07... ✓ (25 songs)
  📥 Scraping r-and-b-albums for 2015-11-14... ✓ (25 songs)
  📥 Scraping r-and-b-albums for 2015-11-21... ✓ (25 songs)
  📥 Scraping r-and-b-albums for 2015-11-28... ✓ (25 songs)
  📥 Scraping r-and-b-albums for 2015-12-05... ✓ (25 songs)
  r-and-b-albums: 150/709 fetched, 0 failed, 0 clamped
  📥 Scraping r-and-b-albums for 2015-12-12... ✓ (25 songs)
  📥 Scraping r-and-b-albums for 2015-12-19... ✓ (25 songs)
  📥 Scraping r-and-b-albums for 2015-12-26... ✓ (25 songs)
  📥 Scraping r-and-b-albums for 2016-01-02... ✓ (25 songs)
  📥 Scraping r-and-b-albums for 2016-01-09... ✓ (25 songs)
  📥 Scraping r-and-b-albums for 2016-01-16... ✓ (25 songs)
  📥 Scraping r-and-b-albums for 2016-01-23... ✓ (25 songs)
  📥 Scraping r-and-b-albums for 2016-01-30... ✓ (25 songs)
  📥 Scraping r-and-b-albums for 2016-02-06... ✓ (25 songs)
  📥 Scraping r-and-b-albums for 2016-02-13... ✓ (25 songs)
  📥 Scraping r-and-b-albums for 2016-02-20... ✓ (25 songs)
  📥 Scraping r-and-b-albums for 2016-02-27... ✓ (25 songs)
  📥 Scraping r-and-b-albums for 2016-03-05... ✓ (25 songs)
  📥 Scraping r-and-b-albums for 2016-03-12... ✓ (25 songs)
  📥 Scraping r-and-b-albums for 2016-03-19... ✓ (25 songs)
  📥 Scraping r-and-b-albums for 2016-03-26... ✓ (25 songs)
  📥 Scraping r-and-b-albums for 2016-04-02... ✓ (25 songs)
  📥 Scraping r-and-b-albums for 2016-04-09... ✓ (25 songs)
  📥 Scraping r-and-b-albums for 2016-04-16... ✓ (25 songs)
  📥 Scraping r-and-b-albums for 2016-04-23... ✓ (25 songs)
  📥 Scraping r-and-b-albums for 2016-04-30... ✓ (25 songs)
  📥 Scraping r-and-b-albums for 2016-05-07... ✓ (25 songs)
  📥 Scraping r-and-b-albums for 2016-05-14... ✓ (25 songs)
  📥 Scraping r-and-b-albums for 2016-05-21... ✓ (25 songs)
  📥 Scraping r-and-b-albums for 2016-05-28... ✓ (25 songs)
  r-and-b-albums: 175/709 fetched, 0 failed, 0 clamped
  📥 Scraping r-and-b-albums for 2016-06-04... ✓ (25 songs)
  📥 Scraping r-and-b-albums for 2016-06-11... ✓ (25 songs)
  📥 Scraping r-and-b-albums for 2016-06-18... ✓ (25 songs)
  📥 Scraping r-and-b-albums for 2016-06-25... ✓ (25 songs)
  📥 Scraping r-and-b-albums for 2016-07-02... ✓ (25 songs)
  📥 Scraping r-and-b-albums for 2016-07-09... ✓ (25 songs)
  📥 Scraping r-and-b-albums for 2016-07-16... ✓ (25 songs)
  📥 Scraping r-and-b-albums for 2016-07-23... ✓ (25 songs)
  📥 Scraping r-and-b-albums for 2016-07-30... ✓ (25 songs)
  📥 Scraping r-and-b-albums for 2016-08-06... ✓ (25 songs)
  📥 Scraping r-and-b-albums for 2016-08-13... ✓ (25 songs)
  📥 Scraping r-and-b-albums for 2016-08-20... ✓ (25 songs)
  📥 Scraping r-and-b-albums for 2016-08-27... ✓ (25 songs)
  📥 Scraping r-and-b-albums for 2016-09-03... ✓ (25 songs)
  📥 Scraping r-and-b-albums for 2016-09-10... ✓ (25 songs)
  📥 Scraping r-and-b-albums for 2016-09-17... ✓ (25 songs)
  📥 Scraping r-and-b-albums for 2016-09-24... ✓ (25 songs)
  📥 Scraping r-and-b-albums for 2016-10-01... ✓ (25 songs)
  📥 Scraping r-and-b-albums for 2016-10-08... ✓ (25 songs)
  📥 Scraping r-and-b-albums for 2016-10-15... ✓ (25 songs)
  📥 Scraping r-and-b-albums for 2016-10-22... ✓ (25 songs)
  📥 Scraping r-and-b-albums for 2016-10-29... ✓ (25 songs)
  📥 Scraping r-and-b-albums for 2016-11-05... ✓ (25 songs)
  📥 Scraping r-and-b-albums for 2016-11-12... ✓ (25 songs)
  📥 Scraping r-and-b-albums for 2016-11-19... ✓ (25 songs)
  r-and-b-albums: 200/709 fetched, 0 failed, 0 clamped
  📥 Scraping r-and-b-albums for 2016-11-26... ✓ (25 songs)
  📥 Scraping r-and-b-albums for 2016-12-03... ✓ (25 songs)
  📥 Scraping r-and-b-albums for 2016-12-10... ✓ (25 songs)
  📥 Scraping r-and-b-albums for 2016-12-17... ✓ (25 songs)
  📥 Scraping r-and-b-albums for 2016-12-24... ✓ (25 songs)
  📥 Scraping r-and-b-albums for 2016-12-31... ✓ (25 songs)
  📥 Scraping r-and-b-albums for 2017-01-07... ✓ (25 songs)
  📥 Scraping r-and-b-albums for 2017-01-14... ✓ (25 songs)
  📥 Scraping r-and-b-albums for 2017-01-21... ✓ (25 songs)
  📥 Scraping r-and-b-albums for 2017-01-28... ✓ (25 songs)
  📥 Scraping r-and-b-albums for 2017-02-04... ✓ (25 songs)
  📥 Scraping r-and-b-albums for 2017-02-11... ✓ (25 songs)
  📥 Scraping r-and-b-albums for 2017-02-18... ✓ (25 songs)
  📥 Scraping r-and-b-albums for 2017-02-25... ✓ (25 songs)
  📥 Scraping r-and-b-albums for 2017-03-04... ✓ (25 songs)
  📥 Scraping r-and-b-albums for 2017-03-11... ✓ (25 songs)
  📥 Scraping r-and-b-albums for 2017-03-18... ✓ (25 songs)
  📥 Scraping r-and-b-albums for 2017-03-25... ✓ (25 songs)
  📥 Scraping r-and-b-albums for 2017-04-01... ✓ (25 songs)
  📥 Scraping r-and-b-albums for 2017-04-08... ✓ (25 songs)
  📥 Scraping r-and-b-albums for 2017-04-15... ✓ (25 songs)
  📥 Scraping r-and-b-albums for 2017-04-22... ✓ (25 songs)
  📥 Scraping r-and-b-albums for 2017-04-29... ✓ (25 songs)
  📥 Scraping r-and-b-albums for 2017-05-06... ✓ (25 songs)
  📥 Scraping r-and-b-albums for 2017-05-13... ✓ (25 songs)
  r-and-b-albums: 225/709 fetched, 0 failed, 0 clamped
  📥 Scraping r-and-b-albums for 2017-05-20... ✓ (25 songs)
  📥 Scraping r-and-b-albums for 2017-05-27... ✓ (25 songs)
  📥 Scraping r-and-b-albums for 2017-06-03... ✓ (25 songs)
  📥 Scraping r-and-b-albums for 2017-06-10... ✓ (25 songs)
  📥 Scraping r-and-b-albums for 2017-06-17... ✓ (25 songs)
  📥 Scraping r-and-b-albums for 2017-06-24... ✓ (25 songs)
  📥 Scraping r-and-b-albums for 2017-07-01... ✓ (25 songs)
  📥 Scraping r-and-b-albums for 2017-07-08... ✓ (25 songs)
  📥 Scraping r-and-b-albums for 2017-07-15... ✓ (25 songs)
  📥 Scraping r-and-b-albums for 2017-07-22... ✓ (25 songs)
  📥 Scraping r-and-b-albums for 2017-07-29... ✓ (25 songs)
  📥 Scraping r-and-b-albums for 2017-08-05... ✓ (25 songs)
  📥 Scraping r-and-b-albums for 2017-08-12... ✓ (25 songs)
  📥 Scraping r-and-b-albums for 2017-08-19... ✓ (25 songs)
  📥 Scraping r-and-b-albums for 2017-08-26... ✓ (25 songs)
  📥 Scraping r-and-b-albums for 2017-09-02... ✓ (25 songs)
  📥 Scraping r-and-b-albums for 2017-09-09... ✓ (25 songs)
  📥 Scraping r-and-b-albums for 2017-09-16... ✓ (25 songs)
  📥 Scraping r-and-b-albums for 2017-09-23... ✓ (25 songs)
  📥 Scraping r-and-b-albums for 2017-09-30... ✓ (25 songs)
  📥 Scraping r-and-b-albums for 2017-10-07... ✓ (25 songs)
  📥 Scraping r-and-b-albums for 2017-10-14... ✓ (25 songs)
  📥 Scraping r-and-b-albums for 2017-10-21... ✓ (25 songs)
  📥 Scraping r-and-b-albums for 2017-10-28... ✓ (25 songs)
  📥 Scraping r-and-b-albums for 2017-11-04... ✓ (25 songs)
  r-and-b-albums: 250/709 fetched, 0 failed, 0 clamped
  📥 Scraping r-and-b-albums for 2017-11-11... ✓ (25 songs)
  📥 Scraping r-and-b-albums for 2017-11-18... ✓ (25 songs)
  📥 Scraping r-and-b-albums for 2017-11-25... ✓ (25 songs)
  📥 Scraping r-and-b-albums for 2017-12-02... ✓ (25 songs)
  📥 Scraping r-and-b-albums for 2017-12-09... ✓ (25 songs)
  📥 Scraping r-and-b-albums for 2017-12-16... ✓ (25 songs)
  📥 Scraping r-and-b-albums for 2017-12-23... ✓ (25 songs)
  📥 Scraping r-and-b-albums for 2017-12-30... ✓ (25 songs)
  📥 Scraping r-and-b-albums for 2018-01-06... ✓ (25 songs)
  📥 Scraping r-and-b-albums for 2018-01-13... ✓ (25 songs)
  📥 Scraping r-and-b-albums for 2018-01-20... ✓ (25 songs)
  📥 Scraping r-and-b-albums for 2018-01-27... ✓ (25 songs)
  📥 Scraping r-and-b-albums for 2018-02-03... ✓ (25 songs)
  📥 Scraping r-and-b-albums for 2018-02-10... ✓ (25 songs)
  📥 Scraping r-and-b-albums for 2018-02-17... ✓ (25 songs)
  📥 Scraping r-and-b-albums for 2018-02-24... ✓ (25 songs)
  📥 Scraping r-and-b-albums for 2018-03-03... ✓ (25 songs)
  📥 Scraping r-and-b-albums for 2018-03-10... ✓ (25 songs)
  📥 Scraping r-and-b-albums for 2018-03-17... ✓ (25 songs)
  📥 Scraping r-and-b-albums for 2018-03-24... ✓ (25 songs)
  📥 Scraping r-and-b-albums for 2018-03-31... ✓ (25 songs)
  📥 Scraping r-and-b-albums for 2018-04-07... ✓ (25 songs)
  📥 Scraping r-and-b-albums for 2018-04-14... ✓ (25 songs)
  📥 Scraping r-and-b-albums for 2018-04-21... ✓ (25 songs)
  📥 Scraping r-and-b-albums for 2018-04-28... ✓ (25 songs)
  r-and-b-albums: 275/709 fetched, 0 failed, 0 clamped
  📥 Scraping r-and-b-albums for 2018-05-05... ✓ (25 songs)
  📥 Scraping r-and-b-albums for 2018-05-12... ✓ (25 songs)
  📥 Scraping r-and-b-albums for 2018-05-19... ✓ (25 songs)
  📥 Scraping r-and-b-albums for 2018-05-26... ✓ (25 songs)
  📥 Scraping r-and-b-albums for 2018-06-02... ✓ (25 songs)
  📥 Scraping r-and-b-albums for 2018-06-09... ✓ (25 songs)
  📥 Scraping r-and-b-albums for 2018-06-16... ✓ (25 songs)
  📥 Scraping r-and-b-albums for 2018-06-23... ✓ (25 songs)
  📥 Scraping r-and-b-albums for 2018-06-30... ✓ (25 songs)
  📥 Scraping r-and-b-albums for 2018-07-07... ✓ (25 songs)
  📥 Scraping r-and-b-albums for 2018-07-14... ✓ (25 songs)
  📥 Scraping r-and-b-albums for 2018-07-21... ✓ (25 songs)
  📥 Scraping r-and-b-albums for 2018-07-28... ✓ (25 songs)
  📥 Scraping r-and-b-albums for 2018-08-04... ✓ (25 songs)
  📥 Scraping r-and-b-albums for 2018-08-11... ✓ (25 songs)
  📥 Scraping r-and-b-albums for 2018-08-18... ✓ (25 songs)
  📥 Scraping r-and-b-albums for 2018-08-25... ✓ (25 songs)
  📥 Scraping r-and-b-albums for 2018-09-01... ✓ (25 songs)
  📥 Scraping r-and-b-albums for 2018-09-08... ✓ (25 songs)
  📥 Scraping r-and-b-albums for 2018-09-15... ✓ (25 songs)
  📥 Scraping r-and-b-albums for 2018-09-22... ✓ (25 songs)
  📥 Scraping r-and-b-albums for 2018-09-29... ✓ (25 songs)
  📥 Scraping r-and-b-albums for 2018-10-06... ✓ (25 songs)
  📥 Scraping r-and-b-albums for 2018-10-13... ✓ (25 songs)
  📥 Scraping r-and-b-albums for 2018-10-20... ✓ (25 songs)
  r-and-b-albums: 300/709 fetched, 0 failed, 0 clamped
  📥 Scraping r-and-b-albums for 2018-10-27... ✓ (25 songs)
  📥 Scraping r-and-b-albums for 2018-11-03... ✓ (25 songs)
  📥 Scraping r-and-b-albums for 2018-11-10... ✓ (25 songs)
  📥 Scraping r-and-b-albums for 2018-11-17... ✓ (25 songs)
  📥 Scraping r-and-b-albums for 2018-11-24... ✗ No chart date on page (redirect or markup change) — skipping
  📥 Scraping r-and-b-albums for 2018-11-24... ✗ No chart date on page (redirect or markup change) — skipping
  📥 Scraping r-and-b-albums for 2018-11-24... ✗ No chart date on page (redirect or markup change) — skipping
  📥 Scraping r-and-b-albums for 2018-12-01... ✓ (25 songs)
  📥 Scraping r-and-b-albums for 2018-12-08... ✓ (25 songs)
  📥 Scraping r-and-b-albums for 2018-12-15... ✓ (25 songs)
  📥 Scraping r-and-b-albums for 2018-12-22... ✓ (25 songs)
  📥 Scraping r-and-b-albums for 2018-12-29... ✓ (25 songs)
  📥 Scraping r-and-b-albums for 2019-01-05... ✓ (25 songs)
  📥 Scraping r-and-b-albums for 2019-01-12... ✓ (25 songs)
  📥 Scraping r-and-b-albums for 2019-01-19... ✓ (25 songs)
  📥 Scraping r-and-b-albums for 2019-01-26... ✓ (25 songs)
  📥 Scraping r-and-b-albums for 2019-02-02... ✓ (25 songs)
  📥 Scraping r-and-b-albums for 2019-02-09... ✓ (25 songs)
  📥 Scraping r-and-b-albums for 2019-02-16... ✓ (25 songs)
  📥 Scraping r-and-b-albums for 2019-02-23... ✓ (25 songs)
  📥 Scraping r-and-b-albums for 2019-03-02... ✓ (25 songs)
  📥 Scraping r-and-b-albums for 2019-03-09... ✓ (25 songs)
  📥 Scraping r-and-b-albums for 2019-03-16... ✓ (25 songs)
  📥 Scraping r-and-b-albums for 2019-03-23... ✓ (25 songs)
  📥 Scraping r-and-b-albums for 2019-03-30... ✓ (25 songs)
  📥 Scraping r-and-b-albums for 2019-04-06... ✓ (25 songs)
  📥 Scraping r-and-b-albums for 2019-04-13... ✓ (25 songs)
  r-and-b-albums: 325/709 fetched, 1 failed, 0 clamped
  📥 Scraping r-and-b-albums for 2019-04-20... ✓ (25 songs)
  📥 Scraping r-and-b-albums for 2019-04-27... ✓ (25 songs)
  📥 Scraping r-and-b-albums for 2019-05-04... ✓ (25 songs)
  📥 Scraping r-and-b-albums for 2019-05-11... ✓ (25 songs)
  📥 Scraping r-and-b-albums for 2019-05-18... ✓ (25 songs)
  📥 Scraping r-and-b-albums for 2019-05-25... ✓ (25 songs)
  📥 Scraping r-and-b-albums for 2019-06-01... ✓ (25 songs)
  📥 Scraping r-and-b-albums for 2019-06-08... ✓ (25 songs)
  📥 Scraping r-and-b-albums for 2019-06-15... ✓ (25 songs)
  📥 Scraping r-and-b-albums for 2019-06-22... ✓ (25 songs)
  📥 Scraping r-and-b-albums for 2019-06-29... ✓ (25 songs)
  📥 Scraping r-and-b-albums for 2019-07-06... ✓ (25 songs)
  📥 Scraping r-and-b-albums for 2019-07-13... ✓ (25 songs)
  📥 Scraping r-and-b-albums for 2019-07-20... ✓ (25 songs)
  📥 Scraping r-and-b-albums for 2019-07-27... ✓ (25 songs)
  📥 Scraping r-and-b-albums for 2019-08-03... ✓ (25 songs)
  📥 Scraping r-and-b-albums for 2019-08-10... ✓ (25 songs)
  📥 Scraping r-and-b-albums for 2019-08-17... ✓ (25 songs)
  📥 Scraping r-and-b-albums for 2019-08-24... ✓ (25 songs)
  📥 Scraping r-and-b-albums for 2019-08-31... ✗ Network error: HTTPSConnectionPool(host='www.billboard.com', port=443): Read timed out. (read timeout=15)
  📥 Scraping r-and-b-albums for 2019-08-31... ✓ (25 songs)
  📥 Scraping r-and-b-albums for 2019-09-07... ✓ (25 songs)
  📥 Scraping r-and-b-albums for 2019-09-14... ✓ (25 songs)
  📥 Scraping r-and-b-albums for 2019-09-21... ✓ (25 songs)
  📥 Scraping r-and-b-albums for 2019-09-28... ✗ Network error: HTTPSConnectionPool(host='www.billboard.com', port=443): Read timed out. (read timeout=15)
  📥 Scraping r-and-b-albums for 2019-09-28... ✗ Network error: HTTPSConnectionPool(host='www.billboard.com', port=443): Read timed out. (read timeout=15)
  📥 Scraping r-and-b-albums for 2019-09-28... ✓ (25 songs)
  📥 Scraping r-and-b-albums for 2019-10-05... ✓ (25 songs)
  r-and-b-albums: 350/709 fetched, 1 failed, 0 clamped
  📥 Scraping r-and-b-albums for 2019-10-12... ✓ (25 songs)
  📥 Scraping r-and-b-albums for 2019-10-19... ✓ (25 songs)
  📥 Scraping r-and-b-albums for 2019-10-26... ✓ (25 songs)
  📥 Scraping r-and-b-albums for 2019-11-02... ✓ (25 songs)
  📥 Scraping r-and-b-albums for 2019-11-09... ✓ (25 songs)
  📥 Scraping r-and-b-albums for 2019-11-16... ✓ (25 songs)
  📥 Scraping r-and-b-albums for 2019-11-23... ✓ (25 songs)
  📥 Scraping r-and-b-albums for 2019-11-30... ✓ (25 songs)
  📥 Scraping r-and-b-albums for 2019-12-07... ✓ (25 songs)
  📥 Scraping r-and-b-albums for 2019-12-14... ✓ (25 songs)
  📥 Scraping r-and-b-albums for 2019-12-21... ✓ (25 songs)
  📥 Scraping r-and-b-albums for 2019-12-28... ✓ (25 songs)
  📥 Scraping r-and-b-albums for 2020-01-04... ✓ (25 songs)
  📥 Scraping r-and-b-albums for 2020-01-11... ✓ (25 songs)
  📥 Scraping r-and-b-albums for 2020-01-18... ✓ (25 songs)
  📥 Scraping r-and-b-albums for 2020-01-25... ✓ (25 songs)
  📥 Scraping r-and-b-albums for 2020-02-01... ✓ (25 songs)
  📥 Scraping r-and-b-albums for 2020-02-08... ✓ (25 songs)
  📥 Scraping r-and-b-albums for 2020-02-15... ✓ (25 songs)
  📥 Scraping r-and-b-albums for 2020-02-22... ✓ (25 songs)
  📥 Scraping r-and-b-albums for 2020-02-29... ✓ (25 songs)
  📥 Scraping r-and-b-albums for 2020-03-07... ✓ (25 songs)
  📥 Scraping r-and-b-albums for 2020-03-14... ✓ (25 songs)
  📥 Scraping r-and-b-albums for 2020-03-21... ✓ (25 songs)
  📥 Scraping r-and-b-albums for 2020-03-28... ✓ (25 songs)
  r-and-b-albums: 375/709 fetched, 1 failed, 0 clamped
  📥 Scraping r-and-b-albums for 2020-04-04... ✓ (25 songs)
  📥 Scraping r-and-b-albums for 2020-04-11... ✓ (25 songs)
  📥 Scraping r-and-b-albums for 2020-04-18... ✓ (25 songs)
  📥 Scraping r-and-b-albums for 2020-04-25... ✓ (25 songs)
  📥 Scraping r-and-b-albums for 2020-05-02... ✓ (25 songs)
  📥 Scraping r-and-b-albums for 2020-05-09... ✓ (25 songs)
  📥 Scraping r-and-b-albums for 2020-05-16... ✓ (25 songs)
  📥 Scraping r-and-b-albums for 2020-05-23... ✓ (25 songs)
  📥 Scraping r-and-b-albums for 2020-05-30... ✓ (25 songs)
  📥 Scraping r-and-b-albums for 2020-06-06... ✓ (25 songs)
  📥 Scraping r-and-b-albums for 2020-06-13... ✓ (25 songs)
  📥 Scraping r-and-b-albums for 2020-06-20... ✓ (25 songs)
  📥 Scraping r-and-b-albums for 2020-06-27... ✓ (25 songs)
  📥 Scraping r-and-b-albums for 2020-07-04... ✓ (25 songs)
  📥 Scraping r-and-b-albums for 2020-07-11... ✓ (25 songs)
  📥 Scraping r-and-b-albums for 2020-07-18... ✓ (25 songs)
  📥 Scraping r-and-b-albums for 2020-07-25... ✓ (25 songs)
  📥 Scraping r-and-b-albums for 2020-08-01... ✓ (25 songs)
  📥 Scraping r-and-b-albums for 2020-08-08... ✓ (25 songs)
  📥 Scraping r-and-b-albums for 2020-08-15... ✓ (25 songs)
  📥 Scraping r-and-b-albums for 2020-08-22... ✓ (25 songs)
  📥 Scraping r-and-b-albums for 2020-08-29... ✓ (25 songs)
  📥 Scraping r-and-b-albums for 2020-09-05... ✓ (25 songs)
  📥 Scraping r-and-b-albums for 2020-09-12... ✓ (25 songs)
  📥 Scraping r-and-b-albums for 2020-09-19... ✓ (25 songs)
  r-and-b-albums: 400/709 fetched, 1 failed, 0 clamped
  📥 Scraping r-and-b-albums for 2020-09-26... ✓ (25 songs)
  📥 Scraping r-and-b-albums for 2020-10-03... ✓ (25 songs)
  📥 Scraping r-and-b-albums for 2020-10-10... ✓ (25 songs)
  📥 Scraping r-and-b-albums for 2020-10-17... ✓ (25 songs)
  📥 Scraping r-and-b-albums for 2020-10-24... ✓ (25 songs)
  📥 Scraping r-and-b-albums for 2020-10-31... ✓ (25 songs)
  📥 Scraping r-and-b-albums for 2020-11-07... ✓ (25 songs)
  📥 Scraping r-and-b-albums for 2020-11-14... ✓ (25 songs)
  📥 Scraping r-and-b-albums for 2020-11-21... ✓ (25 songs)
  📥 Scraping r-and-b-albums for 2020-11-28... ✓ (25 songs)
  📥 Scraping r-and-b-albums for 2020-12-05... ✓ (25 songs)
  📥 Scraping r-and-b-albums for 2020-12-12... ✓ (25 songs)
  📥 Scraping r-and-b-albums for 2020-12-19... ✓ (25 songs)
  📥 Scraping r-and-b-albums for 2020-12-26... ✓ (25 songs)
  📥 Scraping r-and-b-albums for 2021-01-02... ✓ (25 songs)
  📥 Scraping r-and-b-albums for 2021-01-09... ✓ (25 songs)
  📥 Scraping r-and-b-albums for 2021-01-16... ✓ (25 songs)
  📥 Scraping r-and-b-albums for 2021-01-23... ✓ (25 songs)
  📥 Scraping r-and-b-albums for 2021-01-30... ✓ (25 songs)
  📥 Scraping r-and-b-albums for 2021-02-06... ✓ (25 songs)
  📥 Scraping r-and-b-albums for 2021-02-13... ✓ (25 songs)
  📥 Scraping r-and-b-albums for 2021-02-20... ✓ (25 songs)
  📥 Scraping r-and-b-albums for 2021-02-27... ✓ (25 songs)
  📥 Scraping r-and-b-albums for 2021-03-06... ✓ (25 songs)
  📥 Scraping r-and-b-albums for 2021-03-13... ✓ (25 songs)
  r-and-b-albums: 425/709 fetched, 1 failed, 0 clamped
  📥 Scraping r-and-b-albums for 2021-03-20... ✓ (25 songs)
  📥 Scraping r-and-b-albums for 2021-03-27... ✓ (25 songs)
  📥 Scraping r-and-b-albums for 2021-04-03... ✓ (25 songs)
  📥 Scraping r-and-b-albums for 2021-04-10... ✓ (25 songs)
  📥 Scraping r-and-b-albums for 2021-04-17... ✓ (25 songs)
  📥 Scraping r-and-b-albums for 2021-04-24... ✓ (25 songs)
  📥 Scraping r-and-b-albums for 2021-05-01... ✓ (25 songs)
  📥 Scraping r-and-b-albums for 2021-05-08... ✓ (25 songs)
  📥 Scraping r-and-b-albums for 2021-05-15... ✓ (25 songs)
  📥 Scraping r-and-b-albums for 2021-05-22... ✓ (25 songs)
  📥 Scraping r-and-b-albums for 2021-05-29... ✓ (25 songs)
  📥 Scraping r-and-b-albums for 2021-06-05... ✓ (25 songs)
  📥 Scraping r-and-b-albums for 2021-06-12... ✓ (25 songs)
  📥 Scraping r-and-b-albums for 2021-06-19... ✓ (25 songs)
  📥 Scraping r-and-b-albums for 2021-06-26... ✓ (25 songs)
  📥 Scraping r-and-b-albums for 2021-07-03... ✓ (25 songs)
  📥 Scraping r-and-b-albums for 2021-07-10... ✓ (25 songs)
  📥 Scraping r-and-b-albums for 2021-07-17... ✓ (25 songs)
  📥 Scraping r-and-b-albums for 2021-07-24... ✓ (25 songs)
  📥 Scraping r-and-b-albums for 2021-07-31... ✓ (25 songs)
  📥 Scraping r-and-b-albums for 2021-08-07... ✓ (25 songs)
  📥 Scraping r-and-b-albums for 2021-08-14... ✓ (25 songs)
  📥 Scraping r-and-b-albums for 2021-08-21... ✓ (25 songs)
  📥 Scraping r-and-b-albums for 2021-08-28... ✓ (25 songs)
  📥 Scraping r-and-b-albums for 2021-09-04... ✓ (25 songs)
  r-and-b-albums: 450/709 fetched, 1 failed, 0 clamped
  📥 Scraping r-and-b-albums for 2021-09-11... ✓ (25 songs)
  📥 Scraping r-and-b-albums for 2021-09-18... ✓ (25 songs)
  📥 Scraping r-and-b-albums for 2021-09-25... ✓ (25 songs)
  📥 Scraping r-and-b-albums for 2021-10-02... ✓ (25 songs)
  📥 Scraping r-and-b-albums for 2021-10-09... ✓ (25 songs)
  📥 Scraping r-and-b-albums for 2021-10-16... ✓ (25 songs)
  📥 Scraping r-and-b-albums for 2021-10-23... ✓ (25 songs)
  📥 Scraping r-and-b-albums for 2021-10-30... ✓ (25 songs)
  📥 Scraping r-and-b-albums for 2021-11-06... ✓ (25 songs)
  📥 Scraping r-and-b-albums for 2021-11-13... ✓ (25 songs)
  📥 Scraping r-and-b-albums for 2021-11-20... ✓ (25 songs)
  📥 Scraping r-and-b-albums for 2021-11-27... ✓ (25 songs)
  📥 Scraping r-and-b-albums for 2021-12-04... ✓ (25 songs)
  📥 Scraping r-and-b-albums for 2021-12-11... ✓ (25 songs)
  📥 Scraping r-and-b-albums for 2021-12-18... ✓ (25 songs)
  📥 Scraping r-and-b-albums for 2021-12-25... ✓ (25 songs)
  📥 Scraping r-and-b-albums for 2022-01-01... ✓ (25 songs)
  📥 Scraping r-and-b-albums for 2022-01-08... ✓ (25 songs)
  📥 Scraping r-and-b-albums for 2022-01-15... ✓ (25 songs)
  📥 Scraping r-and-b-albums for 2022-01-22... ✓ (25 songs)
  📥 Scraping r-and-b-albums for 2022-01-29... ✓ (25 songs)
  📥 Scraping r-and-b-albums for 2022-02-05... ✓ (25 songs)
  📥 Scraping r-and-b-albums for 2022-02-12... ✓ (25 songs)
  📥 Scraping r-and-b-albums for 2022-02-19... ✓ (25 songs)
  📥 Scraping r-and-b-albums for 2022-02-26... ✓ (25 songs)
  r-and-b-albums: 475/709 fetched, 1 failed, 0 clamped
  📥 Scraping r-and-b-albums for 2022-03-05... ✓ (25 songs)
  📥 Scraping r-and-b-albums for 2022-03-12... ✓ (25 songs)
  📥 Scraping r-and-b-albums for 2022-03-19... ✓ (25 songs)
  📥 Scraping r-and-b-albums for 2022-03-26... ✓ (25 songs)
  📥 Scraping r-and-b-albums for 2022-04-02... ✓ (25 songs)
  📥 Scraping r-and-b-albums for 2022-04-09... ✓ (25 songs)
  📥 Scraping r-and-b-albums for 2022-04-16... ✓ (25 songs)
  📥 Scraping r-and-b-albums for 2022-04-23... ✓ (25 songs)
  📥 Scraping r-and-b-albums for 2022-04-30... ✓ (25 songs)
  📥 Scraping r-and-b-albums for 2022-05-07... ✓ (25 songs)
  📥 Scraping r-and-b-albums for 2022-05-14... ✓ (25 songs)
  📥 Scraping r-and-b-albums for 2022-05-21... ✓ (25 songs)
  📥 Scraping r-and-b-albums for 2022-05-28... ✓ (25 songs)
  📥 Scraping r-and-b-albums for 2022-06-04... ✓ (25 songs)
  📥 Scraping r-and-b-albums for 2022-06-11... ✓ (25 songs)
  📥 Scraping r-and-b-albums for 2022-06-18... ✓ (25 songs)
  📥 Scraping r-and-b-albums for 2022-06-25... ✓ (25 songs)
  📥 Scraping r-and-b-albums for 2022-07-02... ✓ (25 songs)
  📥 Scraping r-and-b-albums for 2022-07-09... ✓ (25 songs)
  📥 Scraping r-and-b-albums for 2022-07-16... ✓ (25 songs)
  📥 Scraping r-and-b-albums for 2022-07-23... ✓ (25 songs)
  📥 Scraping r-and-b-albums for 2022-07-30... ✓ (25 songs)
  📥 Scraping r-and-b-albums for 2022-08-06... ✓ (25 songs)
  📥 Scraping r-and-b-albums for 2022-08-13... ✓ (25 songs)
  📥 Scraping r-and-b-albums for 2022-08-20... ✓ (25 songs)
  r-and-b-albums: 500/709 fetched, 1 failed, 0 clamped
  📥 Scraping r-and-b-albums for 2022-08-27... ✓ (25 songs)
  📥 Scraping r-and-b-albums for 2022-09-03... ✓ (25 songs)
  📥 Scraping r-and-b-albums for 2022-09-10... ✓ (25 songs)
  📥 Scraping r-and-b-albums for 2022-09-17... ✓ (25 songs)
  📥 Scraping r-and-b-albums for 2022-09-24... ✓ (25 songs)
  📥 Scraping r-and-b-albums for 2022-10-01... ✓ (25 songs)
  📥 Scraping r-and-b-albums for 2022-10-08... ✓ (25 songs)
  📥 Scraping r-and-b-albums for 2022-10-15... ✓ (25 songs)
  📥 Scraping r-and-b-albums for 2022-10-22... ✓ (25 songs)
  📥 Scraping r-and-b-albums for 2022-10-29... ✓ (25 songs)
  📥 Scraping r-and-b-albums for 2022-11-05... ✓ (25 songs)
  📥 Scraping r-and-b-albums for 2022-11-12... ✓ (25 songs)
  📥 Scraping r-and-b-albums for 2022-11-19... ✓ (25 songs)
  📥 Scraping r-and-b-albums for 2022-11-26... ✓ (25 songs)
  📥 Scraping r-and-b-albums for 2022-12-03... ✓ (25 songs)
  📥 Scraping r-and-b-albums for 2022-12-10... ✓ (25 songs)
  📥 Scraping r-and-b-albums for 2022-12-17... ✓ (25 songs)
  📥 Scraping r-and-b-albums for 2022-12-24... ✓ (25 songs)
  📥 Scraping r-and-b-albums for 2022-12-31... ✓ (25 songs)
  📥 Scraping r-and-b-albums for 2023-01-07... ✓ (25 songs)
  📥 Scraping r-and-b-albums for 2023-01-14... ✓ (25 songs)
  📥 Scraping r-and-b-albums for 2023-01-21... ✓ (25 songs)
  📥 Scraping r-and-b-albums for 2023-01-28... ✓ (25 songs)
  📥 Scraping r-and-b-albums for 2023-02-04... ✓ (25 songs)
  📥 Scraping r-and-b-albums for 2023-02-11... ✓ (25 songs)
  r-and-b-albums: 525/709 fetched, 1 failed, 0 clamped
  📥 Scraping r-and-b-albums for 2023-02-18... ✓ (25 songs)
  📥 Scraping r-and-b-albums for 2023-02-25... ✓ (25 songs)
  📥 Scraping r-and-b-albums for 2023-03-04... ✓ (25 songs)
  📥 Scraping r-and-b-albums for 2023-03-11... ✓ (25 songs)
  📥 Scraping r-and-b-albums for 2023-03-18... ✓ (25 songs)
  📥 Scraping r-and-b-albums for 2023-03-25... ✓ (25 songs)
  📥 Scraping r-and-b-albums for 2023-04-01... ✓ (25 songs)
  📥 Scraping r-and-b-albums for 2023-04-08... ✓ (25 songs)
  📥 Scraping r-and-b-albums for 2023-04-15... ✓ (25 songs)
  📥 Scraping r-and-b-albums for 2023-04-22... ✓ (25 songs)
  📥 Scraping r-and-b-albums for 2023-04-29... ✓ (25 songs)
  📥 Scraping r-and-b-albums for 2023-05-06... ✓ (25 songs)
  📥 Scraping r-and-b-albums for 2023-05-13... ✓ (25 songs)
  📥 Scraping r-and-b-albums for 2023-05-20... ✓ (25 songs)
  📥 Scraping r-and-b-albums for 2023-05-27... ✓ (25 songs)
  📥 Scraping r-and-b-albums for 2023-06-03... ✓ (25 songs)
  📥 Scraping r-and-b-albums for 2023-06-10... ✓ (25 songs)
  📥 Scraping r-and-b-albums for 2023-06-17... ✓ (25 songs)
  📥 Scraping r-and-b-albums for 2023-06-24... ✓ (25 songs)
  📥 Scraping r-and-b-albums for 2023-07-01... ✓ (25 songs)
  📥 Scraping r-and-b-albums for 2023-07-08... ✓ (25 songs)
  📥 Scraping r-and-b-albums for 2023-07-15... ✓ (25 songs)
  📥 Scraping r-and-b-albums for 2023-07-22... ✓ (25 songs)
  📥 Scraping r-and-b-albums for 2023-07-29... ✓ (25 songs)
  📥 Scraping r-and-b-albums for 2023-08-05... ✓ (25 songs)
  r-and-b-albums: 550/709 fetched, 1 failed, 0 clamped
  📥 Scraping r-and-b-albums for 2023-08-12... ✓ (25 songs)
  📥 Scraping r-and-b-albums for 2023-08-19... ✓ (25 songs)
  📥 Scraping r-and-b-albums for 2023-08-26... ✓ (25 songs)
  📥 Scraping r-and-b-albums for 2023-09-02... ✓ (25 songs)
  📥 Scraping r-and-b-albums for 2023-09-09... ✓ (25 songs)
  📥 Scraping r-and-b-albums for 2023-09-16... ✓ (25 songs)
  📥 Scraping r-and-b-albums for 2023-09-23... ✓ (25 songs)
  📥 Scraping r-and-b-albums for 2023-09-30... ✓ (25 songs)
  📥 Scraping r-and-b-albums for 2023-10-07... ✓ (25 songs)
  📥 Scraping r-and-b-albums for 2023-10-14... ✓ (25 songs)
  📥 Scraping r-and-b-albums for 2023-10-21... ✓ (25 songs)
  📥 Scraping r-and-b-albums for 2023-10-28... ✓ (25 songs)
  📥 Scraping r-and-b-albums for 2023-11-04... ✓ (25 songs)
  📥 Scraping r-and-b-albums for 2023-11-11... ✓ (25 songs)
  📥 Scraping r-and-b-albums for 2023-11-18... ✓ (25 songs)
  📥 Scraping r-and-b-albums for 2023-11-25... ✓ (25 songs)
  📥 Scraping r-and-b-albums for 2023-12-02... ✓ (25 songs)
  📥 Scraping r-and-b-albums for 2023-12-09... ✓ (25 songs)
  📥 Scraping r-and-b-albums for 2023-12-16... ✓ (25 songs)
  📥 Scraping r-and-b-albums for 2023-12-23... ✓ (25 songs)
  📥 Scraping r-and-b-albums for 2023-12-30... ✓ (25 songs)
  📥 Scraping r-and-b-albums for 2024-01-06... ✓ (25 songs)
  📥 Scraping r-and-b-albums for 2024-01-13... ✓ (25 songs)
  📥 Scraping r-and-b-albums for 2024-01-20... ✓ (25 songs)
  📥 Scraping r-and-b-albums for 2024-01-27... ✓ (25 songs)
  r-and-b-albums: 575/709 fetched, 1 failed, 0 clamped
  📥 Scraping r-and-b-albums for 2024-02-03... ✓ (25 songs)
  📥 Scraping r-and-b-albums for 2024-02-10... ✓ (25 songs)
  📥 Scraping r-and-b-albums for 2024-02-17... ✓ (25 songs)
  📥 Scraping r-and-b-albums for 2024-02-24... ✓ (25 songs)
  📥 Scraping r-and-b-albums for 2024-03-02... ✓ (25 songs)
  📥 Scraping r-and-b-albums for 2024-03-09... ✓ (25 songs)
  📥 Scraping r-and-b-albums for 2024-03-16... ✓ (25 songs)
  📥 Scraping r-and-b-albums for 2024-03-23... ✓ (25 songs)
  📥 Scraping r-and-b-albums for 2024-03-30... ✓ (25 songs)
  📥 Scraping r-and-b-albums for 2024-04-06... ✓ (25 songs)
  📥 Scraping r-and-b-albums for 2024-04-13... ✓ (25 songs)
  📥 Scraping r-and-b-albums for 2024-04-20... ✓ (25 songs)
  📥 Scraping r-and-b-albums for 2024-04-27... ✓ (25 songs)
  📥 Scraping r-and-b-albums for 2024-05-04... ✓ (25 songs)
  📥 Scraping r-and-b-albums for 2024-05-11... ✓ (25 songs)
  📥 Scraping r-and-b-albums for 2024-05-18... ✓ (25 songs)
  📥 Scraping r-and-b-albums for 2024-05-25... ✓ (25 songs)
  📥 Scraping r-and-b-albums for 2024-06-01... ✓ (25 songs)
  📥 Scraping r-and-b-albums for 2024-06-08... ✓ (25 songs)
  📥 Scraping r-and-b-albums for 2024-06-15... ✓ (25 songs)
  📥 Scraping r-and-b-albums for 2024-06-22... ✓ (25 songs)
  📥 Scraping r-and-b-albums for 2024-06-29... ✓ (25 songs)
  📥 Scraping r-and-b-albums for 2024-07-06... ✓ (25 songs)
  📥 Scraping r-and-b-albums for 2024-07-13... ✓ (25 songs)
  📥 Scraping r-and-b-albums for 2024-07-20... ✓ (25 songs)
  r-and-b-albums: 600/709 fetched, 1 failed, 0 clamped
  📥 Scraping r-and-b-albums for 2024-07-27... ✓ (25 songs)
  📥 Scraping r-and-b-albums for 2024-08-03... ✓ (25 songs)
  📥 Scraping r-and-b-albums for 2024-08-10... ✓ (25 songs)
  📥 Scraping r-and-b-albums for 2024-08-17... ✓ (25 songs)
  📥 Scraping r-and-b-albums for 2024-08-24... ✓ (25 songs)
  📥 Scraping r-and-b-albums for 2024-08-31... ✓ (25 songs)
  📥 Scraping r-and-b-albums for 2024-09-07... ✓ (25 songs)
  📥 Scraping r-and-b-albums for 2024-09-14... ✓ (25 songs)
  📥 Scraping r-and-b-albums for 2024-09-21... ✓ (25 songs)
  📥 Scraping r-and-b-albums for 2024-09-28... ✓ (25 songs)
  📥 Scraping r-and-b-albums for 2024-10-05... ✓ (25 songs)
  📥 Scraping r-and-b-albums for 2024-10-12... ✓ (25 songs)
  📥 Scraping r-and-b-albums for 2024-10-19... ✓ (25 songs)
  📥 Scraping r-and-b-albums for 2024-10-26... ✓ (25 songs)
  📥 Scraping r-and-b-albums for 2024-11-02... ✓ (25 songs)
  📥 Scraping r-and-b-albums for 2024-11-09... ✓ (25 songs)
  📥 Scraping r-and-b-albums for 2024-11-16... ✓ (25 songs)
  📥 Scraping r-and-b-albums for 2024-11-23... ✓ (25 songs)
  📥 Scraping r-and-b-albums for 2024-11-30... ✓ (25 songs)
  📥 Scraping r-and-b-albums for 2024-12-07... ✓ (25 songs)
  📥 Scraping r-and-b-albums for 2024-12-14... ✓ (25 songs)
  📥 Scraping r-and-b-albums for 2024-12-21... ✓ (25 songs)
  📥 Scraping r-and-b-albums for 2024-12-28... ✓ (25 songs)
  📥 Scraping r-and-b-albums for 2025-01-04... ✓ (25 songs)
  📥 Scraping r-and-b-albums for 2025-01-11... ✓ (25 songs)
  r-and-b-albums: 625/709 fetched, 1 failed, 0 clamped
  📥 Scraping r-and-b-albums for 2025-01-18... ✓ (25 songs)
  📥 Scraping r-and-b-albums for 2025-01-25... ✓ (25 songs)
  📥 Scraping r-and-b-albums for 2025-02-01... ✓ (25 songs)
  📥 Scraping r-and-b-albums for 2025-02-08... ✓ (25 songs)
  📥 Scraping r-and-b-albums for 2025-02-15... ✓ (25 songs)
  📥 Scraping r-and-b-albums for 2025-02-22... ✓ (25 songs)
  📥 Scraping r-and-b-albums for 2025-03-01... ✓ (25 songs)
  📥 Scraping r-and-b-albums for 2025-03-08... ✓ (25 songs)
  📥 Scraping r-and-b-albums for 2025-03-15... ✓ (25 songs)
  📥 Scraping r-and-b-albums for 2025-03-22... ✓ (25 songs)
  📥 Scraping r-and-b-albums for 2025-03-29... ✓ (25 songs)
  📥 Scraping r-and-b-albums for 2025-04-05... ✓ (25 songs)
  📥 Scraping r-and-b-albums for 2025-04-12... ✓ (25 songs)
  📥 Scraping r-and-b-albums for 2025-04-19... ✓ (25 songs)
  📥 Scraping r-and-b-albums for 2025-04-26... ✓ (25 songs)
  📥 Scraping r-and-b-albums for 2025-05-03... ✓ (25 songs)
  📥 Scraping r-and-b-albums for 2025-05-10... ✓ (25 songs)
  📥 Scraping r-and-b-albums for 2025-05-17... ✓ (25 songs)
  📥 Scraping r-and-b-albums for 2025-05-24... ✓ (25 songs)
  📥 Scraping r-and-b-albums for 2025-05-31... ✓ (25 songs)
  📥 Scraping r-and-b-albums for 2025-06-07... ✓ (25 songs)
  📥 Scraping r-and-b-albums for 2025-06-14... ✓ (25 songs)
  📥 Scraping r-and-b-albums for 2025-06-21... ✓ (25 songs)
  📥 Scraping r-and-b-albums for 2025-06-28... ✓ (25 songs)
  📥 Scraping r-and-b-albums for 2025-07-05... ✓ (25 songs)
  r-and-b-albums: 650/709 fetched, 1 failed, 0 clamped
  📥 Scraping r-and-b-albums for 2025-07-12... ✓ (25 songs)
  📥 Scraping r-and-b-albums for 2025-07-19... ✓ (25 songs)
  📥 Scraping r-and-b-albums for 2025-07-26... ✓ (25 songs)
  📥 Scraping r-and-b-albums for 2025-08-02... ✓ (25 songs)
  📥 Scraping r-and-b-albums for 2025-08-09... ✓ (25 songs)
  📥 Scraping r-and-b-albums for 2025-08-16... ✓ (25 songs)
  📥 Scraping r-and-b-albums for 2025-08-23... ✓ (25 songs)
  📥 Scraping r-and-b-albums for 2025-08-30... ✓ (25 songs)
  📥 Scraping r-and-b-albums for 2025-09-06... ✓ (25 songs)
  📥 Scraping r-and-b-albums for 2025-09-13... ✓ (25 songs)
  📥 Scraping r-and-b-albums for 2025-09-20... ✓ (25 songs)
  📥 Scraping r-and-b-albums for 2025-09-27... ✓ (25 songs)
  📥 Scraping r-and-b-albums for 2025-10-04... ✓ (25 songs)
  📥 Scraping r-and-b-albums for 2025-10-11... ✓ (25 songs)
  📥 Scraping r-and-b-albums for 2025-10-18... ✓ (25 songs)
  📥 Scraping r-and-b-albums for 2025-10-25... ✓ (25 songs)
  📥 Scraping r-and-b-albums for 2025-11-01... ✓ (25 songs)
  📥 Scraping r-and-b-albums for 2025-11-08... ✓ (25 songs)
  📥 Scraping r-and-b-albums for 2025-11-15... ✓ (25 songs)
  📥 Scraping r-and-b-albums for 2025-11-22... ✓ (25 songs)
  📥 Scraping r-and-b-albums for 2025-11-29... ✓ (25 songs)
  📥 Scraping r-and-b-albums for 2025-12-06... ✓ (25 songs)
  📥 Scraping r-and-b-albums for 2025-12-13... ✓ (25 songs)
  📥 Scraping r-and-b-albums for 2025-12-20... ✓ (25 songs)
  📥 Scraping r-and-b-albums for 2025-12-27... ✓ (25 songs)
  r-and-b-albums: 675/709 fetched, 1 failed, 0 clamped
  📥 Scraping r-and-b-albums for 2026-01-03... ✓ (25 songs)
  📥 Scraping r-and-b-albums for 2026-01-10... ✓ (25 songs)
  📥 Scraping r-and-b-albums for 2026-01-17... ✓ (25 songs)
  📥 Scraping r-and-b-albums for 2026-01-24... ✓ (25 songs)
  📥 Scraping r-and-b-albums for 2026-01-31... ✓ (25 songs)
  📥 Scraping r-and-b-albums for 2026-02-07... ✓ (25 songs)
  📥 Scraping r-and-b-albums for 2026-02-14... ✓ (25 songs)
  📥 Scraping r-and-b-albums for 2026-02-21... ✓ (25 songs)
  📥 Scraping r-and-b-albums for 2026-02-28... ✓ (25 songs)
  📥 Scraping r-and-b-albums for 2026-03-07... ✓ (25 songs)
  📥 Scraping r-and-b-albums for 2026-03-14... ✓ (25 songs)
  📥 Scraping r-and-b-albums for 2026-03-21... ✓ (25 songs)
  📥 Scraping r-and-b-albums for 2026-03-28... ✓ (25 songs)
  📥 Scraping r-and-b-albums for 2026-04-04... ✓ (25 songs)
  📥 Scraping r-and-b-albums for 2026-04-11... ✓ (25 songs)
  📥 Scraping r-and-b-albums for 2026-04-18... ✓ (25 songs)
  📥 Scraping r-and-b-albums for 2026-04-25... ✓ (25 songs)
  📥 Scraping r-and-b-albums for 2026-05-02... ✓ (25 songs)
  📥 Scraping r-and-b-albums for 2026-05-09... ✓ (25 songs)
  📥 Scraping r-and-b-albums for 2026-05-16... ✓ (25 songs)
  📥 Scraping r-and-b-albums for 2026-05-23... ✓ (25 songs)
  📥 Scraping r-and-b-albums for 2026-05-30... ✓ (25 songs)
  📥 Scraping r-and-b-albums for 2026-06-06... ✓ (25 songs)
  📥 Scraping r-and-b-albums for 2026-06-13... ✓ (25 songs)
  📥 Scraping r-and-b-albums for 2026-06-20... ✓ (25 songs)
  r-and-b-albums: 700/709 fetched, 1 failed, 0 clamped
  📥 Scraping r-and-b-albums for 2026-06-27... ✓ (25 songs)
  📥 Scraping r-and-b-albums for 2026-07-04... ✓ (25 songs)
  📥 Scraping r-and-b-albums for 2026-07-11... ✓ (25 songs)
  📥 Scraping r-and-b-albums for 2026-07-18... ✓ (25 songs)
  📥 Scraping r-and-b-albums for 2026-07-25... ✓ (25 songs)
  📥 Scraping r-and-b-albums for 2026-08-01... ✓ (25 songs)
  📥 Scraping r-and-b-albums for 2026-08-08... ✓ (25 songs)
  📥 Scraping r-and-b-albums for 2026-08-15... ✓ (25 songs)
  📥 Scraping r-and-b-albums for 2026-08-22... ✗ No chart date on page (redirect or markup change) — skipping
  📥 Scraping r-and-b-albums for 2026-08-22... ✗ No chart date on page (redirect or markup change) — skipping
  📥 Scraping r-and-b-albums for 2026-08-22... ✗ No chart date on page (redirect or markup change) — skipping
DONE r-and-b-albums: 707 weeks, 2013-01-26 -> 2026-08-15, 2 failed, 0 clamped/skipped
  failed weeks (first 20): ['2018-11-24', '2026-08-22']
