jazz-songs: 1088 weeks total, 0 present, 1088 to fetch
  📥 Scraping jazz-songs for 2005-10-22... ✓ (40 songs)
  📥 Scraping jazz-songs for 2005-10-29... ✓ (40 songs)
  📥 Scraping jazz-songs for 2005-11-05... ✓ (40 songs)
  📥 Scraping jazz-songs for 2005-11-12... ✓ (40 songs)
  📥 Scraping jazz-songs for 2005-11-19... ✓ (40 songs)
  📥 Scraping jazz-songs for 2005-11-26... ✓ (40 songs)
  📥 Scraping jazz-songs for 2005-12-03... ✓ (40 songs)
  📥 Scraping jazz-songs for 2005-12-10... ✓ (40 songs)
  📥 Scraping jazz-songs for 2005-12-17... ✓ (40 songs)
  📥 Scraping jazz-songs for 2005-12-24... ✓ (40 songs)
  📥 Scraping jazz-songs for 2005-12-31... ✓ (40 songs)
  📥 Scraping jazz-songs for 2006-01-07... ✓ (40 songs)
  📥 Scraping jazz-songs for 2006-01-14... ✓ (40 songs)
  📥 Scraping jazz-songs for 2006-01-21... ✓ (40 songs)
  📥 Scraping jazz-songs for 2006-01-28... ✓ (40 songs)
  📥 Scraping jazz-songs for 2006-02-04... ✓ (40 songs)
  📥 Scraping jazz-songs for 2006-02-11... ✓ (40 songs)
  📥 Scraping jazz-songs for 2006-02-18... ✓ (40 songs)
  📥 Scraping jazz-songs for 2006-02-25... ✓ (40 songs)
  📥 Scraping jazz-songs for 2006-03-04... ✓ (40 songs)
  📥 Scraping jazz-songs for 2006-03-11... ✓ (40 songs)
  📥 Scraping jazz-songs for 2006-03-18... ✓ (40 songs)
  📥 Scraping jazz-songs for 2006-03-25... ✓ (40 songs)
  📥 Scraping jazz-songs for 2006-04-01... ✓ (40 songs)
  📥 Scraping jazz-songs for 2006-04-08... ✓ (40 songs)
  jazz-songs: 25/1088 fetched, 0 failed, 0 clamped
  📥 Scraping jazz-songs for 2006-04-15... ✓ (40 songs)
  📥 Scraping jazz-songs for 2006-04-22... ✓ (40 songs)
  📥 Scraping jazz-songs for 2006-04-29... ✓ (40 songs)
  📥 Scraping jazz-songs for 2006-05-06... ✓ (40 songs)
  📥 Scraping jazz-songs for 2006-05-13... ✓ (40 songs)
  📥 Scraping jazz-songs for 2006-05-20... ✓ (40 songs)
  📥 Scraping jazz-songs for 2006-05-27... ✓ (40 songs)
  📥 Scraping jazz-songs for 2006-06-03... ✓ (40 songs)
  📥 Scraping jazz-songs for 2006-06-10... ✓ (40 songs)
  📥 Scraping jazz-songs for 2006-06-17... ✓ (40 songs)
  📥 Scraping jazz-songs for 2006-06-24... ✓ (40 songs)
  📥 Scraping jazz-songs for 2006-07-01... ✓ (40 songs)
  📥 Scraping jazz-songs for 2006-07-08... ✓ (40 songs)
  📥 Scraping jazz-songs for 2006-07-15... ✓ (40 songs)
  📥 Scraping jazz-songs for 2006-07-22... ✓ (40 songs)
  📥 Scraping jazz-songs for 2006-07-29... ✓ (40 songs)
  📥 Scraping jazz-songs for 2006-08-05... ✓ (40 songs)
  📥 Scraping jazz-songs for 2006-08-12... ✓ (40 songs)
  📥 Scraping jazz-songs for 2006-08-19... ✓ (30 songs)
  📥 Scraping jazz-songs for 2006-08-26... ✓ (30 songs)
  📥 Scraping jazz-songs for 2006-09-02... ✓ (30 songs)
  📥 Scraping jazz-songs for 2006-09-09... ✓ (30 songs)
  📥 Scraping jazz-songs for 2006-09-16... ✓ (30 songs)
  📥 Scraping jazz-songs for 2006-09-23... ✓ (30 songs)
  📥 Scraping jazz-songs for 2006-09-30... ✓ (30 songs)
  jazz-songs: 50/1088 fetched, 0 failed, 0 clamped
  📥 Scraping jazz-songs for 2006-10-07... ✓ (30 songs)
  📥 Scraping jazz-songs for 2006-10-14... ✓ (30 songs)
  📥 Scraping jazz-songs for 2006-10-21... ✓ (30 songs)
  📥 Scraping jazz-songs for 2006-10-28... ✓ (30 songs)
  📥 Scraping jazz-songs for 2006-11-04... ✓ (30 songs)
  📥 Scraping jazz-songs for 2006-11-11... ✓ (30 songs)
  📥 Scraping jazz-songs for 2006-11-18... ✓ (30 songs)
  📥 Scraping jazz-songs for 2006-11-25... ✓ (30 songs)
  📥 Scraping jazz-songs for 2006-12-02... ✓ (30 songs)
  📥 Scraping jazz-songs for 2006-12-09... ✓ (30 songs)
  📥 Scraping jazz-songs for 2006-12-16... ✓ (30 songs)
  📥 Scraping jazz-songs for 2006-12-23... ✓ (30 songs)
  📥 Scraping jazz-songs for 2006-12-30... ✓ (30 songs)
  📥 Scraping jazz-songs for 2007-01-06... ✓ (30 songs)
  📥 Scraping jazz-songs for 2007-01-13... ✓ (30 songs)
  📥 Scraping jazz-songs for 2007-01-20... ✓ (30 songs)
  📥 Scraping jazz-songs for 2007-01-27... ✓ (30 songs)
  📥 Scraping jazz-songs for 2007-02-03... ✓ (30 songs)
  📥 Scraping jazz-songs for 2007-02-10... ✓ (30 songs)
  📥 Scraping jazz-songs for 2007-02-17... ✓ (30 songs)
  📥 Scraping jazz-songs for 2007-02-24... ✓ (30 songs)
  📥 Scraping jazz-songs for 2007-03-03... ✓ (30 songs)
  📥 Scraping jazz-songs for 2007-03-10... ✓ (30 songs)
  📥 Scraping jazz-songs for 2007-03-17... ✓ (30 songs)
  📥 Scraping jazz-songs for 2007-03-24... ✓ (30 songs)
  jazz-songs: 75/1088 fetched, 0 failed, 0 clamped
  📥 Scraping jazz-songs for 2007-03-31... ✓ (30 songs)
  📥 Scraping jazz-songs for 2007-04-07... ✓ (30 songs)
  📥 Scraping jazz-songs for 2007-04-14... ✓ (30 songs)
  📥 Scraping jazz-songs for 2007-04-21... ✓ (30 songs)
  📥 Scraping jazz-songs for 2007-04-28... ✓ (30 songs)
  📥 Scraping jazz-songs for 2007-05-05... ✓ (30 songs)
  📥 Scraping jazz-songs for 2007-05-12... ✓ (30 songs)
  📥 Scraping jazz-songs for 2007-05-19... ✓ (30 songs)
  📥 Scraping jazz-songs for 2007-05-26... ✓ (30 songs)
  📥 Scraping jazz-songs for 2007-06-02... ✓ (30 songs)
  📥 Scraping jazz-songs for 2007-06-09... ✓ (30 songs)
  📥 Scraping jazz-songs for 2007-06-16... ✓ (30 songs)
  📥 Scraping jazz-songs for 2007-06-23... ✓ (30 songs)
  📥 Scraping jazz-songs for 2007-06-30... ✓ (30 songs)
  📥 Scraping jazz-songs for 2007-07-07... ✓ (30 songs)
  📥 Scraping jazz-songs for 2007-07-14... ✓ (30 songs)
  📥 Scraping jazz-songs for 2007-07-21... ✓ (30 songs)
  📥 Scraping jazz-songs for 2007-07-28... ✓ (30 songs)
  📥 Scraping jazz-songs for 2007-08-04... ✓ (30 songs)
  📥 Scraping jazz-songs for 2007-08-11... ✓ (30 songs)
  📥 Scraping jazz-songs for 2007-08-18... ✓ (30 songs)
  📥 Scraping jazz-songs for 2007-08-25... ✓ (30 songs)
  📥 Scraping jazz-songs for 2007-09-01... ✓ (30 songs)
  📥 Scraping jazz-songs for 2007-09-08... ✓ (30 songs)
  📥 Scraping jazz-songs for 2007-09-15... ✓ (30 songs)
  jazz-songs: 100/1088 fetched, 0 failed, 0 clamped
  📥 Scraping jazz-songs for 2007-09-22... ✓ (30 songs)
  📥 Scraping jazz-songs for 2007-09-29... ✓ (30 songs)
  📥 Scraping jazz-songs for 2007-10-06... ✓ (30 songs)
  📥 Scraping jazz-songs for 2007-10-13... ✓ (30 songs)
  📥 Scraping jazz-songs for 2007-10-20... ✓ (30 songs)
  📥 Scraping jazz-songs for 2007-10-27... ✓ (30 songs)
  📥 Scraping jazz-songs for 2007-11-03... ✓ (30 songs)
  📥 Scraping jazz-songs for 2007-11-10... ✓ (30 songs)
  📥 Scraping jazz-songs for 2007-11-17... ✓ (30 songs)
  📥 Scraping jazz-songs for 2007-11-24... ✓ (30 songs)
  📥 Scraping jazz-songs for 2007-12-01... ✓ (30 songs)
  📥 Scraping jazz-songs for 2007-12-08... ✓ (30 songs)
  📥 Scraping jazz-songs for 2007-12-15... ✓ (30 songs)
  📥 Scraping jazz-songs for 2007-12-22... ✓ (30 songs)
  📥 Scraping jazz-songs for 2007-12-29... ✓ (30 songs)
  📥 Scraping jazz-songs for 2008-01-05... ✓ (30 songs)
  📥 Scraping jazz-songs for 2008-01-12... ✓ (30 songs)
  📥 Scraping jazz-songs for 2008-01-19... ✓ (30 songs)
  📥 Scraping jazz-songs for 2008-01-26... ✓ (30 songs)
  📥 Scraping jazz-songs for 2008-02-02... ✓ (30 songs)
  📥 Scraping jazz-songs for 2008-02-09... ✓ (30 songs)
  📥 Scraping jazz-songs for 2008-02-16... ✓ (30 songs)
  📥 Scraping jazz-songs for 2008-02-23... ✓ (30 songs)
  📥 Scraping jazz-songs for 2008-03-01... ✓ (30 songs)
  📥 Scraping jazz-songs for 2008-03-08... ✓ (30 songs)
  jazz-songs: 125/1088 fetched, 0 failed, 0 clamped
  📥 Scraping jazz-songs for 2008-03-15... ✓ (30 songs)
  📥 Scraping jazz-songs for 2008-03-22... ✓ (30 songs)
  📥 Scraping jazz-songs for 2008-03-29... ✓ (30 songs)
  📥 Scraping jazz-songs for 2008-04-05... ✓ (30 songs)
  📥 Scraping jazz-songs for 2008-04-12... ✓ (30 songs)
  📥 Scraping jazz-songs for 2008-04-19... ✓ (30 songs)
  📥 Scraping jazz-songs for 2008-04-26... ✓ (30 songs)
  📥 Scraping jazz-songs for 2008-05-03... ✓ (30 songs)
  📥 Scraping jazz-songs for 2008-05-10... ✓ (30 songs)
  📥 Scraping jazz-songs for 2008-05-17... ✓ (30 songs)
  📥 Scraping jazz-songs for 2008-05-24... ✓ (30 songs)
  📥 Scraping jazz-songs for 2008-05-31... ✓ (30 songs)
  📥 Scraping jazz-songs for 2008-06-07... ✓ (30 songs)
  📥 Scraping jazz-songs for 2008-06-14... ✓ (30 songs)
  📥 Scraping jazz-songs for 2008-06-21... ✓ (30 songs)
  📥 Scraping jazz-songs for 2008-06-28... ✓ (30 songs)
  📥 Scraping jazz-songs for 2008-07-05... ✓ (30 songs)
  📥 Scraping jazz-songs for 2008-07-12... ✓ (30 songs)
  📥 Scraping jazz-songs for 2008-07-19... ✓ (30 songs)
  📥 Scraping jazz-songs for 2008-07-26... ✓ (30 songs)
  📥 Scraping jazz-songs for 2008-08-02... ✓ (30 songs)
  📥 Scraping jazz-songs for 2008-08-09... ✓ (30 songs)
  📥 Scraping jazz-songs for 2008-08-16... ✓ (30 songs)
  📥 Scraping jazz-songs for 2008-08-23... ✓ (30 songs)
  📥 Scraping jazz-songs for 2008-08-30... ✓ (30 songs)
  jazz-songs: 150/1088 fetched, 0 failed, 0 clamped
  📥 Scraping jazz-songs for 2008-09-06... ✓ (30 songs)
  📥 Scraping jazz-songs for 2008-09-13... ✓ (30 songs)
  📥 Scraping jazz-songs for 2008-09-20... ✓ (30 songs)
  📥 Scraping jazz-songs for 2008-09-27... ✓ (30 songs)
  📥 Scraping jazz-songs for 2008-10-04... ✓ (30 songs)
  📥 Scraping jazz-songs for 2008-10-11... ✓ (30 songs)
  📥 Scraping jazz-songs for 2008-10-18... ✓ (30 songs)
  📥 Scraping jazz-songs for 2008-10-25... ✓ (30 songs)
  📥 Scraping jazz-songs for 2008-11-01... ✓ (30 songs)
  📥 Scraping jazz-songs for 2008-11-08... ✓ (30 songs)
  📥 Scraping jazz-songs for 2008-11-15... ✓ (30 songs)
  📥 Scraping jazz-songs for 2008-11-22... ✓ (30 songs)
  📥 Scraping jazz-songs for 2008-11-29... ✓ (30 songs)
  📥 Scraping jazz-songs for 2008-12-06... ✓ (30 songs)
  📥 Scraping jazz-songs for 2008-12-13... ✓ (30 songs)
  📥 Scraping jazz-songs for 2008-12-20... ✓ (30 songs)
  📥 Scraping jazz-songs for 2008-12-27... ✓ (30 songs)
  📥 Scraping jazz-songs for 2009-01-03... ✓ (30 songs)
  📥 Scraping jazz-songs for 2009-01-10... ✓ (30 songs)
  📥 Scraping jazz-songs for 2009-01-17... ✓ (30 songs)
  📥 Scraping jazz-songs for 2009-01-24... ✓ (30 songs)
  📥 Scraping jazz-songs for 2009-01-31... ✓ (30 songs)
  📥 Scraping jazz-songs for 2009-02-07... ✓ (30 songs)
  📥 Scraping jazz-songs for 2009-02-14... ✓ (30 songs)
  📥 Scraping jazz-songs for 2009-02-21... ✓ (30 songs)
  jazz-songs: 175/1088 fetched, 0 failed, 0 clamped
  📥 Scraping jazz-songs for 2009-02-28... ✓ (30 songs)
  📥 Scraping jazz-songs for 2009-03-07... ✓ (30 songs)
  📥 Scraping jazz-songs for 2009-03-14... ✓ (30 songs)
  📥 Scraping jazz-songs for 2009-03-21... ✓ (30 songs)
  📥 Scraping jazz-songs for 2009-03-28... ✓ (30 songs)
  📥 Scraping jazz-songs for 2009-04-04... ✓ (30 songs)
  📥 Scraping jazz-songs for 2009-04-11... ✓ (30 songs)
  📥 Scraping jazz-songs for 2009-04-18... ✓ (30 songs)
  📥 Scraping jazz-songs for 2009-04-25... ✓ (30 songs)
  📥 Scraping jazz-songs for 2009-05-02... ✓ (30 songs)
  📥 Scraping jazz-songs for 2009-05-09... ✓ (30 songs)
  📥 Scraping jazz-songs for 2009-05-16... ✓ (30 songs)
  📥 Scraping jazz-songs for 2009-05-23... ✓ (30 songs)
  📥 Scraping jazz-songs for 2009-05-30... ✓ (30 songs)
  📥 Scraping jazz-songs for 2009-06-06... ✓ (30 songs)
  📥 Scraping jazz-songs for 2009-06-13... ✓ (30 songs)
  📥 Scraping jazz-songs for 2009-06-20... ✓ (30 songs)
  📥 Scraping jazz-songs for 2009-06-27... ✓ (30 songs)
  📥 Scraping jazz-songs for 2009-07-04... ✓ (30 songs)
  📥 Scraping jazz-songs for 2009-07-11... ✓ (30 songs)
  📥 Scraping jazz-songs for 2009-07-18... ✓ (30 songs)
  📥 Scraping jazz-songs for 2009-07-25... ✓ (30 songs)
  📥 Scraping jazz-songs for 2009-08-01... ✓ (30 songs)
  📥 Scraping jazz-songs for 2009-08-08... ✓ (30 songs)
  📥 Scraping jazz-songs for 2009-08-15... ✓ (30 songs)
  jazz-songs: 200/1088 fetched, 0 failed, 0 clamped
  📥 Scraping jazz-songs for 2009-08-22... ✓ (30 songs)
  📥 Scraping jazz-songs for 2009-08-29... ✓ (30 songs)
  📥 Scraping jazz-songs for 2009-09-05... ✓ (30 songs)
  📥 Scraping jazz-songs for 2009-09-12... ✓ (30 songs)
  📥 Scraping jazz-songs for 2009-09-19... ✓ (30 songs)
  📥 Scraping jazz-songs for 2009-09-26... ✓ (30 songs)
  📥 Scraping jazz-songs for 2009-10-03... ✓ (30 songs)
  📥 Scraping jazz-songs for 2009-10-10... ✓ (30 songs)
  📥 Scraping jazz-songs for 2009-10-17... ✓ (30 songs)
  📥 Scraping jazz-songs for 2009-10-24... ✓ (30 songs)
  📥 Scraping jazz-songs for 2009-10-31... ✓ (30 songs)
  📥 Scraping jazz-songs for 2009-11-07... ✓ (30 songs)
  📥 Scraping jazz-songs for 2009-11-14... ✓ (30 songs)
  📥 Scraping jazz-songs for 2009-11-21... ✓ (30 songs)
  📥 Scraping jazz-songs for 2009-11-28... ✓ (30 songs)
  📥 Scraping jazz-songs for 2009-12-05... ✓ (30 songs)
  📥 Scraping jazz-songs for 2009-12-12... ✓ (30 songs)
  📥 Scraping jazz-songs for 2009-12-19... ✓ (30 songs)
  📥 Scraping jazz-songs for 2009-12-26... ✓ (30 songs)
  📥 Scraping jazz-songs for 2010-01-02... ✓ (30 songs)
  📥 Scraping jazz-songs for 2010-01-09... ✓ (30 songs)
  📥 Scraping jazz-songs for 2010-01-16... ✓ (30 songs)
  📥 Scraping jazz-songs for 2010-01-23... ✓ (30 songs)
  📥 Scraping jazz-songs for 2010-01-30... ✓ (30 songs)
  📥 Scraping jazz-songs for 2010-02-06... ✓ (30 songs)
  jazz-songs: 225/1088 fetched, 0 failed, 0 clamped
  📥 Scraping jazz-songs for 2010-02-13... ✓ (30 songs)
  📥 Scraping jazz-songs for 2010-02-20... ✓ (30 songs)
  📥 Scraping jazz-songs for 2010-02-27... ✓ (30 songs)
  📥 Scraping jazz-songs for 2010-03-06... ✓ (30 songs)
  📥 Scraping jazz-songs for 2010-03-13... ✓ (30 songs)
  📥 Scraping jazz-songs for 2010-03-20... ✓ (30 songs)
  📥 Scraping jazz-songs for 2010-03-27... ✓ (30 songs)
  📥 Scraping jazz-songs for 2010-04-03... ✓ (30 songs)
  📥 Scraping jazz-songs for 2010-04-10... ✓ (30 songs)
  📥 Scraping jazz-songs for 2010-04-17... ✓ (30 songs)
  📥 Scraping jazz-songs for 2010-04-24... ✓ (30 songs)
  📥 Scraping jazz-songs for 2010-05-01... ✓ (30 songs)
  📥 Scraping jazz-songs for 2010-05-08... ✓ (30 songs)
  📥 Scraping jazz-songs for 2010-05-15... ✓ (30 songs)
  📥 Scraping jazz-songs for 2010-05-22... ✓ (30 songs)
  📥 Scraping jazz-songs for 2010-05-29... ✓ (30 songs)
  📥 Scraping jazz-songs for 2010-06-05... ✓ (30 songs)
  📥 Scraping jazz-songs for 2010-06-12... ✓ (30 songs)
  📥 Scraping jazz-songs for 2010-06-19... ✓ (30 songs)
  📥 Scraping jazz-songs for 2010-06-26... ✓ (30 songs)
  📥 Scraping jazz-songs for 2010-07-03... ✓ (30 songs)
  📥 Scraping jazz-songs for 2010-07-10... ✓ (30 songs)
  📥 Scraping jazz-songs for 2010-07-17... ✓ (30 songs)
  📥 Scraping jazz-songs for 2010-07-24... ✓ (30 songs)
  📥 Scraping jazz-songs for 2010-07-31... ✓ (30 songs)
  jazz-songs: 250/1088 fetched, 0 failed, 0 clamped
  📥 Scraping jazz-songs for 2010-08-07... ✓ (30 songs)
  📥 Scraping jazz-songs for 2010-08-14... ✓ (30 songs)
  📥 Scraping jazz-songs for 2010-08-21... ✓ (30 songs)
  📥 Scraping jazz-songs for 2010-08-28... ✓ (30 songs)
  📥 Scraping jazz-songs for 2010-09-04... ✓ (30 songs)
  📥 Scraping jazz-songs for 2010-09-11... ✓ (30 songs)
  📥 Scraping jazz-songs for 2010-09-18... ✓ (30 songs)
  📥 Scraping jazz-songs for 2010-09-25... ✓ (30 songs)
  📥 Scraping jazz-songs for 2010-10-02... ✓ (30 songs)
  📥 Scraping jazz-songs for 2010-10-09... ✓ (30 songs)
  📥 Scraping jazz-songs for 2010-10-16... ✓ (30 songs)
  📥 Scraping jazz-songs for 2010-10-23... ✓ (30 songs)
  📥 Scraping jazz-songs for 2010-10-30... ✓ (30 songs)
  📥 Scraping jazz-songs for 2010-11-06... ✓ (30 songs)
  📥 Scraping jazz-songs for 2010-11-13... ✓ (30 songs)
  📥 Scraping jazz-songs for 2010-11-20... ✓ (30 songs)
  📥 Scraping jazz-songs for 2010-11-27... ✓ (30 songs)
  📥 Scraping jazz-songs for 2010-12-04... ✓ (30 songs)
  📥 Scraping jazz-songs for 2010-12-11... ✓ (30 songs)
  📥 Scraping jazz-songs for 2010-12-18... ✓ (30 songs)
  📥 Scraping jazz-songs for 2010-12-25... ✓ (30 songs)
  📥 Scraping jazz-songs for 2011-01-01... ✓ (30 songs)
  📥 Scraping jazz-songs for 2011-01-08... ✓ (30 songs)
  📥 Scraping jazz-songs for 2011-01-15... ✓ (30 songs)
  📥 Scraping jazz-songs for 2011-01-22... ✓ (30 songs)
  jazz-songs: 275/1088 fetched, 0 failed, 0 clamped
  📥 Scraping jazz-songs for 2011-01-29... ✓ (30 songs)
  📥 Scraping jazz-songs for 2011-02-05... ✓ (30 songs)
  📥 Scraping jazz-songs for 2011-02-12... ✓ (30 songs)
  📥 Scraping jazz-songs for 2011-02-19... ✓ (30 songs)
  📥 Scraping jazz-songs for 2011-02-26... ✓ (30 songs)
  📥 Scraping jazz-songs for 2011-03-05... ✓ (30 songs)
  📥 Scraping jazz-songs for 2011-03-12... ✓ (30 songs)
  📥 Scraping jazz-songs for 2011-03-19... ✓ (30 songs)
  📥 Scraping jazz-songs for 2011-03-26... ✓ (30 songs)
  📥 Scraping jazz-songs for 2011-04-02... ✓ (30 songs)
  📥 Scraping jazz-songs for 2011-04-09... ✓ (30 songs)
  📥 Scraping jazz-songs for 2011-04-16... ✓ (30 songs)
  📥 Scraping jazz-songs for 2011-04-23... ✓ (30 songs)
  📥 Scraping jazz-songs for 2011-04-30... ✓ (30 songs)
  📥 Scraping jazz-songs for 2011-05-07... ✓ (30 songs)
  📥 Scraping jazz-songs for 2011-05-14... ✓ (30 songs)
  📥 Scraping jazz-songs for 2011-05-21... ✓ (30 songs)
  📥 Scraping jazz-songs for 2011-05-28... ✓ (30 songs)
  📥 Scraping jazz-songs for 2011-06-04... ✓ (30 songs)
  📥 Scraping jazz-songs for 2011-06-11... ✓ (30 songs)
  📥 Scraping jazz-songs for 2011-06-18... ✓ (30 songs)
  📥 Scraping jazz-songs for 2011-06-25... ✓ (30 songs)
  📥 Scraping jazz-songs for 2011-07-02... ✓ (30 songs)
  📥 Scraping jazz-songs for 2011-07-09... ✓ (30 songs)
  📥 Scraping jazz-songs for 2011-07-16... ✓ (30 songs)
  jazz-songs: 300/1088 fetched, 0 failed, 0 clamped
  📥 Scraping jazz-songs for 2011-07-23... ✓ (30 songs)
  📥 Scraping jazz-songs for 2011-07-30... ✓ (30 songs)
  📥 Scraping jazz-songs for 2011-08-06... ✓ (30 songs)
  📥 Scraping jazz-songs for 2011-08-13... ✓ (30 songs)
  📥 Scraping jazz-songs for 2011-08-20... ✓ (30 songs)
  📥 Scraping jazz-songs for 2011-08-27... ✓ (30 songs)
  📥 Scraping jazz-songs for 2011-09-03... ✓ (30 songs)
  📥 Scraping jazz-songs for 2011-09-10... ✓ (30 songs)
  📥 Scraping jazz-songs for 2011-09-17... ✓ (30 songs)
  📥 Scraping jazz-songs for 2011-09-24... ✓ (30 songs)
  📥 Scraping jazz-songs for 2011-10-01... ✓ (30 songs)
  📥 Scraping jazz-songs for 2011-10-08... ✓ (30 songs)
  📥 Scraping jazz-songs for 2011-10-15... ✓ (30 songs)
  📥 Scraping jazz-songs for 2011-10-22... ✓ (30 songs)
  📥 Scraping jazz-songs for 2011-10-29... ✓ (30 songs)
  📥 Scraping jazz-songs for 2011-11-05... ✓ (30 songs)
  📥 Scraping jazz-songs for 2011-11-12... ✓ (30 songs)
  📥 Scraping jazz-songs for 2011-11-19... ✓ (30 songs)
  📥 Scraping jazz-songs for 2011-11-26... ✓ (30 songs)
  📥 Scraping jazz-songs for 2011-12-03... ✓ (30 songs)
  📥 Scraping jazz-songs for 2011-12-10... ✓ (30 songs)
  📥 Scraping jazz-songs for 2011-12-17... ✓ (30 songs)
  📥 Scraping jazz-songs for 2011-12-24... ✓ (30 songs)
  📥 Scraping jazz-songs for 2011-12-31... ✓ (30 songs)
  📥 Scraping jazz-songs for 2012-01-07... ✓ (30 songs)
  jazz-songs: 325/1088 fetched, 0 failed, 0 clamped
  📥 Scraping jazz-songs for 2012-01-14... ✓ (30 songs)
  📥 Scraping jazz-songs for 2012-01-21... ✓ (30 songs)
  📥 Scraping jazz-songs for 2012-01-28... ✓ (30 songs)
  📥 Scraping jazz-songs for 2012-02-04... ✓ (30 songs)
  📥 Scraping jazz-songs for 2012-02-11... ✓ (30 songs)
  📥 Scraping jazz-songs for 2012-02-18... ✓ (30 songs)
  📥 Scraping jazz-songs for 2012-02-25... ✓ (30 songs)
  📥 Scraping jazz-songs for 2012-03-03... ✓ (30 songs)
  📥 Scraping jazz-songs for 2012-03-10... ✓ (30 songs)
  📥 Scraping jazz-songs for 2012-03-17... ✓ (30 songs)
  📥 Scraping jazz-songs for 2012-03-24... ✓ (30 songs)
  📥 Scraping jazz-songs for 2012-03-31... ✓ (30 songs)
  📥 Scraping jazz-songs for 2012-04-07... ✓ (30 songs)
  📥 Scraping jazz-songs for 2012-04-14... ✓ (30 songs)
  📥 Scraping jazz-songs for 2012-04-21... ✓ (30 songs)
  📥 Scraping jazz-songs for 2012-04-28... ✓ (30 songs)
  📥 Scraping jazz-songs for 2012-05-05... ✓ (30 songs)
  📥 Scraping jazz-songs for 2012-05-12... ✓ (30 songs)
  📥 Scraping jazz-songs for 2012-05-19... ✓ (30 songs)
  📥 Scraping jazz-songs for 2012-05-26... ✓ (30 songs)
  📥 Scraping jazz-songs for 2012-06-02... ✓ (30 songs)
  📥 Scraping jazz-songs for 2012-06-09... ✓ (30 songs)
  📥 Scraping jazz-songs for 2012-06-16... ✓ (30 songs)
  📥 Scraping jazz-songs for 2012-06-23... ✓ (30 songs)
  📥 Scraping jazz-songs for 2012-06-30... ✓ (30 songs)
  jazz-songs: 350/1088 fetched, 0 failed, 0 clamped
  📥 Scraping jazz-songs for 2012-07-07... ✓ (30 songs)
  📥 Scraping jazz-songs for 2012-07-14... ✓ (30 songs)
  📥 Scraping jazz-songs for 2012-07-21... ✓ (30 songs)
  📥 Scraping jazz-songs for 2012-07-28... ✓ (30 songs)
  📥 Scraping jazz-songs for 2012-08-04... ✓ (30 songs)
  📥 Scraping jazz-songs for 2012-08-11... ✓ (30 songs)
  📥 Scraping jazz-songs for 2012-08-18... ✓ (30 songs)
  📥 Scraping jazz-songs for 2012-08-25... ✓ (30 songs)
  📥 Scraping jazz-songs for 2012-09-01... ✓ (30 songs)
  📥 Scraping jazz-songs for 2012-09-08... ✓ (30 songs)
  📥 Scraping jazz-songs for 2012-09-15... ✓ (30 songs)
  📥 Scraping jazz-songs for 2012-09-22... ✓ (30 songs)
  📥 Scraping jazz-songs for 2012-09-29... ✓ (30 songs)
  📥 Scraping jazz-songs for 2012-10-06... ✓ (30 songs)
  📥 Scraping jazz-songs for 2012-10-13... ✓ (30 songs)
  📥 Scraping jazz-songs for 2012-10-20... ✓ (30 songs)
  📥 Scraping jazz-songs for 2012-10-27... ✓ (30 songs)
  📥 Scraping jazz-songs for 2012-11-03... ✓ (30 songs)
  📥 Scraping jazz-songs for 2012-11-10... ✓ (30 songs)
  📥 Scraping jazz-songs for 2012-11-17... ✓ (30 songs)
  📥 Scraping jazz-songs for 2012-11-24... ✓ (30 songs)
  📥 Scraping jazz-songs for 2012-12-01... ✓ (30 songs)
  📥 Scraping jazz-songs for 2012-12-08... ✓ (30 songs)
  📥 Scraping jazz-songs for 2012-12-15... ✓ (30 songs)
  📥 Scraping jazz-songs for 2012-12-22... ✓ (30 songs)
  jazz-songs: 375/1088 fetched, 0 failed, 0 clamped
  📥 Scraping jazz-songs for 2012-12-29... ✓ (30 songs)
  📥 Scraping jazz-songs for 2013-01-05... ✓ (30 songs)
  📥 Scraping jazz-songs for 2013-01-12... ✓ (30 songs)
  📥 Scraping jazz-songs for 2013-01-19... ✓ (30 songs)
  📥 Scraping jazz-songs for 2013-01-26... ✓ (30 songs)
  📥 Scraping jazz-songs for 2013-02-02... ✓ (30 songs)
  📥 Scraping jazz-songs for 2013-02-09... ✓ (30 songs)
  📥 Scraping jazz-songs for 2013-02-16... ✓ (30 songs)
  📥 Scraping jazz-songs for 2013-02-23... ✓ (30 songs)
  📥 Scraping jazz-songs for 2013-03-02... ✓ (30 songs)
  📥 Scraping jazz-songs for 2013-03-09... ✓ (30 songs)
  📥 Scraping jazz-songs for 2013-03-16... ✓ (30 songs)
  📥 Scraping jazz-songs for 2013-03-23... ✓ (30 songs)
  📥 Scraping jazz-songs for 2013-03-30... ✓ (30 songs)
  📥 Scraping jazz-songs for 2013-04-06... ✓ (30 songs)
  📥 Scraping jazz-songs for 2013-04-13... ✓ (30 songs)
  📥 Scraping jazz-songs for 2013-04-20... ✓ (30 songs)
  📥 Scraping jazz-songs for 2013-04-27... ✓ (30 songs)
  📥 Scraping jazz-songs for 2013-05-04... ✓ (30 songs)
  📥 Scraping jazz-songs for 2013-05-11... ✓ (30 songs)
  📥 Scraping jazz-songs for 2013-05-18... ✓ (30 songs)
  📥 Scraping jazz-songs for 2013-05-25... ✓ (30 songs)
  📥 Scraping jazz-songs for 2013-06-01... ✓ (30 songs)
  📥 Scraping jazz-songs for 2013-06-08... ✓ (30 songs)
  📥 Scraping jazz-songs for 2013-06-15... ✓ (30 songs)
  jazz-songs: 400/1088 fetched, 0 failed, 0 clamped
  📥 Scraping jazz-songs for 2013-06-22... ✓ (30 songs)
  📥 Scraping jazz-songs for 2013-06-29... ✓ (30 songs)
  📥 Scraping jazz-songs for 2013-07-06... ✓ (30 songs)
  📥 Scraping jazz-songs for 2013-07-13... ✓ (30 songs)
  📥 Scraping jazz-songs for 2013-07-20... ✓ (30 songs)
  📥 Scraping jazz-songs for 2013-07-27... ✓ (30 songs)
  📥 Scraping jazz-songs for 2013-08-03... ✓ (30 songs)
  📥 Scraping jazz-songs for 2013-08-10... ✓ (30 songs)
  📥 Scraping jazz-songs for 2013-08-17... ✓ (30 songs)
  📥 Scraping jazz-songs for 2013-08-24... ✓ (30 songs)
  📥 Scraping jazz-songs for 2013-08-31... ✓ (30 songs)
  📥 Scraping jazz-songs for 2013-09-07... ✓ (30 songs)
  📥 Scraping jazz-songs for 2013-09-14... ✓ (30 songs)
  📥 Scraping jazz-songs for 2013-09-21... ✓ (30 songs)
  📥 Scraping jazz-songs for 2013-09-28... ✓ (30 songs)
  📥 Scraping jazz-songs for 2013-10-05... ✓ (30 songs)
  📥 Scraping jazz-songs for 2013-10-12... ✓ (30 songs)
  📥 Scraping jazz-songs for 2013-10-19... ✓ (30 songs)
  📥 Scraping jazz-songs for 2013-10-26... ✓ (30 songs)
  📥 Scraping jazz-songs for 2013-11-02... ✓ (30 songs)
  📥 Scraping jazz-songs for 2013-11-09... ✓ (30 songs)
  📥 Scraping jazz-songs for 2013-11-16... ✓ (30 songs)
  📥 Scraping jazz-songs for 2013-11-23... ✓ (30 songs)
  📥 Scraping jazz-songs for 2013-11-30... ✓ (30 songs)
  📥 Scraping jazz-songs for 2013-12-07... ✓ (30 songs)
  jazz-songs: 425/1088 fetched, 0 failed, 0 clamped
  📥 Scraping jazz-songs for 2013-12-14... ✓ (30 songs)
  📥 Scraping jazz-songs for 2013-12-21... ✓ (30 songs)
  📥 Scraping jazz-songs for 2013-12-28... ✓ (30 songs)
  📥 Scraping jazz-songs for 2014-01-04... ✓ (30 songs)
  📥 Scraping jazz-songs for 2014-01-11... ✓ (30 songs)
  📥 Scraping jazz-songs for 2014-01-18... ✓ (30 songs)
  📥 Scraping jazz-songs for 2014-01-25... ✓ (30 songs)
  📥 Scraping jazz-songs for 2014-02-01... ✓ (30 songs)
  📥 Scraping jazz-songs for 2014-02-08... ✓ (30 songs)
  📥 Scraping jazz-songs for 2014-02-15... ✓ (30 songs)
  📥 Scraping jazz-songs for 2014-02-22... ✓ (30 songs)
  📥 Scraping jazz-songs for 2014-03-01... ✓ (30 songs)
  📥 Scraping jazz-songs for 2014-03-08... ✓ (30 songs)
  📥 Scraping jazz-songs for 2014-03-15... ✓ (30 songs)
  📥 Scraping jazz-songs for 2014-03-22... ✓ (30 songs)
  📥 Scraping jazz-songs for 2014-03-29... ✓ (30 songs)
  📥 Scraping jazz-songs for 2014-04-05... ✓ (30 songs)
  📥 Scraping jazz-songs for 2014-04-12... ✓ (30 songs)
  📥 Scraping jazz-songs for 2014-04-19... ✓ (30 songs)
  📥 Scraping jazz-songs for 2014-04-26... ✓ (30 songs)
  📥 Scraping jazz-songs for 2014-05-03... ✓ (30 songs)
  📥 Scraping jazz-songs for 2014-05-10... ✓ (30 songs)
  📥 Scraping jazz-songs for 2014-05-17... ✓ (30 songs)
  📥 Scraping jazz-songs for 2014-05-24... ✓ (30 songs)
  📥 Scraping jazz-songs for 2014-05-31... ✓ (30 songs)
  jazz-songs: 450/1088 fetched, 0 failed, 0 clamped
  📥 Scraping jazz-songs for 2014-06-07... ✓ (30 songs)
  📥 Scraping jazz-songs for 2014-06-14... ✓ (30 songs)
  📥 Scraping jazz-songs for 2014-06-21... ✓ (30 songs)
  📥 Scraping jazz-songs for 2014-06-28... ✓ (30 songs)
  📥 Scraping jazz-songs for 2014-07-05... ✓ (30 songs)
  📥 Scraping jazz-songs for 2014-07-12... ✓ (30 songs)
  📥 Scraping jazz-songs for 2014-07-19... ✓ (30 songs)
  📥 Scraping jazz-songs for 2014-07-26... ✓ (30 songs)
  📥 Scraping jazz-songs for 2014-08-02... ✓ (30 songs)
  📥 Scraping jazz-songs for 2014-08-09... ✓ (30 songs)
  📥 Scraping jazz-songs for 2014-08-16... ✓ (30 songs)
  📥 Scraping jazz-songs for 2014-08-23... ✓ (30 songs)
  📥 Scraping jazz-songs for 2014-08-30... ✓ (30 songs)
  📥 Scraping jazz-songs for 2014-09-06... ✓ (30 songs)
  📥 Scraping jazz-songs for 2014-09-13... ✓ (30 songs)
  📥 Scraping jazz-songs for 2014-09-20... ✓ (30 songs)
  📥 Scraping jazz-songs for 2014-09-27... ✓ (30 songs)
  📥 Scraping jazz-songs for 2014-10-04... ✓ (30 songs)
  📥 Scraping jazz-songs for 2014-10-11... ✓ (30 songs)
  📥 Scraping jazz-songs for 2014-10-18... ✓ (30 songs)
  📥 Scraping jazz-songs for 2014-10-25... ✓ (30 songs)
  📥 Scraping jazz-songs for 2014-11-01... ✓ (30 songs)
  📥 Scraping jazz-songs for 2014-11-08... ✓ (30 songs)
  📥 Scraping jazz-songs for 2014-11-15... ✓ (30 songs)
  📥 Scraping jazz-songs for 2014-11-22... ✓ (30 songs)
  jazz-songs: 475/1088 fetched, 0 failed, 0 clamped
  📥 Scraping jazz-songs for 2014-11-29... ✓ (30 songs)
  📥 Scraping jazz-songs for 2014-12-06... ✓ (30 songs)
  📥 Scraping jazz-songs for 2014-12-13... ✓ (30 songs)
  📥 Scraping jazz-songs for 2014-12-20... ✓ (30 songs)
  📥 Scraping jazz-songs for 2014-12-27... ✓ (30 songs)
  📥 Scraping jazz-songs for 2015-01-03... ✓ (30 songs)
  📥 Scraping jazz-songs for 2015-01-10... ✓ (30 songs)
  📥 Scraping jazz-songs for 2015-01-17... ✓ (30 songs)
  📥 Scraping jazz-songs for 2015-01-24... ✓ (30 songs)
  📥 Scraping jazz-songs for 2015-01-31... ✓ (30 songs)
  📥 Scraping jazz-songs for 2015-02-07... ✓ (30 songs)
  📥 Scraping jazz-songs for 2015-02-14... ✓ (30 songs)
  📥 Scraping jazz-songs for 2015-02-21... ✓ (30 songs)
  📥 Scraping jazz-songs for 2015-02-28... ✓ (30 songs)
  📥 Scraping jazz-songs for 2015-03-07... ✓ (30 songs)
  📥 Scraping jazz-songs for 2015-03-14... ✓ (30 songs)
  📥 Scraping jazz-songs for 2015-03-21... ✓ (30 songs)
  📥 Scraping jazz-songs for 2015-03-28... ✓ (30 songs)
  📥 Scraping jazz-songs for 2015-04-04... ✓ (30 songs)
  📥 Scraping jazz-songs for 2015-04-11... ✓ (30 songs)
  📥 Scraping jazz-songs for 2015-04-18... ✓ (30 songs)
  📥 Scraping jazz-songs for 2015-04-25... ✓ (30 songs)
  📥 Scraping jazz-songs for 2015-05-02... ✓ (30 songs)
  📥 Scraping jazz-songs for 2015-05-09... ✓ (30 songs)
  📥 Scraping jazz-songs for 2015-05-16... ✓ (30 songs)
  jazz-songs: 500/1088 fetched, 0 failed, 0 clamped
  📥 Scraping jazz-songs for 2015-05-23... ✓ (30 songs)
  📥 Scraping jazz-songs for 2015-05-30... ✓ (30 songs)
  📥 Scraping jazz-songs for 2015-06-06... ✓ (30 songs)
  📥 Scraping jazz-songs for 2015-06-13... ✓ (30 songs)
  📥 Scraping jazz-songs for 2015-06-20... ✓ (30 songs)
  📥 Scraping jazz-songs for 2015-06-27... ✗ Network error: ('Connection aborted.', RemoteDisconnected('Remote end closed connection without response'))
  📥 Scraping jazz-songs for 2015-06-27... ✓ (30 songs)
  📥 Scraping jazz-songs for 2015-07-04... ✗ Network error: HTTPSConnectionPool(host='www.billboard.com', port=443): Read timed out. (read timeout=15)
  📥 Scraping jazz-songs for 2015-07-04... ✗ Network error: HTTPSConnectionPool(host='www.billboard.com', port=443): Read timed out. (read timeout=15)
  📥 Scraping jazz-songs for 2015-07-04... ✗ Network error: ('Connection aborted.', RemoteDisconnected('Remote end closed connection without response'))
  📥 Scraping jazz-songs for 2015-07-11... ✓ (30 songs)
  📥 Scraping jazz-songs for 2015-07-18... ✓ (30 songs)
  📥 Scraping jazz-songs for 2015-07-25... ✓ (30 songs)
  📥 Scraping jazz-songs for 2015-08-01... ✓ (30 songs)
  📥 Scraping jazz-songs for 2015-08-08... ✓ (30 songs)
  📥 Scraping jazz-songs for 2015-08-15... ✓ (30 songs)
  📥 Scraping jazz-songs for 2015-08-22... ✓ (30 songs)
  📥 Scraping jazz-songs for 2015-08-29... ✓ (30 songs)
  📥 Scraping jazz-songs for 2015-09-05... ✓ (30 songs)
  📥 Scraping jazz-songs for 2015-09-12... ✓ (30 songs)
  📥 Scraping jazz-songs for 2015-09-19... ✓ (30 songs)
  📥 Scraping jazz-songs for 2015-09-26... ✓ (30 songs)
  📥 Scraping jazz-songs for 2015-10-03... ✓ (30 songs)
  📥 Scraping jazz-songs for 2015-10-10... ✓ (30 songs)
  📥 Scraping jazz-songs for 2015-10-17... ✓ (30 songs)
  📥 Scraping jazz-songs for 2015-10-24... ✓ (30 songs)
  📥 Scraping jazz-songs for 2015-10-31... ✓ (30 songs)
  📥 Scraping jazz-songs for 2015-11-07... ✓ (30 songs)
  jazz-songs: 525/1088 fetched, 1 failed, 0 clamped
  📥 Scraping jazz-songs for 2015-11-14... ✓ (30 songs)
  📥 Scraping jazz-songs for 2015-11-21... ✓ (30 songs)
  📥 Scraping jazz-songs for 2015-11-28... ✓ (30 songs)
  📥 Scraping jazz-songs for 2015-12-05... ✓ (30 songs)
  📥 Scraping jazz-songs for 2015-12-12... ✓ (30 songs)
  📥 Scraping jazz-songs for 2015-12-19... ✓ (30 songs)
  📥 Scraping jazz-songs for 2015-12-26... ✓ (30 songs)
  📥 Scraping jazz-songs for 2016-01-02... ✓ (30 songs)
  📥 Scraping jazz-songs for 2016-01-09... ✓ (30 songs)
  📥 Scraping jazz-songs for 2016-01-16... ✓ (30 songs)
  📥 Scraping jazz-songs for 2016-01-23... ✓ (30 songs)
  📥 Scraping jazz-songs for 2016-01-30... ✓ (30 songs)
  📥 Scraping jazz-songs for 2016-02-06... ✓ (30 songs)
  📥 Scraping jazz-songs for 2016-02-13... ✓ (30 songs)
  📥 Scraping jazz-songs for 2016-02-20... ✓ (30 songs)
  📥 Scraping jazz-songs for 2016-02-27... ✓ (30 songs)
  📥 Scraping jazz-songs for 2016-03-05... ✓ (30 songs)
  📥 Scraping jazz-songs for 2016-03-12... ✓ (30 songs)
  📥 Scraping jazz-songs for 2016-03-19... ✓ (30 songs)
  📥 Scraping jazz-songs for 2016-03-26... ✓ (30 songs)
  📥 Scraping jazz-songs for 2016-04-02... ✓ (30 songs)
  📥 Scraping jazz-songs for 2016-04-09... ✓ (30 songs)
  📥 Scraping jazz-songs for 2016-04-16... ✓ (30 songs)
  📥 Scraping jazz-songs for 2016-04-23... ✓ (30 songs)
  📥 Scraping jazz-songs for 2016-04-30... ✓ (30 songs)
  jazz-songs: 550/1088 fetched, 1 failed, 0 clamped
  📥 Scraping jazz-songs for 2016-05-07... ✓ (30 songs)
  📥 Scraping jazz-songs for 2016-05-14... ✓ (30 songs)
  📥 Scraping jazz-songs for 2016-05-21... ✓ (30 songs)
  📥 Scraping jazz-songs for 2016-05-28... ✓ (30 songs)
  📥 Scraping jazz-songs for 2016-06-04... ✓ (30 songs)
  📥 Scraping jazz-songs for 2016-06-11... ✓ (30 songs)
  📥 Scraping jazz-songs for 2016-06-18... ✓ (30 songs)
  📥 Scraping jazz-songs for 2016-06-25... ✓ (30 songs)
  📥 Scraping jazz-songs for 2016-07-02... ✓ (30 songs)
  📥 Scraping jazz-songs for 2016-07-09... ✓ (30 songs)
  📥 Scraping jazz-songs for 2016-07-16... ✓ (30 songs)
  📥 Scraping jazz-songs for 2016-07-23... ✓ (30 songs)
  📥 Scraping jazz-songs for 2016-07-30... ✓ (30 songs)
  📥 Scraping jazz-songs for 2016-08-06... ✓ (30 songs)
  📥 Scraping jazz-songs for 2016-08-13... ✓ (30 songs)
  📥 Scraping jazz-songs for 2016-08-20... ✓ (30 songs)
  📥 Scraping jazz-songs for 2016-08-27... ✓ (30 songs)
  📥 Scraping jazz-songs for 2016-09-03... ✓ (30 songs)
  📥 Scraping jazz-songs for 2016-09-10... ✓ (30 songs)
  📥 Scraping jazz-songs for 2016-09-17... ✓ (30 songs)
  📥 Scraping jazz-songs for 2016-09-24... ✓ (30 songs)
  📥 Scraping jazz-songs for 2016-10-01... ✓ (30 songs)
  📥 Scraping jazz-songs for 2016-10-08... ✓ (30 songs)
  📥 Scraping jazz-songs for 2016-10-15... ✓ (30 songs)
  📥 Scraping jazz-songs for 2016-10-22... ✓ (30 songs)
  jazz-songs: 575/1088 fetched, 1 failed, 0 clamped
  📥 Scraping jazz-songs for 2016-10-29... ✓ (30 songs)
  📥 Scraping jazz-songs for 2016-11-05... ✓ (30 songs)
  📥 Scraping jazz-songs for 2016-11-12... ✓ (30 songs)
  📥 Scraping jazz-songs for 2016-11-19... ✓ (30 songs)
  📥 Scraping jazz-songs for 2016-11-26... ✓ (30 songs)
  📥 Scraping jazz-songs for 2016-12-03... ✓ (30 songs)
  📥 Scraping jazz-songs for 2016-12-10... ✓ (30 songs)
  📥 Scraping jazz-songs for 2016-12-17... ✓ (30 songs)
  📥 Scraping jazz-songs for 2016-12-24... ✓ (30 songs)
  📥 Scraping jazz-songs for 2016-12-31... ✓ (30 songs)
  📥 Scraping jazz-songs for 2017-01-07... ✓ (30 songs)
  📥 Scraping jazz-songs for 2017-01-14... ✓ (30 songs)
  📥 Scraping jazz-songs for 2017-01-21... ✓ (30 songs)
  📥 Scraping jazz-songs for 2017-01-28... ✓ (30 songs)
  📥 Scraping jazz-songs for 2017-02-04... ✓ (30 songs)
  📥 Scraping jazz-songs for 2017-02-11... ✓ (30 songs)
  📥 Scraping jazz-songs for 2017-02-18... ✓ (30 songs)
  📥 Scraping jazz-songs for 2017-02-25... ✓ (30 songs)
  📥 Scraping jazz-songs for 2017-03-04... ✓ (30 songs)
  📥 Scraping jazz-songs for 2017-03-11... ✓ (30 songs)
  📥 Scraping jazz-songs for 2017-03-18... ✓ (30 songs)
  📥 Scraping jazz-songs for 2017-03-25... ✓ (30 songs)
  📥 Scraping jazz-songs for 2017-04-01... ✓ (30 songs)
  📥 Scraping jazz-songs for 2017-04-08... ✓ (30 songs)
  📥 Scraping jazz-songs for 2017-04-15... ✓ (30 songs)
  jazz-songs: 600/1088 fetched, 1 failed, 0 clamped
  📥 Scraping jazz-songs for 2017-04-22... ✓ (30 songs)
  📥 Scraping jazz-songs for 2017-04-29... ✓ (30 songs)
  📥 Scraping jazz-songs for 2017-05-06... ✓ (30 songs)
  📥 Scraping jazz-songs for 2017-05-13... ✓ (30 songs)
  📥 Scraping jazz-songs for 2017-05-20... ✓ (30 songs)
  📥 Scraping jazz-songs for 2017-05-27... ✓ (30 songs)
  📥 Scraping jazz-songs for 2017-06-03... ✓ (30 songs)
  📥 Scraping jazz-songs for 2017-06-10... ✓ (30 songs)
  📥 Scraping jazz-songs for 2017-06-17... ✓ (30 songs)
  📥 Scraping jazz-songs for 2017-06-24... ✓ (30 songs)
  📥 Scraping jazz-songs for 2017-07-01... ✓ (30 songs)
  📥 Scraping jazz-songs for 2017-07-08... ✓ (30 songs)
  📥 Scraping jazz-songs for 2017-07-15... ✓ (30 songs)
  📥 Scraping jazz-songs for 2017-07-22... ✓ (30 songs)
  📥 Scraping jazz-songs for 2017-07-29... ✓ (30 songs)
  📥 Scraping jazz-songs for 2017-08-05... ✓ (30 songs)
  📥 Scraping jazz-songs for 2017-08-12... ✓ (30 songs)
  📥 Scraping jazz-songs for 2017-08-19... ✓ (30 songs)
  📥 Scraping jazz-songs for 2017-08-26... ✓ (30 songs)
  📥 Scraping jazz-songs for 2017-09-02... ✓ (30 songs)
  📥 Scraping jazz-songs for 2017-09-09... ✓ (30 songs)
  📥 Scraping jazz-songs for 2017-09-16... ✓ (30 songs)
  📥 Scraping jazz-songs for 2017-09-23... ✓ (30 songs)
  📥 Scraping jazz-songs for 2017-09-30... ✓ (30 songs)
  📥 Scraping jazz-songs for 2017-10-07... ✓ (30 songs)
  jazz-songs: 625/1088 fetched, 1 failed, 0 clamped
  📥 Scraping jazz-songs for 2017-10-14... ✓ (30 songs)
  📥 Scraping jazz-songs for 2017-10-21... ✓ (30 songs)
  📥 Scraping jazz-songs for 2017-10-28... ✓ (30 songs)
  📥 Scraping jazz-songs for 2017-11-04... ✓ (30 songs)
  📥 Scraping jazz-songs for 2017-11-11... ✓ (30 songs)
  📥 Scraping jazz-songs for 2017-11-18... ✓ (30 songs)
  📥 Scraping jazz-songs for 2017-11-25... ✓ (30 songs)
  📥 Scraping jazz-songs for 2017-12-02... ✓ (30 songs)
  📥 Scraping jazz-songs for 2017-12-09... ✓ (30 songs)
  📥 Scraping jazz-songs for 2017-12-16... ✓ (30 songs)
  📥 Scraping jazz-songs for 2017-12-23... ✓ (30 songs)
  📥 Scraping jazz-songs for 2017-12-30... ✓ (30 songs)
  📥 Scraping jazz-songs for 2018-01-06... ✓ (30 songs)
  📥 Scraping jazz-songs for 2018-01-13... ✓ (30 songs)
  📥 Scraping jazz-songs for 2018-01-20... ✓ (30 songs)
  📥 Scraping jazz-songs for 2018-01-27... ✓ (30 songs)
  📥 Scraping jazz-songs for 2018-02-03... ✓ (30 songs)
  📥 Scraping jazz-songs for 2018-02-10... ✓ (30 songs)
  📥 Scraping jazz-songs for 2018-02-17... ✓ (30 songs)
  📥 Scraping jazz-songs for 2018-02-24... ✓ (30 songs)
  📥 Scraping jazz-songs for 2018-03-03... ✓ (30 songs)
  📥 Scraping jazz-songs for 2018-03-10... ✓ (30 songs)
  📥 Scraping jazz-songs for 2018-03-17... ✓ (30 songs)
  📥 Scraping jazz-songs for 2018-03-24... ✓ (30 songs)
  📥 Scraping jazz-songs for 2018-03-31... ✓ (30 songs)
  jazz-songs: 650/1088 fetched, 1 failed, 0 clamped
  📥 Scraping jazz-songs for 2018-04-07... ✓ (30 songs)
  📥 Scraping jazz-songs for 2018-04-14... ✓ (30 songs)
  📥 Scraping jazz-songs for 2018-04-21... ✓ (30 songs)
  📥 Scraping jazz-songs for 2018-04-28... ✓ (30 songs)
  📥 Scraping jazz-songs for 2018-05-05... ✓ (30 songs)
  📥 Scraping jazz-songs for 2018-05-12... ✓ (30 songs)
  📥 Scraping jazz-songs for 2018-05-19... ✓ (30 songs)
  📥 Scraping jazz-songs for 2018-05-26... ✓ (30 songs)
  📥 Scraping jazz-songs for 2018-06-02... ✓ (30 songs)
  📥 Scraping jazz-songs for 2018-06-09... ✓ (30 songs)
  📥 Scraping jazz-songs for 2018-06-16... ✓ (30 songs)
  📥 Scraping jazz-songs for 2018-06-23... ✓ (30 songs)
  📥 Scraping jazz-songs for 2018-06-30... ✓ (30 songs)
  📥 Scraping jazz-songs for 2018-07-07... ✓ (30 songs)
  📥 Scraping jazz-songs for 2018-07-14... ✓ (30 songs)
  📥 Scraping jazz-songs for 2018-07-21... ✓ (30 songs)
  📥 Scraping jazz-songs for 2018-07-28... ✓ (30 songs)
  📥 Scraping jazz-songs for 2018-08-04... ✓ (30 songs)
  📥 Scraping jazz-songs for 2018-08-11... ✓ (30 songs)
  📥 Scraping jazz-songs for 2018-08-18... ✓ (30 songs)
  📥 Scraping jazz-songs for 2018-08-25... ✓ (30 songs)
  📥 Scraping jazz-songs for 2018-09-01... ✓ (30 songs)
  📥 Scraping jazz-songs for 2018-09-08... ✓ (30 songs)
  📥 Scraping jazz-songs for 2018-09-15... ✓ (30 songs)
  📥 Scraping jazz-songs for 2018-09-22... ✓ (30 songs)
  jazz-songs: 675/1088 fetched, 1 failed, 0 clamped
  📥 Scraping jazz-songs for 2018-09-29... ✓ (30 songs)
  📥 Scraping jazz-songs for 2018-10-06... ✓ (30 songs)
  📥 Scraping jazz-songs for 2018-10-13... ✓ (30 songs)
  📥 Scraping jazz-songs for 2018-10-20... ✓ (30 songs)
  📥 Scraping jazz-songs for 2018-10-27... ✓ (30 songs)
  📥 Scraping jazz-songs for 2018-11-03... ✓ (30 songs)
  📥 Scraping jazz-songs for 2018-11-10... ✓ (30 songs)
  📥 Scraping jazz-songs for 2018-11-17... ✓ (30 songs)
  📥 Scraping jazz-songs for 2018-11-24... ✓ (30 songs)
  📥 Scraping jazz-songs for 2018-12-01... ✓ (30 songs)
  📥 Scraping jazz-songs for 2018-12-08... ✓ (30 songs)
  📥 Scraping jazz-songs for 2018-12-15... ✓ (30 songs)
  📥 Scraping jazz-songs for 2018-12-22... ✓ (30 songs)
  📥 Scraping jazz-songs for 2018-12-29... ✓ (30 songs)
  📥 Scraping jazz-songs for 2019-01-05... ✓ (30 songs)
  📥 Scraping jazz-songs for 2019-01-12... ✓ (30 songs)
  📥 Scraping jazz-songs for 2019-01-19... ✓ (30 songs)
  📥 Scraping jazz-songs for 2019-01-26... ✓ (30 songs)
  📥 Scraping jazz-songs for 2019-02-02... ✓ (30 songs)
  📥 Scraping jazz-songs for 2019-02-09... ✓ (30 songs)
  📥 Scraping jazz-songs for 2019-02-16... ✓ (30 songs)
  📥 Scraping jazz-songs for 2019-02-23... ✓ (30 songs)
  📥 Scraping jazz-songs for 2019-03-02... ✓ (30 songs)
  📥 Scraping jazz-songs for 2019-03-09... ✓ (30 songs)
  📥 Scraping jazz-songs for 2019-03-16... ✓ (30 songs)
  jazz-songs: 700/1088 fetched, 1 failed, 0 clamped
  📥 Scraping jazz-songs for 2019-03-23... ✓ (30 songs)
  📥 Scraping jazz-songs for 2019-03-30... ✓ (30 songs)
  📥 Scraping jazz-songs for 2019-04-06... ✓ (30 songs)
  📥 Scraping jazz-songs for 2019-04-13... ✓ (30 songs)
  📥 Scraping jazz-songs for 2019-04-20... ✓ (30 songs)
  📥 Scraping jazz-songs for 2019-04-27... ✓ (30 songs)
  📥 Scraping jazz-songs for 2019-05-04... ✓ (30 songs)
  📥 Scraping jazz-songs for 2019-05-11... ✓ (30 songs)
  📥 Scraping jazz-songs for 2019-05-18... ✓ (30 songs)
  📥 Scraping jazz-songs for 2019-05-25... ✓ (30 songs)
  📥 Scraping jazz-songs for 2019-06-01... ✓ (30 songs)
  📥 Scraping jazz-songs for 2019-06-08... ✓ (30 songs)
  📥 Scraping jazz-songs for 2019-06-15... ✓ (30 songs)
  📥 Scraping jazz-songs for 2019-06-22... ✓ (30 songs)
  📥 Scraping jazz-songs for 2019-06-29... ✓ (30 songs)
  📥 Scraping jazz-songs for 2019-07-06... ✓ (30 songs)
  📥 Scraping jazz-songs for 2019-07-13... ✓ (30 songs)
  📥 Scraping jazz-songs for 2019-07-20... ✓ (30 songs)
  📥 Scraping jazz-songs for 2019-07-27... ✓ (30 songs)
  📥 Scraping jazz-songs for 2019-08-03... ✓ (30 songs)
  📥 Scraping jazz-songs for 2019-08-10... ✓ (30 songs)
  📥 Scraping jazz-songs for 2019-08-17... ✓ (30 songs)
  📥 Scraping jazz-songs for 2019-08-24... ✓ (30 songs)
  📥 Scraping jazz-songs for 2019-08-31... ✓ (30 songs)
  📥 Scraping jazz-songs for 2019-09-07... ✓ (30 songs)
  jazz-songs: 725/1088 fetched, 1 failed, 0 clamped
  📥 Scraping jazz-songs for 2019-09-14... ✓ (30 songs)
  📥 Scraping jazz-songs for 2019-09-21... ✓ (30 songs)
  📥 Scraping jazz-songs for 2019-09-28... ✓ (30 songs)
  📥 Scraping jazz-songs for 2019-10-05... ✓ (30 songs)
  📥 Scraping jazz-songs for 2019-10-12... ✓ (30 songs)
  📥 Scraping jazz-songs for 2019-10-19... ✓ (30 songs)
  📥 Scraping jazz-songs for 2019-10-26... ✓ (30 songs)
  📥 Scraping jazz-songs for 2019-11-02... ✓ (30 songs)
  📥 Scraping jazz-songs for 2019-11-09... ✓ (30 songs)
  📥 Scraping jazz-songs for 2019-11-16... ✓ (30 songs)
  📥 Scraping jazz-songs for 2019-11-23... ✓ (30 songs)
  📥 Scraping jazz-songs for 2019-11-30... ✓ (30 songs)
  📥 Scraping jazz-songs for 2019-12-07... ✓ (30 songs)
  📥 Scraping jazz-songs for 2019-12-14... ✓ (30 songs)
  📥 Scraping jazz-songs for 2019-12-21... ✓ (30 songs)
  📥 Scraping jazz-songs for 2019-12-28... ✓ (30 songs)
  📥 Scraping jazz-songs for 2020-01-04... ✓ (30 songs)
  📥 Scraping jazz-songs for 2020-01-11... ✓ (30 songs)
  📥 Scraping jazz-songs for 2020-01-18... ✓ (30 songs)
  📥 Scraping jazz-songs for 2020-01-25... ✓ (30 songs)
  📥 Scraping jazz-songs for 2020-02-01... ✓ (30 songs)
  📥 Scraping jazz-songs for 2020-02-08... ✓ (30 songs)
  📥 Scraping jazz-songs for 2020-02-15... ✓ (30 songs)
  📥 Scraping jazz-songs for 2020-02-22... ✓ (30 songs)
  📥 Scraping jazz-songs for 2020-02-29... ✓ (30 songs)
  jazz-songs: 750/1088 fetched, 1 failed, 0 clamped
  📥 Scraping jazz-songs for 2020-03-07... ✓ (30 songs)
  📥 Scraping jazz-songs for 2020-03-14... ✓ (30 songs)
  📥 Scraping jazz-songs for 2020-03-21... ✓ (30 songs)
  📥 Scraping jazz-songs for 2020-03-28... ✓ (30 songs)
  📥 Scraping jazz-songs for 2020-04-04... ✓ (30 songs)
  📥 Scraping jazz-songs for 2020-04-11... ✓ (30 songs)
  📥 Scraping jazz-songs for 2020-04-18... ✓ (30 songs)
  📥 Scraping jazz-songs for 2020-04-25... ✓ (30 songs)
  📥 Scraping jazz-songs for 2020-05-02... ✓ (30 songs)
  📥 Scraping jazz-songs for 2020-05-09... ✓ (30 songs)
  📥 Scraping jazz-songs for 2020-05-16... ✓ (30 songs)
  📥 Scraping jazz-songs for 2020-05-23... ✓ (30 songs)
  📥 Scraping jazz-songs for 2020-05-30... ✓ (30 songs)
  📥 Scraping jazz-songs for 2020-06-06... ✓ (30 songs)
  📥 Scraping jazz-songs for 2020-06-13... ✓ (30 songs)
  📥 Scraping jazz-songs for 2020-06-20... ✓ (30 songs)
  📥 Scraping jazz-songs for 2020-06-27... ✓ (30 songs)
  📥 Scraping jazz-songs for 2020-07-04... ✓ (30 songs)
  📥 Scraping jazz-songs for 2020-07-11... ✓ (30 songs)
  📥 Scraping jazz-songs for 2020-07-18... ✓ (30 songs)
  📥 Scraping jazz-songs for 2020-07-25... ✓ (30 songs)
  📥 Scraping jazz-songs for 2020-08-01... ✓ (30 songs)
  📥 Scraping jazz-songs for 2020-08-08... ✓ (30 songs)
  📥 Scraping jazz-songs for 2020-08-15... ✓ (30 songs)
  📥 Scraping jazz-songs for 2020-08-22... ✓ (30 songs)
  jazz-songs: 775/1088 fetched, 1 failed, 0 clamped
  📥 Scraping jazz-songs for 2020-08-29... ✓ (30 songs)
  📥 Scraping jazz-songs for 2020-09-05... ✓ (30 songs)
  📥 Scraping jazz-songs for 2020-09-12... ✓ (30 songs)
  📥 Scraping jazz-songs for 2020-09-19... ✓ (30 songs)
  📥 Scraping jazz-songs for 2020-09-26... ✓ (30 songs)
  📥 Scraping jazz-songs for 2020-10-03... ✓ (30 songs)
  📥 Scraping jazz-songs for 2020-10-10... ✓ (30 songs)
  📥 Scraping jazz-songs for 2020-10-17... ✓ (30 songs)
  📥 Scraping jazz-songs for 2020-10-24... ✓ (30 songs)
  📥 Scraping jazz-songs for 2020-10-31... ✓ (30 songs)
  📥 Scraping jazz-songs for 2020-11-07... ✓ (30 songs)
  📥 Scraping jazz-songs for 2020-11-14... ✓ (30 songs)
  📥 Scraping jazz-songs for 2020-11-21... ✓ (30 songs)
  📥 Scraping jazz-songs for 2020-11-28... ✓ (30 songs)
  📥 Scraping jazz-songs for 2020-12-05... ✓ (30 songs)
  📥 Scraping jazz-songs for 2020-12-12... ✓ (30 songs)
  📥 Scraping jazz-songs for 2020-12-19... ✓ (30 songs)
  📥 Scraping jazz-songs for 2020-12-26... ✓ (30 songs)
  📥 Scraping jazz-songs for 2021-01-02... ✓ (30 songs)
  📥 Scraping jazz-songs for 2021-01-09... ✓ (30 songs)
  📥 Scraping jazz-songs for 2021-01-16... ✓ (30 songs)
  📥 Scraping jazz-songs for 2021-01-23... ✓ (30 songs)
  📥 Scraping jazz-songs for 2021-01-30... ✓ (30 songs)
  📥 Scraping jazz-songs for 2021-02-06... ✓ (30 songs)
  📥 Scraping jazz-songs for 2021-02-13... ✓ (30 songs)
  jazz-songs: 800/1088 fetched, 1 failed, 0 clamped
  📥 Scraping jazz-songs for 2021-02-20... ✓ (30 songs)
  📥 Scraping jazz-songs for 2021-02-27... ✓ (30 songs)
  📥 Scraping jazz-songs for 2021-03-06... ✓ (30 songs)
  📥 Scraping jazz-songs for 2021-03-13... ✓ (30 songs)
  📥 Scraping jazz-songs for 2021-03-20... ✓ (30 songs)
  📥 Scraping jazz-songs for 2021-03-27... ✓ (30 songs)
  📥 Scraping jazz-songs for 2021-04-03... ✓ (30 songs)
  📥 Scraping jazz-songs for 2021-04-10... ✓ (30 songs)
  📥 Scraping jazz-songs for 2021-04-17... ✓ (30 songs)
  📥 Scraping jazz-songs for 2021-04-24... ✓ (30 songs)
  📥 Scraping jazz-songs for 2021-05-01... ✓ (30 songs)
  📥 Scraping jazz-songs for 2021-05-08... ✓ (30 songs)
  📥 Scraping jazz-songs for 2021-05-15... ✓ (30 songs)
  📥 Scraping jazz-songs for 2021-05-22... ✓ (30 songs)
  📥 Scraping jazz-songs for 2021-05-29... ✓ (30 songs)
  📥 Scraping jazz-songs for 2021-06-05... ✓ (30 songs)
  📥 Scraping jazz-songs for 2021-06-12... ✓ (30 songs)
  📥 Scraping jazz-songs for 2021-06-19... ✓ (30 songs)
  📥 Scraping jazz-songs for 2021-06-26... ✓ (30 songs)
  📥 Scraping jazz-songs for 2021-07-03... ✓ (30 songs)
  📥 Scraping jazz-songs for 2021-07-10... ✓ (30 songs)
  📥 Scraping jazz-songs for 2021-07-17... ✓ (30 songs)
  📥 Scraping jazz-songs for 2021-07-24... ✓ (30 songs)
  📥 Scraping jazz-songs for 2021-07-31... ✓ (30 songs)
  📥 Scraping jazz-songs for 2021-08-07... ✓ (30 songs)
  jazz-songs: 825/1088 fetched, 1 failed, 0 clamped
  📥 Scraping jazz-songs for 2021-08-14... ✓ (30 songs)
  📥 Scraping jazz-songs for 2021-08-21... ✓ (30 songs)
  📥 Scraping jazz-songs for 2021-08-28... ✓ (30 songs)
  📥 Scraping jazz-songs for 2021-09-04... ✓ (30 songs)
  📥 Scraping jazz-songs for 2021-09-11... ✓ (30 songs)
  📥 Scraping jazz-songs for 2021-09-18... ✓ (30 songs)
  📥 Scraping jazz-songs for 2021-09-25... ✓ (30 songs)
  📥 Scraping jazz-songs for 2021-10-02... ✓ (30 songs)
  📥 Scraping jazz-songs for 2021-10-09... ✓ (30 songs)
  📥 Scraping jazz-songs for 2021-10-16... ✓ (30 songs)
  📥 Scraping jazz-songs for 2021-10-23... ✓ (30 songs)
  📥 Scraping jazz-songs for 2021-10-30... ✓ (30 songs)
  📥 Scraping jazz-songs for 2021-11-06... ✓ (30 songs)
  📥 Scraping jazz-songs for 2021-11-13... ✓ (30 songs)
  📥 Scraping jazz-songs for 2021-11-20... ✓ (30 songs)
  📥 Scraping jazz-songs for 2021-11-27... ✓ (30 songs)
  📥 Scraping jazz-songs for 2021-12-04... ✓ (30 songs)
  📥 Scraping jazz-songs for 2021-12-11... ✓ (30 songs)
  📥 Scraping jazz-songs for 2021-12-18... ✓ (30 songs)
  📥 Scraping jazz-songs for 2021-12-25... ✓ (30 songs)
  📥 Scraping jazz-songs for 2022-01-01... ✓ (30 songs)
  📥 Scraping jazz-songs for 2022-01-08... ✓ (30 songs)
  📥 Scraping jazz-songs for 2022-01-15... ✓ (30 songs)
  📥 Scraping jazz-songs for 2022-01-22... ✓ (30 songs)
  📥 Scraping jazz-songs for 2022-01-29... ✓ (30 songs)
  jazz-songs: 850/1088 fetched, 1 failed, 0 clamped
  📥 Scraping jazz-songs for 2022-02-05... ✓ (30 songs)
  📥 Scraping jazz-songs for 2022-02-12... ✓ (30 songs)
  📥 Scraping jazz-songs for 2022-02-19... ✓ (30 songs)
  📥 Scraping jazz-songs for 2022-02-26... ✓ (30 songs)
  📥 Scraping jazz-songs for 2022-03-05... ✓ (30 songs)
  📥 Scraping jazz-songs for 2022-03-12... ✓ (30 songs)
  📥 Scraping jazz-songs for 2022-03-19... ✓ (30 songs)
  📥 Scraping jazz-songs for 2022-03-26... ✓ (30 songs)
  📥 Scraping jazz-songs for 2022-04-02... ✓ (30 songs)
  📥 Scraping jazz-songs for 2022-04-09... ✓ (30 songs)
  📥 Scraping jazz-songs for 2022-04-16... ✓ (30 songs)
  📥 Scraping jazz-songs for 2022-04-23... ✓ (30 songs)
  📥 Scraping jazz-songs for 2022-04-30... ✓ (30 songs)
  📥 Scraping jazz-songs for 2022-05-07... ✓ (30 songs)
  📥 Scraping jazz-songs for 2022-05-14... ✓ (30 songs)
  📥 Scraping jazz-songs for 2022-05-21... ✓ (30 songs)
  📥 Scraping jazz-songs for 2022-05-28... ✓ (30 songs)
  📥 Scraping jazz-songs for 2022-06-04... ✓ (30 songs)
  📥 Scraping jazz-songs for 2022-06-11... ✓ (30 songs)
  📥 Scraping jazz-songs for 2022-06-18... ✓ (30 songs)
  📥 Scraping jazz-songs for 2022-06-25... ✓ (30 songs)
  📥 Scraping jazz-songs for 2022-07-02... ✓ (30 songs)
  📥 Scraping jazz-songs for 2022-07-09... ✓ (30 songs)
  📥 Scraping jazz-songs for 2022-07-16... ✓ (30 songs)
  📥 Scraping jazz-songs for 2022-07-23... ✓ (30 songs)
  jazz-songs: 875/1088 fetched, 1 failed, 0 clamped
  📥 Scraping jazz-songs for 2022-07-30... ✓ (30 songs)
  📥 Scraping jazz-songs for 2022-08-06... ✓ (30 songs)
  📥 Scraping jazz-songs for 2022-08-13... ✓ (30 songs)
  📥 Scraping jazz-songs for 2022-08-20... ✓ (30 songs)
  📥 Scraping jazz-songs for 2022-08-27... ✓ (30 songs)
  📥 Scraping jazz-songs for 2022-09-03... ✓ (30 songs)
  📥 Scraping jazz-songs for 2022-09-10... ✓ (30 songs)
  📥 Scraping jazz-songs for 2022-09-17... ✓ (30 songs)
  📥 Scraping jazz-songs for 2022-09-24... ✓ (30 songs)
  📥 Scraping jazz-songs for 2022-10-01... ✓ (30 songs)
  📥 Scraping jazz-songs for 2022-10-08... ✓ (30 songs)
  📥 Scraping jazz-songs for 2022-10-15... ✓ (30 songs)
  📥 Scraping jazz-songs for 2022-10-22... ✓ (30 songs)
  📥 Scraping jazz-songs for 2022-10-29... ✓ (30 songs)
  📥 Scraping jazz-songs for 2022-11-05... ✓ (30 songs)
  📥 Scraping jazz-songs for 2022-11-12... ✓ (30 songs)
  📥 Scraping jazz-songs for 2022-11-19... ✓ (30 songs)
  📥 Scraping jazz-songs for 2022-11-26... ✓ (30 songs)
  📥 Scraping jazz-songs for 2022-12-03... ✓ (30 songs)
  📥 Scraping jazz-songs for 2022-12-10... ✓ (30 songs)
  📥 Scraping jazz-songs for 2022-12-17... ✓ (30 songs)
  📥 Scraping jazz-songs for 2022-12-24... ✓ (30 songs)
  📥 Scraping jazz-songs for 2022-12-31... ✓ (30 songs)
  📥 Scraping jazz-songs for 2023-01-07... ✓ (30 songs)
  📥 Scraping jazz-songs for 2023-01-14... ✓ (30 songs)
  jazz-songs: 900/1088 fetched, 1 failed, 0 clamped
  📥 Scraping jazz-songs for 2023-01-21... ✓ (30 songs)
  📥 Scraping jazz-songs for 2023-01-28... ✓ (30 songs)
  📥 Scraping jazz-songs for 2023-02-04... ✓ (30 songs)
  📥 Scraping jazz-songs for 2023-02-11... ✓ (30 songs)
  📥 Scraping jazz-songs for 2023-02-18... ✓ (30 songs)
  📥 Scraping jazz-songs for 2023-02-25... ✓ (30 songs)
  📥 Scraping jazz-songs for 2023-03-04... ✓ (30 songs)
  📥 Scraping jazz-songs for 2023-03-11... ✓ (30 songs)
  📥 Scraping jazz-songs for 2023-03-18... ✓ (30 songs)
  📥 Scraping jazz-songs for 2023-03-25... ✓ (30 songs)
  📥 Scraping jazz-songs for 2023-04-01... ✓ (30 songs)
  📥 Scraping jazz-songs for 2023-04-08... ✓ (30 songs)
  📥 Scraping jazz-songs for 2023-04-15... ✓ (30 songs)
  📥 Scraping jazz-songs for 2023-04-22... ✓ (30 songs)
  📥 Scraping jazz-songs for 2023-04-29... ✓ (30 songs)
  📥 Scraping jazz-songs for 2023-05-06... ✓ (30 songs)
  📥 Scraping jazz-songs for 2023-05-13... ✓ (30 songs)
  📥 Scraping jazz-songs for 2023-05-20... ✓ (30 songs)
  📥 Scraping jazz-songs for 2023-05-27... ✓ (30 songs)
  📥 Scraping jazz-songs for 2023-06-03... ✓ (30 songs)
  📥 Scraping jazz-songs for 2023-06-10... ✓ (30 songs)
  📥 Scraping jazz-songs for 2023-06-17... ✓ (30 songs)
  📥 Scraping jazz-songs for 2023-06-24... ✓ (30 songs)
  📥 Scraping jazz-songs for 2023-07-01... ✓ (30 songs)
  📥 Scraping jazz-songs for 2023-07-08... ✓ (30 songs)
  jazz-songs: 925/1088 fetched, 1 failed, 0 clamped
  📥 Scraping jazz-songs for 2023-07-15... ✓ (30 songs)
  📥 Scraping jazz-songs for 2023-07-22... ✓ (30 songs)
  📥 Scraping jazz-songs for 2023-07-29... ✓ (30 songs)
  📥 Scraping jazz-songs for 2023-08-05... ✓ (30 songs)
  📥 Scraping jazz-songs for 2023-08-12... ✓ (30 songs)
  📥 Scraping jazz-songs for 2023-08-19... ✓ (30 songs)
  📥 Scraping jazz-songs for 2023-08-26... ✓ (30 songs)
  📥 Scraping jazz-songs for 2023-09-02... ✓ (30 songs)
  📥 Scraping jazz-songs for 2023-09-09... ✓ (30 songs)
  📥 Scraping jazz-songs for 2023-09-16... ✓ (30 songs)
  📥 Scraping jazz-songs for 2023-09-23... ✓ (30 songs)
  📥 Scraping jazz-songs for 2023-09-30... ✓ (30 songs)
  📥 Scraping jazz-songs for 2023-10-07... ✓ (30 songs)
  📥 Scraping jazz-songs for 2023-10-14... ✓ (30 songs)
  📥 Scraping jazz-songs for 2023-10-21... ✓ (30 songs)
  📥 Scraping jazz-songs for 2023-10-28... ✓ (30 songs)
  📥 Scraping jazz-songs for 2023-11-04... ✓ (30 songs)
  📥 Scraping jazz-songs for 2023-11-11... ✓ (30 songs)
  📥 Scraping jazz-songs for 2023-11-18... ✓ (30 songs)
  📥 Scraping jazz-songs for 2023-11-25... ✓ (30 songs)
  📥 Scraping jazz-songs for 2023-12-02... ✓ (30 songs)
  📥 Scraping jazz-songs for 2023-12-09... ✓ (30 songs)
  📥 Scraping jazz-songs for 2023-12-16... ✓ (30 songs)
  📥 Scraping jazz-songs for 2023-12-23... ✓ (30 songs)
  📥 Scraping jazz-songs for 2023-12-30... ✓ (30 songs)
  jazz-songs: 950/1088 fetched, 1 failed, 0 clamped
  📥 Scraping jazz-songs for 2024-01-06... ✓ (30 songs)
  📥 Scraping jazz-songs for 2024-01-13... ✓ (30 songs)
  📥 Scraping jazz-songs for 2024-01-20... ✓ (30 songs)
  📥 Scraping jazz-songs for 2024-01-27... ✓ (30 songs)
  📥 Scraping jazz-songs for 2024-02-03... ✓ (30 songs)
  📥 Scraping jazz-songs for 2024-02-10... ✓ (30 songs)
  📥 Scraping jazz-songs for 2024-02-17... ✓ (30 songs)
  📥 Scraping jazz-songs for 2024-02-24... ✓ (30 songs)
  📥 Scraping jazz-songs for 2024-03-02... ✓ (30 songs)
  📥 Scraping jazz-songs for 2024-03-09... ✓ (30 songs)
  📥 Scraping jazz-songs for 2024-03-16... ✓ (30 songs)
  📥 Scraping jazz-songs for 2024-03-23... ✓ (30 songs)
  📥 Scraping jazz-songs for 2024-03-30... ✓ (30 songs)
  📥 Scraping jazz-songs for 2024-04-06... ✓ (30 songs)
  📥 Scraping jazz-songs for 2024-04-13... ✓ (30 songs)
  📥 Scraping jazz-songs for 2024-04-20... ✓ (30 songs)
  📥 Scraping jazz-songs for 2024-04-27... ✓ (30 songs)
  📥 Scraping jazz-songs for 2024-05-04... ✓ (30 songs)
  📥 Scraping jazz-songs for 2024-05-11... ✓ (30 songs)
  📥 Scraping jazz-songs for 2024-05-18... ✓ (30 songs)
  📥 Scraping jazz-songs for 2024-05-25... ✓ (30 songs)
  📥 Scraping jazz-songs for 2024-06-01... ✓ (30 songs)
  📥 Scraping jazz-songs for 2024-06-08... ✓ (30 songs)
  📥 Scraping jazz-songs for 2024-06-15... ✓ (30 songs)
  📥 Scraping jazz-songs for 2024-06-22... ✓ (30 songs)
  jazz-songs: 975/1088 fetched, 1 failed, 0 clamped
  📥 Scraping jazz-songs for 2024-06-29... ✓ (30 songs)
  📥 Scraping jazz-songs for 2024-07-06... ✓ (30 songs)
  📥 Scraping jazz-songs for 2024-07-13... ✓ (30 songs)
  📥 Scraping jazz-songs for 2024-07-20... ✓ (30 songs)
  📥 Scraping jazz-songs for 2024-07-27... ✓ (30 songs)
  📥 Scraping jazz-songs for 2024-08-03... ✓ (30 songs)
  📥 Scraping jazz-songs for 2024-08-10... ✓ (30 songs)
  📥 Scraping jazz-songs for 2024-08-17... ✓ (30 songs)
  📥 Scraping jazz-songs for 2024-08-24... ✓ (30 songs)
  📥 Scraping jazz-songs for 2024-08-31... ✓ (30 songs)
  📥 Scraping jazz-songs for 2024-09-07... ✓ (30 songs)
  📥 Scraping jazz-songs for 2024-09-14... ✓ (30 songs)
  📥 Scraping jazz-songs for 2024-09-21... ✗ Network error: HTTPSConnectionPool(host='www.billboard.com', port=443): Read timed out. (read timeout=15)
  📥 Scraping jazz-songs for 2024-09-21... ✓ (30 songs)
  📥 Scraping jazz-songs for 2024-09-28... ✓ (30 songs)
  📥 Scraping jazz-songs for 2024-10-05... ✓ (30 songs)
  📥 Scraping jazz-songs for 2024-10-12... ✓ (30 songs)
  📥 Scraping jazz-songs for 2024-10-19... ✓ (30 songs)
  📥 Scraping jazz-songs for 2024-10-26... ✓ (30 songs)
  📥 Scraping jazz-songs for 2024-11-02... ✓ (30 songs)
  📥 Scraping jazz-songs for 2024-11-09... ✓ (30 songs)
  📥 Scraping jazz-songs for 2024-11-16... ✓ (30 songs)
  📥 Scraping jazz-songs for 2024-11-23... ✓ (30 songs)
  📥 Scraping jazz-songs for 2024-11-30... ✓ (30 songs)
  📥 Scraping jazz-songs for 2024-12-07... ✓ (30 songs)
  📥 Scraping jazz-songs for 2024-12-14... ✓ (30 songs)
  jazz-songs: 1000/1088 fetched, 1 failed, 0 clamped
  📥 Scraping jazz-songs for 2024-12-21... ✓ (30 songs)
  📥 Scraping jazz-songs for 2024-12-28... ✓ (30 songs)
  📥 Scraping jazz-songs for 2025-01-04... ✓ (30 songs)
  📥 Scraping jazz-songs for 2025-01-11... ✓ (30 songs)
  📥 Scraping jazz-songs for 2025-01-18... ✓ (30 songs)
  📥 Scraping jazz-songs for 2025-01-25... ✓ (30 songs)
  📥 Scraping jazz-songs for 2025-02-01... ✓ (30 songs)
  📥 Scraping jazz-songs for 2025-02-08... ✓ (30 songs)
  📥 Scraping jazz-songs for 2025-02-15... ✓ (30 songs)
  📥 Scraping jazz-songs for 2025-02-22... ✓ (30 songs)
  📥 Scraping jazz-songs for 2025-03-01... ✓ (30 songs)
  📥 Scraping jazz-songs for 2025-03-08... ✓ (30 songs)
  📥 Scraping jazz-songs for 2025-03-15... ✓ (30 songs)
  📥 Scraping jazz-songs for 2025-03-22... ✓ (30 songs)
  📥 Scraping jazz-songs for 2025-03-29... ✓ (30 songs)
  📥 Scraping jazz-songs for 2025-04-05... ✓ (30 songs)
  📥 Scraping jazz-songs for 2025-04-12... ✓ (30 songs)
  📥 Scraping jazz-songs for 2025-04-19... ✓ (30 songs)
  📥 Scraping jazz-songs for 2025-04-26... ✓ (30 songs)
  📥 Scraping jazz-songs for 2025-05-03... ✓ (30 songs)
  📥 Scraping jazz-songs for 2025-05-10... ✓ (30 songs)
  📥 Scraping jazz-songs for 2025-05-17... ✓ (30 songs)
  📥 Scraping jazz-songs for 2025-05-24... ✓ (30 songs)
  📥 Scraping jazz-songs for 2025-05-31... ✓ (30 songs)
  📥 Scraping jazz-songs for 2025-06-07... ✓ (30 songs)
  jazz-songs: 1025/1088 fetched, 1 failed, 0 clamped
  📥 Scraping jazz-songs for 2025-06-14... ✓ (30 songs)
  📥 Scraping jazz-songs for 2025-06-21... ✓ (30 songs)
  📥 Scraping jazz-songs for 2025-06-28... ✓ (30 songs)
  📥 Scraping jazz-songs for 2025-07-05... ✓ (30 songs)
  📥 Scraping jazz-songs for 2025-07-12... ✓ (30 songs)
  📥 Scraping jazz-songs for 2025-07-19... ✓ (30 songs)
  📥 Scraping jazz-songs for 2025-07-26... ✓ (30 songs)
  📥 Scraping jazz-songs for 2025-08-02... ✓ (30 songs)
  📥 Scraping jazz-songs for 2025-08-09... ✓ (30 songs)
  📥 Scraping jazz-songs for 2025-08-16... ✓ (30 songs)
  📥 Scraping jazz-songs for 2025-08-23... ✓ (30 songs)
  📥 Scraping jazz-songs for 2025-08-30... ✓ (30 songs)
  📥 Scraping jazz-songs for 2025-09-06... ✓ (30 songs)
  📥 Scraping jazz-songs for 2025-09-13... ✓ (30 songs)
  📥 Scraping jazz-songs for 2025-09-20... ✓ (30 songs)
  📥 Scraping jazz-songs for 2025-09-27... ✓ (30 songs)
  📥 Scraping jazz-songs for 2025-10-04... ✓ (30 songs)
  📥 Scraping jazz-songs for 2025-10-11... ✓ (30 songs)
  📥 Scraping jazz-songs for 2025-10-18... ✓ (30 songs)
  📥 Scraping jazz-songs for 2025-10-25... ✓ (30 songs)
  📥 Scraping jazz-songs for 2025-11-01... ✓ (30 songs)
  📥 Scraping jazz-songs for 2025-11-08... ✓ (30 songs)
  📥 Scraping jazz-songs for 2025-11-15... ✓ (30 songs)
  📥 Scraping jazz-songs for 2025-11-22... ✓ (30 songs)
  📥 Scraping jazz-songs for 2025-11-29... ✓ (30 songs)
  jazz-songs: 1050/1088 fetched, 1 failed, 0 clamped
  📥 Scraping jazz-songs for 2025-12-06... ✓ (30 songs)
  📥 Scraping jazz-songs for 2025-12-13... ✓ (30 songs)
  📥 Scraping jazz-songs for 2025-12-20... ✓ (30 songs)
  📥 Scraping jazz-songs for 2025-12-27... ✓ (30 songs)
  📥 Scraping jazz-songs for 2026-01-03... ✓ (30 songs)
  📥 Scraping jazz-songs for 2026-01-10... ✓ (30 songs)
  📥 Scraping jazz-songs for 2026-01-17... ✓ (30 songs)
  📥 Scraping jazz-songs for 2026-01-24... ✓ (30 songs)
  📥 Scraping jazz-songs for 2026-01-31... ✓ (30 songs)
  📥 Scraping jazz-songs for 2026-02-07... ✓ (30 songs)
  📥 Scraping jazz-songs for 2026-02-14... ✓ (30 songs)
  📥 Scraping jazz-songs for 2026-02-21... ✓ (30 songs)
  📥 Scraping jazz-songs for 2026-02-28... ✓ (30 songs)
  📥 Scraping jazz-songs for 2026-03-07... ✓ (30 songs)
  📥 Scraping jazz-songs for 2026-03-14... ✓ (30 songs)
  📥 Scraping jazz-songs for 2026-03-21... ✓ (30 songs)
  📥 Scraping jazz-songs for 2026-03-28... ✓ (30 songs)
  📥 Scraping jazz-songs for 2026-04-04... ✓ (30 songs)
  📥 Scraping jazz-songs for 2026-04-11... ✓ (30 songs)
  📥 Scraping jazz-songs for 2026-04-18... ✓ (30 songs)
  📥 Scraping jazz-songs for 2026-04-25... ✓ (30 songs)
  📥 Scraping jazz-songs for 2026-05-02... ✓ (30 songs)
  📥 Scraping jazz-songs for 2026-05-09... ✓ (30 songs)
  📥 Scraping jazz-songs for 2026-05-16... ✓ (30 songs)
  📥 Scraping jazz-songs for 2026-05-23... ✓ (30 songs)
  jazz-songs: 1075/1088 fetched, 1 failed, 0 clamped
  📥 Scraping jazz-songs for 2026-05-30... ✓ (30 songs)
  📥 Scraping jazz-songs for 2026-06-06... ✓ (30 songs)
  📥 Scraping jazz-songs for 2026-06-13... ✓ (30 songs)
  📥 Scraping jazz-songs for 2026-06-20... ✓ (30 songs)
  📥 Scraping jazz-songs for 2026-06-27... ✓ (30 songs)
  📥 Scraping jazz-songs for 2026-07-04... ✓ (30 songs)
  📥 Scraping jazz-songs for 2026-07-11... ✓ (30 songs)
  📥 Scraping jazz-songs for 2026-07-18... ✓ (30 songs)
  📥 Scraping jazz-songs for 2026-07-25... ✓ (30 songs)
  📥 Scraping jazz-songs for 2026-08-01... ✓ (30 songs)
  📥 Scraping jazz-songs for 2026-08-08... ✓ (30 songs)
  📥 Scraping jazz-songs for 2026-08-15... ✓ (30 songs)
  📥 Scraping jazz-songs for 2026-08-22... ✗ No chart date on page (redirect or markup change) — skipping
  📥 Scraping jazz-songs for 2026-08-22... ✓ (30 songs)
  jazz-songs: 1088/1088 fetched, 1 failed, 0 clamped
DONE jazz-songs: 1087 weeks, 2005-10-22 -> 2026-08-22, 1 failed, 0 clamped/skipped
  failed weeks (first 20): ['2015-07-04']
